Component: ARM Compiler 5.05 update 2 (build 169) Tool: armlink [4d0f33]

==============================================================================

Section Cross References

    main.o(i.main) refers to init.o(i.All_Init) for All_Init
    main.o(i.main) refers to data_transfer.o(i.Send_ready) for Send_ready
    main.o(i.main) refers to stm32f4xx_gpio.o(i.GPIO_ResetBits) for GPIO_ResetBits
    main.o(i.main) refers to dgp.o(i.get_target2) for get_target2
    main.o(i.main) refers to stm32f4xx_gpio.o(i.GPIO_SetBits) for GPIO_SetBits
    main.o(i.main) refers to ctrl.o(i.front_duty) for front_duty
    main.o(i.main) refers to init.o(.data) for ready_1
    main.o(i.main) refers to ov7670.o(.bss) for jpeg_buf
    main.o(i.main) refers to dgp.o(.data) for jpeg_data_ok
    main.o(i.main) refers to dgp.o(.bss) for front_measure_info
    main.o(i.main) refers to ctrl.o(.data) for ctrl_finish
    stm32f4xx_it.o(i.SysTick_Handler) refers to delay.o(i.TimeTick_Decrement) for TimeTick_Decrement
    stm32f4xx_it.o(i.USART2_IRQHandler) refers to usart.o(i.Usart2_IRQ) for Usart2_IRQ
    ctrl.o(i.front_duty) refers to data_transfer.o(i.Send_Front_Measure) for Send_Front_Measure
    ctrl.o(i.front_duty) refers to dgp.o(.bss) for front_measure_info
    ctrl.o(i.front_duty) refers to init.o(.data) for ready_1
    data_transfer.o(i.Data_Receive_Prepare_1) refers to data_transfer.o(i.Data_Receive_deal) for Data_Receive_deal
    data_transfer.o(i.Data_Receive_Prepare_1) refers to data_transfer.o(.data) for state
    data_transfer.o(i.Data_Receive_Prepare_1) refers to data_transfer.o(.bss) for RxBuffer
    data_transfer.o(i.Data_Receive_Prepare_2) refers to data_transfer.o(i.Data_Receive_deal) for Data_Receive_deal
    data_transfer.o(i.Data_Receive_Prepare_2) refers to data_transfer.o(.data) for state
    data_transfer.o(i.Data_Receive_Prepare_2) refers to data_transfer.o(.bss) for RxBuffer
    data_transfer.o(i.Data_Receive_deal) refers to dgp.o(.bss) for front_measure_info
    data_transfer.o(i.Data_Receive_deal) refers to ctrl.o(.data) for Rc_front
    data_transfer.o(i.Send_Back_Measure) refers to data_transfer.o(i.Send_Data) for Send_Data
    data_transfer.o(i.Send_Back_Measure) refers to data_transfer.o(.bss) for data_to_send
    data_transfer.o(i.Send_Data) refers to usart.o(i.Usart2_Send) for Usart2_Send
    data_transfer.o(i.Send_Data) refers to data_transfer.o(.bss) for data_to_send
    data_transfer.o(i.Send_Front_Measure) refers to data_transfer.o(i.Send_Data) for Send_Data
    data_transfer.o(i.Send_Front_Measure) refers to data_transfer.o(.bss) for data_to_send
    data_transfer.o(i.Send_Rc) refers to data_transfer.o(i.Send_Data) for Send_Data
    data_transfer.o(i.Send_Rc) refers to data_transfer.o(.bss) for data_to_send
    data_transfer.o(i.Send_ready) refers to data_transfer.o(i.Send_Data) for Send_Data
    data_transfer.o(i.Send_ready) refers to data_transfer.o(.bss) for data_to_send
    init.o(i.All_Init) refers to misc.o(i.NVIC_PriorityGroupConfig) for NVIC_PriorityGroupConfig
    init.o(i.All_Init) refers to system_stm32f4xx.o(i.SystemInit) for SystemInit
    init.o(i.All_Init) refers to led.o(i.LED_GPIO_Conf) for LED_GPIO_Conf
    init.o(i.All_Init) refers to delay.o(i.SysTick_Init) for SysTick_Init
    init.o(i.All_Init) refers to usart.o(i.Usart2_Init) for Usart2_Init
    init.o(i.All_Init) refers to usart.o(i.uart_init) for uart_init
    init.o(i.All_Init) refers to timer.o(i.TIM3_Int_Init) for TIM3_Int_Init
    init.o(i.All_Init) refers to ov7670.o(i.OV7670_Init) for OV7670_Init
    init.o(i.All_Init) refers to stm32f4xx_gpio.o(i.GPIO_SetBits) for GPIO_SetBits
    init.o(i.All_Init) refers to delay.o(i.delay_ms) for delay_ms
    init.o(i.All_Init) refers to ov7670.o(i.DCMI_Start) for DCMI_Start
    init.o(i.All_Init) refers to usmart_config.o(.data) for usmart_dev
    dgp.o(i.DCMI_IRQHandler) refers to stm32f4xx_dcmi.o(i.DCMI_GetITStatus) for DCMI_GetITStatus
    dgp.o(i.DCMI_IRQHandler) refers to dgp.o(i.jpeg_data_process) for jpeg_data_process
    dgp.o(i.DCMI_IRQHandler) refers to stm32f4xx_dcmi.o(i.DCMI_ClearITPendingBit) for DCMI_ClearITPendingBit
    dgp.o(i.DCMI_IRQHandler) refers to dgp.o(.data) for ov_frame
    dgp.o(i.get_info) refers to f2d.o(.text) for __aeabi_f2d
    dgp.o(i.get_info) refers to dmul.o(.text) for __aeabi_dmul
    dgp.o(i.get_info) refers to d2f.o(.text) for __aeabi_d2f
    dgp.o(i.get_info) refers to dadd.o(.text) for __aeabi_dadd
    dgp.o(i.jpeg_data_process) refers to stm32f4xx_dma.o(i.DMA_Cmd) for DMA_Cmd
    dgp.o(i.jpeg_data_process) refers to stm32f4xx_dma.o(i.DMA_GetCmdStatus) for DMA_GetCmdStatus
    dgp.o(i.jpeg_data_process) refers to stm32f4xx_dma.o(i.DMA_GetCurrDataCounter) for DMA_GetCurrDataCounter
    dgp.o(i.jpeg_data_process) refers to stm32f4xx_dma.o(i.DMA_SetCurrDataCounter) for DMA_SetCurrDataCounter
    dgp.o(i.jpeg_data_process) refers to dgp.o(.data) for jpeg_data_ok
    dgp.o(i.test) refers to dgp.o(i.get_target2) for get_target2
[...]
    Removing stm32f4xx_gpio.o(i.GPIO_ReadInputData), (8 bytes).
    Removing stm32f4xx_gpio.o(i.GPIO_ReadInputDataBit), (18 bytes).
    Removing stm32f4xx_gpio.o(i.GPIO_ReadOutputData), (8 bytes).
    Removing stm32f4xx_gpio.o(i.GPIO_ReadOutputDataBit), (18 bytes).
    Removing stm32f4xx_gpio.o(i.GPIO_StructInit), (18 bytes).
    Removing stm32f4xx_gpio.o(i.GPIO_ToggleBits), (8 bytes).
    Removing stm32f4xx_gpio.o(i.GPIO_Write), (4 bytes).
    Removing stm32f4xx_gpio.o(i.GPIO_WriteBit), (10 bytes).
    Removing stm32f4xx_usart.o(.emb_text), (8 bytes).
    Removing stm32f4xx_usart.o(i.USART_ClearFlag), (18 bytes).
    Removing stm32f4xx_usart.o(i.USART_ClockStructInit), (12 bytes).
    Removing stm32f4xx_usart.o(i.USART_DMACmd), (18 bytes).
    Removing stm32f4xx_usart.o(i.USART_DeInit), (180 bytes).
    Removing stm32f4xx_usart.o(i.USART_GetFlagStatus), (26 bytes).
    Removing stm32f4xx_usart.o(i.USART_HalfDuplexCmd), (24 bytes).
    Removing stm32f4xx_usart.o(i.USART_IrDACmd), (24 bytes).
    Removing stm32f4xx_usart.o(i.USART_IrDAConfig), (18 bytes).
    Removing stm32f4xx_usart.o(i.USART_LINBreakDetectLengthConfig), (18 bytes).
    Removing stm32f4xx_usart.o(i.USART_LINCmd), (24 bytes).
    Removing stm32f4xx_usart.o(i.USART_OneBitMethodCmd), (24 bytes).
    Removing stm32f4xx_usart.o(i.USART_OverSampling8Cmd), (22 bytes).
    Removing stm32f4xx_usart.o(i.USART_ReceiverWakeUpCmd), (24 bytes).
    Removing stm32f4xx_usart.o(i.USART_SendBreak), (10 bytes).
    Removing stm32f4xx_usart.o(i.USART_SendData), (8 bytes).
    Removing stm32f4xx_usart.o(i.USART_SetAddress), (18 bytes).
    Removing stm32f4xx_usart.o(i.USART_SetGuardTime), (16 bytes).
    Removing stm32f4xx_usart.o(i.USART_SetPrescaler), (16 bytes).
    Removing stm32f4xx_usart.o(i.USART_SmartCardCmd), (24 bytes).
    Removing stm32f4xx_usart.o(i.USART_SmartCardNACKCmd), (24 bytes).
    Removing stm32f4xx_usart.o(i.USART_StructInit), (24 bytes).
    Removing stm32f4xx_usart.o(i.USART_WakeUpConfig), (18 bytes).
    Removing stm32f4xx_rcc.o(.emb_text), (8 bytes).
    Removing stm32f4xx_rcc.o(i.RCC_AHB1PeriphClockLPModeCmd), (32 bytes).
    Removing stm32f4xx_rcc.o(i.RCC_AHB1PeriphResetCmd), (32 bytes).
    Removing stm32f4xx_rcc.o(i.RCC_AHB2PeriphClockLPModeCmd), (32 bytes).
    Removing stm32f4xx_rcc.o(i.RCC_AHB2PeriphResetCmd), (32 bytes).
    Removing stm32f4xx_rcc.o(i.RCC_AHB3PeriphClockCmd), (32 bytes).
    Removing stm32f4xx_rcc.o(i.RCC_AHB3PeriphClockLPModeCmd), (32 bytes).
    Removing stm32f4xx_rcc.o(i.RCC_AHB3PeriphResetCmd), (32 bytes).
    Removing stm32f4xx_rcc.o(i.RCC_APB1PeriphClockLPModeCmd), (32 bytes).
    Removing stm32f4xx_rcc.o(i.RCC_APB1PeriphResetCmd), (32 bytes).
    Removing stm32f4xx_rcc.o(i.RCC_APB2PeriphClockLPModeCmd), (32 bytes).
    Removing stm32f4xx_rcc.o(i.RCC_APB2PeriphResetCmd), (32 bytes).
    Removing stm32f4xx_rcc.o(i.RCC_AdjustHSICalibrationValue), (24 bytes).
    Removing stm32f4xx_rcc.o(i.RCC_BackupResetCmd), (12 bytes).
    Removing stm32f4xx_rcc.o(i.RCC_ClearFlag), (20 bytes).
    Removing stm32f4xx_rcc.o(i.RCC_ClearITPendingBit), (12 bytes).
    Removing stm32f4xx_rcc.o(i.RCC_ClockSecuritySystemCmd), (12 bytes).
    Removing stm32f4xx_rcc.o(i.RCC_DeInit), (72 bytes).
    Removing stm32f4xx_rcc.o(i.RCC_GetFlagStatus), (64 bytes).
    Removing stm32f4xx_rcc.o(i.RCC_GetITStatus), (24 bytes).
    Removing stm32f4xx_rcc.o(i.RCC_GetSYSCLKSource), (16 bytes).
    Removing stm32f4xx_rcc.o(i.RCC_HCLKConfig), (24 bytes).
    Removing stm32f4xx_rcc.o(i.RCC_HSEConfig), (16 bytes).
    Removing stm32f4xx_rcc.o(i.RCC_HSICmd), (12 bytes).
    Removing stm32f4xx_rcc.o(i.RCC_I2SCLKConfig), (12 bytes).
    Removing stm32f4xx_rcc.o(i.RCC_ITConfig), (32 bytes).
    Removing stm32f4xx_rcc.o(i.RCC_LSEConfig), (44 bytes).
    Removing stm32f4xx_rcc.o(i.RCC_LSICmd), (12 bytes).
    Removing stm32f4xx_rcc.o(i.RCC_MCO2Config), (28 bytes).
    Removing stm32f4xx_rcc.o(i.RCC_PCLK1Config), (24 bytes).
    Removing stm32f4xx_rcc.o(i.RCC_PCLK2Config), (24 bytes).
    Removing stm32f4xx_rcc.o(i.RCC_PLLCmd), (12 bytes).
    Removing stm32f4xx_rcc.o(i.RCC_PLLConfig), (36 bytes).
    Removing stm32f4xx_rcc.o(i.RCC_PLLI2SCmd), (12 bytes).
    Removing stm32f4xx_rcc.o(i.RCC_PLLI2SConfig), (16 bytes).
    Removing stm32f4xx_rcc.o(i.RCC_RTCCLKCmd), (12 bytes).
    Removing stm32f4xx_rcc.o(i.RCC_RTCCLKConfig), (60 bytes).
    Removing stm32f4xx_rcc.o(i.RCC_SYSCLKConfig), (24 bytes).
    Removing stm32f4xx_rcc.o(i.RCC_WaitForHSEStartUp), (56 bytes).
    Removing stm32f4xx_spi.o(.emb_text), (8 bytes).
    Removing stm32f4xx_spi.o(i.I2S_Cmd), (24 bytes).
    Removing stm32f4xx_spi.o(i.I2S_FullDuplexConfig), (80 bytes).
    Removing stm32f4xx_spi.o(i.I2S_Init), (360 bytes).
    Removing stm32f4xx_spi.o(i.I2S_StructInit), (20 bytes).
    Removing stm32f4xx_spi.o(i.SPI_BiDirectionalLineConfig), (28 bytes).
    Removing stm32f4xx_spi.o(i.SPI_CalculateCRC), (24 bytes).
    Removing stm32f4xx_spi.o(i.SPI_Cmd), (24 bytes).
    Removing stm32f4xx_spi.o(i.SPI_DataSizeConfig), (18 bytes).
    Removing stm32f4xx_spi.o(i.SPI_GetCRC), (16 bytes).
    Removing stm32f4xx_spi.o(i.SPI_GetCRCPolynomial), (6 bytes).
    Removing stm32f4xx_spi.o(i.SPI_I2S_ClearFlag), (6 bytes).
    Removing stm32f4xx_spi.o(i.SPI_I2S_ClearITPendingBit), (20 bytes).
    Removing stm32f4xx_spi.o(i.SPI_I2S_DMACmd), (18 bytes).
    Removing stm32f4xx_spi.o(i.SPI_I2S_DeInit), (88 bytes).
    Removing stm32f4xx_spi.o(i.SPI_I2S_GetFlagStatus), (18 bytes).
    Removing stm32f4xx_spi.o(i.SPI_I2S_GetITStatus), (52 bytes).
    Removing stm32f4xx_spi.o(i.SPI_I2S_ITConfig), (32 bytes).
    Removing stm32f4xx_spi.o(i.SPI_I2S_ReceiveData), (6 bytes).
    Removing stm32f4xx_spi.o(i.SPI_I2S_SendData), (4 bytes).
    Removing stm32f4xx_spi.o(i.SPI_Init), (60 bytes).
    Removing stm32f4xx_spi.o(i.SPI_NSSInternalSoftwareConfig), (30 bytes).
    Removing stm32f4xx_spi.o(i.SPI_SSOutputCmd), (24 bytes).
    Removing stm32f4xx_spi.o(i.SPI_StructInit), (24 bytes).
    Removing stm32f4xx_spi.o(i.SPI_TIModeCmd), (24 bytes).
    Removing stm32f4xx_spi.o(i.SPI_TransmitCRC), (10 bytes).
    Removing stm32f4xx_tim.o(.emb_text), (8 bytes).
    Removing stm32f4xx_tim.o(i.TI1_Config), (58 bytes).
    Removing stm32f4xx_tim.o(i.TI2_Config), (80 bytes).
    Removing stm32f4xx_tim.o(i.TI3_Config), (72 bytes).
    Removing stm32f4xx_tim.o(i.TI4_Config), (80 bytes).
    Removing stm32f4xx_tim.o(i.TIM_ARRPreloadConfig), (24 bytes).
    Removing stm32f4xx_tim.o(i.TIM_BDTRConfig), (32 bytes).
    Removing stm32f4xx_tim.o(i.TIM_BDTRStructInit), (18 bytes).
    Removing stm32f4xx_tim.o(i.TIM_CCPreloadControl), (24 bytes).
    Removing stm32f4xx_tim.o(i.TIM_CCxCmd), (30 bytes).
    Removing stm32f4xx_tim.o(i.TIM_CCxNCmd), (30 bytes).
    Removing stm32f4xx_tim.o(i.TIM_ClearOC1Ref), (18 bytes).
    Removing stm32f4xx_tim.o(i.TIM_ClearOC2Ref), (24 bytes).
    Removing stm32f4xx_tim.o(i.TIM_ClearOC3Ref), (18 bytes).
    Removing stm32f4xx_tim.o(i.TIM_ClearOC4Ref), (24 bytes).
    Removing stm32f4xx_tim.o(i.TIM_CounterModeConfig), (18 bytes).
    Removing stm32f4xx_tim.o(i.TIM_CtrlPWMOutputs), (30 bytes).
    Removing stm32f4xx_tim.o(i.TIM_DMACmd), (18 bytes).
    Removing stm32f4xx_tim.o(i.TIM_DMAConfig), (10 bytes).
    Removing stm32f4xx_tim.o(i.TIM_DeInit), (400 bytes).
    Removing stm32f4xx_tim.o(i.TIM_ETRClockMode1Config), (54 bytes).
    Removing stm32f4xx_tim.o(i.TIM_ETRClockMode2Config), (32 bytes).
    Removing stm32f4xx_tim.o(i.TIM_ETRConfig), (28 bytes).
    Removing stm32f4xx_tim.o(i.TIM_EncoderInterfaceConfig), (66 bytes).
    Removing stm32f4xx_tim.o(i.TIM_ForcedOC1Config), (18 bytes).
    Removing stm32f4xx_tim.o(i.TIM_ForcedOC2Config), (26 bytes).
    Removing stm32f4xx_tim.o(i.TIM_ForcedOC3Config), (18 bytes).
    Removing stm32f4xx_tim.o(i.TIM_ForcedOC4Config), (26 bytes).
    Removing stm32f4xx_tim.o(i.TIM_GenerateEvent), (4 bytes).
    Removing stm32f4xx_tim.o(i.TIM_GetCapture1), (6 bytes).
    Removing stm32f4xx_tim.o(i.TIM_GetCapture2), (6 bytes).
    Removing stm32f4xx_tim.o(i.TIM_GetCapture3), (6 bytes).
    Removing stm32f4xx_tim.o(i.TIM_GetCapture4), (6 bytes).
    Removing stm32f4xx_tim.o(i.TIM_GetPrescaler), (6 bytes).
    Removing stm32f4xx_tim.o(i.TIM_ICInit), (110 bytes).
    Removing stm32f4xx_tim.o(i.TIM_ICStructInit), (18 bytes).
    Removing stm32f4xx_tim.o(i.TIM_ITRxExternalClockConfig), (24 bytes).
    Removing stm32f4xx_tim.o(i.TIM_InternalClockConfig), (12 bytes).
    Removing stm32f4xx_tim.o(i.TIM_OC1FastConfig), (18 bytes).
    Removing stm32f4xx_tim.o(i.TIM_OC1Init), (124 bytes).
    Removing stm32f4xx_tim.o(i.TIM_OC1NPolarityConfig), (18 bytes).
    Removing stm32f4xx_tim.o(i.TIM_OC1PolarityConfig), (18 bytes).
    Removing stm32f4xx_tim.o(i.TIM_OC1PreloadConfig), (18 bytes).
    Removing stm32f4xx_tim.o(i.TIM_OC2FastConfig), (26 bytes).
    Removing stm32f4xx_tim.o(i.TIM_OC2Init), (164 bytes).
    Removing stm32f4xx_tim.o(i.TIM_OC2NPolarityConfig), (26 bytes).
    Removing stm32f4xx_tim.o(i.TIM_OC2PolarityConfig), (26 bytes).
    Removing stm32f4xx_tim.o(i.TIM_OC2PreloadConfig), (26 bytes).
    Removing stm32f4xx_tim.o(i.TIM_OC3FastConfig), (18 bytes).
    Removing stm32f4xx_tim.o(i.TIM_OC3Init), (160 bytes).
    Removing stm32f4xx_tim.o(i.TIM_OC3NPolarityConfig), (26 bytes).
    Removing stm32f4xx_tim.o(i.TIM_OC3PolarityConfig), (26 bytes).
    Removing stm32f4xx_tim.o(i.TIM_OC3PreloadConfig), (18 bytes).
    Removing stm32f4xx_tim.o(i.TIM_OC4FastConfig), (26 bytes).
    Removing stm32f4xx_tim.o(i.TIM_OC4Init), (120 bytes).
    Removing stm32f4xx_tim.o(i.TIM_OC4PolarityConfig), (26 bytes).
    Removing stm32f4xx_tim.o(i.TIM_OC4PreloadConfig), (26 bytes).
    Removing stm32f4xx_tim.o(i.TIM_OCStructInit), (20 bytes).
    Removing stm32f4xx_tim.o(i.TIM_PWMIConfig), (124 bytes).
    Removing stm32f4xx_tim.o(i.TIM_PrescalerConfig), (6 bytes).
    Removing stm32f4xx_tim.o(i.TIM_RemapConfig), (6 bytes).
    Removing stm32f4xx_tim.o(i.TIM_SelectCCDMA), (24 bytes).
    Removing stm32f4xx_tim.o(i.TIM_SelectCOM), (24 bytes).
    Removing stm32f4xx_tim.o(i.TIM_SelectHallSensor), (24 bytes).
    Removing stm32f4xx_tim.o(i.TIM_SelectInputTrigger), (18 bytes).
    Removing stm32f4xx_tim.o(i.TIM_SelectMasterSlaveMode), (18 bytes).
    Removing stm32f4xx_tim.o(i.TIM_SelectOCxM), (86 bytes).
    Removing stm32f4xx_tim.o(i.TIM_SelectOnePulseMode), (18 bytes).
    Removing stm32f4xx_tim.o(i.TIM_SelectOutputTrigger), (18 bytes).
    Removing stm32f4xx_tim.o(i.TIM_SelectSlaveMode), (18 bytes).
    Removing stm32f4xx_tim.o(i.TIM_SetClockDivision), (18 bytes).
    Removing stm32f4xx_tim.o(i.TIM_SetCompare1), (4 bytes).
    Removing stm32f4xx_tim.o(i.TIM_SetCompare2), (4 bytes).
    Removing stm32f4xx_tim.o(i.TIM_SetCompare3), (4 bytes).
    Removing stm32f4xx_tim.o(i.TIM_SetCompare4), (4 bytes).
    Removing stm32f4xx_tim.o(i.TIM_SetIC1Prescaler), (18 bytes).
    Removing stm32f4xx_tim.o(i.TIM_SetIC2Prescaler), (26 bytes).
    Removing stm32f4xx_tim.o(i.TIM_SetIC3Prescaler), (18 bytes).
    Removing stm32f4xx_tim.o(i.TIM_SetIC4Prescaler), (26 bytes).
    Removing stm32f4xx_tim.o(i.TIM_TIxExternalClockConfig), (62 bytes).
    Removing stm32f4xx_tim.o(i.TIM_TimeBaseStructInit), (18 bytes).
    Removing stm32f4xx_tim.o(i.TIM_UpdateDisableConfig), (24 bytes).
    Removing stm32f4xx_tim.o(i.TIM_UpdateRequestConfig), (24 bytes).
    Removing stm32f4xx_dma.o(.emb_text), (8 bytes).
    Removing stm32f4xx_dma.o(i.DMA_ClearFlag), (52 bytes).
    Removing stm32f4xx_dma.o(i.DMA_ClearITPendingBit), (52 bytes).
    Removing stm32f4xx_dma.o(i.DMA_DoubleBufferModeCmd), (22 bytes).
    Removing stm32f4xx_dma.o(i.DMA_DoubleBufferModeConfig), (24 bytes).
    Removing stm32f4xx_dma.o(i.DMA_FlowControllerConfig), (22 bytes).
    Removing stm32f4xx_dma.o(i.DMA_GetCurrentMemoryTarget), (20 bytes).
    Removing stm32f4xx_dma.o(i.DMA_GetFIFOStatus), (12 bytes).
    Removing stm32f4xx_dma.o(i.DMA_GetFlagStatus), (68 bytes).
    Removing stm32f4xx_dma.o(i.DMA_GetITStatus), (100 bytes).
    Removing stm32f4xx_dma.o(i.DMA_ITConfig), (58 bytes).
    Removing stm32f4xx_dma.o(i.DMA_MemoryTargetConfig), (10 bytes).
    Removing stm32f4xx_dma.o(i.DMA_PeriphIncOffsetSizeConfig), (22 bytes).
    Removing stm32f4xx_dma.o(i.DMA_StructInit), (34 bytes).
    Removing stm32f4xx_dcmi.o(.emb_text), (8 bytes).
    Removing stm32f4xx_dcmi.o(i.DCMI_ClearFlag), (12 bytes).
    Removing stm32f4xx_dcmi.o(i.DCMI_DeInit), (28 bytes).
    Removing stm32f4xx_dcmi.o(i.DCMI_GetFlagStatus), (52 bytes).
    Removing stm32f4xx_dcmi.o(i.DCMI_JPEGCmd), (36 bytes).
    Removing stm32f4xx_dcmi.o(i.DCMI_ReadData), (12 bytes).
    Removing stm32f4xx_dcmi.o(i.DCMI_SetEmbeddedSynchroCodes), (32 bytes).
    Removing stm32f4xx_dcmi.o(i.DCMI_StructInit), (18 bytes).
    Removing stm32f4xx_syscfg.o(.emb_text), (8 bytes).
    Removing stm32f4xx_syscfg.o(i.SYSCFG_CompensationCellCmd), (12 bytes).
    Removing stm32f4xx_syscfg.o(i.SYSCFG_DeInit), (22 bytes).
    Removing stm32f4xx_syscfg.o(i.SYSCFG_ETH_MediaInterfaceConfig), (12 bytes).
    Removing stm32f4xx_syscfg.o(i.SYSCFG_EXTILineConfig), (64 bytes).
    Removing stm32f4xx_syscfg.o(i.SYSCFG_GetCompensationCellStatus), (24 bytes).
    Removing stm32f4xx_syscfg.o(i.SYSCFG_MemoryRemapConfig), (12 bytes).
    Removing system_stm32f4xx.o(.emb_text), (8 bytes).
    Removing system_stm32f4xx.o(i.SystemCoreClockUpdate), (192 bytes).
    Removing startup_stm32f4xx.o(HEAP), (512 bytes).
    Removing sys.o(.emb_text), (24 bytes).
    Removing usmart.o(.emb_text), (8 bytes).
    Removing usmart_config.o(.emb_text), (8 bytes).
    Removing usmart_str.o(.emb_text), (8 bytes).
    Removing dadd.o(.text), (334 bytes).
    Removing dmul.o(.text), (228 bytes).
    Removing dflti.o(.text), (34 bytes).
    Removing f2d.o(.text), (38 bytes).
    Removing cdcmple.o(.text), (48 bytes).
    Removing cdrcmple.o(.text), (48 bytes).
    Removing d2f.o(.text), (56 bytes).
    Removing fepilogue.o(.text), (110 bytes).
    Removing depilogue.o(.text), (186 bytes).
    Removing ddiv.o(.text), (222 bytes).
    Removing dfixul.o(.text), (48 bytes).

298 unused section(s) (total 15320 bytes) removed from the image.

==============================================================================

Image Symbol Table

    Local Symbols

    Symbol Name                              Value     Ov Type        Size  Object(Section)

    ../clib/../cmprslib/zerorunl2.c          0x00000000   Number         0  __dczerorl2.o ABSOLUTE
    ../clib/microlib/division.c              0x00000000   Number         0  uidiv.o ABSOLUTE
    ../clib/microlib/division.c              0x00000000   Number         0  uldiv.o ABSOLUTE
    ../clib/microlib/init/entry.s            0x00000000   Number         0  entry.o ABSOLUTE
    ../clib/microlib/init/entry.s            0x00000000   Number         0  entry5.o ABSOLUTE
    ../clib/microlib/init/entry.s            0x00000000   Number         0  entry7b.o ABSOLUTE
    ../clib/microlib/init/entry.s            0x00000000   Number         0  entry8a.o ABSOLUTE
    ../clib/microlib/init/entry.s            0x00000000   Number         0  entry7a.o ABSOLUTE
    ../clib/microlib/init/entry.s            0x00000000   Number         0  entry8b.o ABSOLUTE
    ../clib/microlib/init/entry.s            0x00000000   Number         0  entry9b.o ABSOLUTE
    ../clib/microlib/init/entry.s            0x00000000   Number         0  entry2.o ABSOLUTE
    ../clib/microlib/init/entry.s            0x00000000   Number         0  entry10a.o ABSOLUTE
    ../clib/microlib/init/entry.s            0x00000000   Number         0  entry10b.o ABSOLUTE
    ../clib/microlib/init/entry.s            0x00000000   Number         0  entry11a.o ABSOLUTE
    ../clib/microlib/init/entry.s            0x00000000   Number         0  entry9a.o ABSOLUTE
    ../clib/microlib/init/entry.s            0x00000000   Number         0  entry11b.o ABSOLUTE
    ../clib/microlib/longlong.c              0x00000000   Number         0  llshl.o ABSOLUTE
    ../clib/microlib/longlong.c              0x00000000   Number         0  llsshr.o ABSOLUTE
    ../clib/microlib/longlong.c              0x00000000   Number         0  llushr.o ABSOLUTE
    ../clib/microlib/printf/printf.c         0x00000000   Number         0  printfa.o ABSOLUTE
    ../clib/microlib/printf/printf.c         0x00000000   Number         0  printf3.o ABSOLUTE
    ../clib/microlib/printf/printf.c         0x00000000   Number         0  printf2.o ABSOLUTE
    ../clib/microlib/printf/printf.c         0x00000000   Number         0  printfb.o ABSOLUTE
    ../clib/microlib/printf/printf.c         0x00000000   Number         0  printf0.o ABSOLUTE
    ../clib/microlib/printf/printf.c         0x00000000   Number         0  printf1.o ABSOLUTE
    ../clib/microlib/printf/printf.c         0x00000000   Number         0  printf8.o ABSOLUTE
    ../clib/microlib/printf/printf.c         0x00000000   Number         0  printf7.o ABSOLUTE
    ../clib/microlib/printf/printf.c         0x00000000   Number         0  printf6.o ABSOLUTE
    ../clib/microlib/printf/printf.c         0x00000000   Number         0  printf5.o ABSOLUTE
    ../clib/microlib/printf/printf.c         0x00000000   Number         0  printf4.o ABSOLUTE
    ../clib/microlib/printf/stubs.s          0x00000000   Number         0  stubs.o ABSOLUTE
    ../clib/microlib/stubs.s                 0x00000000   Number         0  useno.o ABSOLUTE
    ../clib/microlib/stubs.s                 0x00000000   Number         0  iusefp.o ABSOLUTE
    ../fplib/microlib/d2f.c                  0x00000000   Number         0  d2f.o ABSOLUTE
    ../fplib/microlib/f2d.c                  0x00000000   Number         0  f2d.o ABSOLUTE
    ../fplib/microlib/fpadd.c                0x00000000   Number         0  dadd.o ABSOLUTE
    ../fplib/microlib/fpdiv.c                0x00000000   Number         0  ddiv.o ABSOLUTE
    ../fplib/microlib/fpepilogue.c           0x00000000   Number         0  fepilogue.o ABSOLUTE
    ../fplib/microlib/fpepilogue.c           0x00000000   Number         0  depilogue.o ABSOLUTE
    ../fplib/microlib/fpfix.c                0x00000000   Number         0  dfixul.o ABSOLUTE
    ../fplib/microlib/fpflt.c                0x00000000   Number         0  dflti.o ABSOLUTE
    ../fplib/microlib/fpmul.c                0x00000000   Number         0  dmul.o ABSOLUTE
    ..\Hardware\delay.c                      0x00000000   Number         0  delay.o ABSOLUTE
    ..\Hardware\led.c                        0x00000000   Number         0  led.o ABSOLUTE
    ..\Hardware\ov7670.c                     0x00000000   Number         0  ov7670.o ABSOLUTE
    ..\Hardware\timer.c                      0x00000000   Number         0  timer.o ABSOLUTE
    ..\Hardware\usart.c                      0x00000000   Number         0  usart.o ABSOLUTE
    ..\Libraries\CMSIS\src\system_stm32f4xx.c 0x00000000   Number         0  system_stm32f4xx.o ABSOLUTE
    ..\Libraries\FWlib\src\misc.c            0x00000000   Number         0  misc.o ABSOLUTE
    ..\Libraries\FWlib\src\stm32f4xx_dcmi.c  0x00000000   Number         0  stm32f4xx_dcmi.o ABSOLUTE
    ..\Libraries\FWlib\src\stm32f4xx_dma.c   0x00000000   Number         0  stm32f4xx_dma.o ABSOLUTE
    ..\Libraries\FWlib\src\stm32f4xx_exti.c  0x00000000   Number         0  stm32f4xx_exti.o ABSOLUTE
    ..\Libraries\FWlib\src\stm32f4xx_fsmc.c  0x00000000   Number         0  stm32f4xx_fsmc.o ABSOLUTE
    ..\Libraries\FWlib\src\stm32f4xx_gpio.c  0x00000000   Number         0  stm32f4xx_gpio.o ABSOLUTE
    ..\Libraries\FWlib\src\stm32f4xx_rcc.c   0x00000000   Number         0  stm32f4xx_rcc.o ABSOLUTE
    ..\Libraries\FWlib\src\stm32f4xx_spi.c   0x00000000   Number         0  stm32f4xx_spi.o ABSOLUTE
    ..\Libraries\FWlib\src\stm32f4xx_syscfg.c 0x00000000   Number         0  stm32f4xx_syscfg.o ABSOLUTE
    ..\Libraries\FWlib\src\stm32f4xx_tim.c   0x00000000   Number         0  stm32f4xx_tim.o ABSOLUTE
    ..\Libraries\FWlib\src\stm32f4xx_usart.c 0x00000000   Number         0  stm32f4xx_usart.o ABSOLUTE
    ..\Startup\startup_stm32f4xx.s           0x00000000   Number         0  startup_stm32f4xx.o ABSOLUTE
    ..\Startup\sys.c                         0x00000000   Number         0  sys.o ABSOLUTE
    ..\User\ctrl.c                           0x00000000   Number         0  ctrl.o ABSOLUTE
    ..\User\data_transfer.c                  0x00000000   Number         0  data_transfer.o ABSOLUTE
    ..\User\dgp.c                            0x00000000   Number         0  dgp.o ABSOLUTE
    ..\User\init.c                           0x00000000   Number         0  init.o ABSOLUTE
    ..\User\main.c                           0x00000000   Number         0  main.o ABSOLUTE
    ..\User\mymath.c                         0x00000000   Number         0  mymath.o ABSOLUTE
    ..\User\stm32f4xx_it.c                   0x00000000   Number         0  stm32f4xx_it.o ABSOLUTE
    ..\\Hardware\\delay.c                    0x00000000   Number         0  delay.o ABSOLUTE
    ..\\Hardware\\led.c                      0x00000000   Number         0  led.o ABSOLUTE
    ..\\Hardware\\ov7670.c                   0x00000000   Number         0  ov7670.o ABSOLUTE
    ..\\Hardware\\timer.c                    0x00000000   Number         0  timer.o ABSOLUTE
    ..\\Hardware\\usart.c                    0x00000000   Number         0  usart.o ABSOLUTE
    ..\\Libraries\\CMSIS\\src\\system_stm32f4xx.c 0x00000000   Number         0  system_stm32f4xx.o ABSOLUTE
    ..\\Libraries\\FWlib\\src\\misc.c        0x00000000   Number         0  misc.o ABSOLUTE
    ..\\Libraries\\FWlib\\src\\stm32f4xx_dcmi.c 0x00000000   Number         0  stm32f4xx_dcmi.o ABSOLUTE
    ..\\Libraries\\FWlib\\src\\stm32f4xx_dma.c 0x00000000   Number         0  stm32f4xx_dma.o ABSOLUTE
    ..\\Libraries\\FWlib\\src\\stm32f4xx_exti.c 0x00000000   Number         0  stm32f4xx_exti.o ABSOLUTE
    ..\\Libraries\\FWlib\\src\\stm32f4xx_fsmc.c 0x00000000   Number         0  stm32f4xx_fsmc.o ABSOLUTE
    ..\\Libraries\\FWlib\\src\\stm32f4xx_gpio.c 0x00000000   Number         0  stm32f4xx_gpio.o ABSOLUTE
    ..\\Libraries\\FWlib\\src\\stm32f4xx_rcc.c 0x00000000   Number         0  stm32f4xx_rcc.o ABSOLUTE
    ..\\Libraries\\FWlib\\src\\stm32f4xx_spi.c 0x00000000   Number         0  stm32f4xx_spi.o ABSOLUTE
    ..\\Libraries\\FWlib\\src\\stm32f4xx_syscfg.c 0x00000000   Number         0  stm32f4xx_syscfg.o ABSOLUTE
    ..\\Libraries\\FWlib\\src\\stm32f4xx_tim.c 0x00000000   Number         0  stm32f4xx_tim.o ABSOLUTE
    ..\\Libraries\\FWlib\\src\\stm32f4xx_usart.c 0x00000000   Number         0  stm32f4xx_usart.o ABSOLUTE
    ..\\Startup\\sys.c                       0x00000000   Number         0  sys.o ABSOLUTE
    ..\\User\\ctrl.c                         0x00000000   Number         0  ctrl.o ABSOLUTE
    ..\\User\\data_transfer.c                0x00000000   Number         0  data_transfer.o ABSOLUTE
    ..\\User\\dgp.c                          0x00000000   Number         0  dgp.o ABSOLUTE
    ..\\User\\init.c                         0x00000000   Number         0  init.o ABSOLUTE
    ..\\User\\main.c                         0x00000000   Number         0  main.o ABSOLUTE
    ..\\User\\mymath.c                       0x00000000   Number         0  mymath.o ABSOLUTE
    ..\\User\\stm32f4xx_it.c                 0x00000000   Number         0  stm32f4xx_it.o ABSOLUTE
    ..\\usmart\\usmart.c                     0x00000000   Number         0  usmart.o ABSOLUTE
    ..\\usmart\\usmart_config.c              0x00000000   Number         0  usmart_config.o ABSOLUTE
    ..\\usmart\\usmart_str.c                 0x00000000   Number         0  usmart_str.o ABSOLUTE
    ..\usmart\usmart.c                       0x00000000   Number         0  usmart.o ABSOLUTE
    ..\usmart\usmart_config.c                0x00000000   Number         0  usmart_config.o ABSOLUTE
    ..\usmart\usmart_str.c                   0x00000000   Number         0  usmart_str.o ABSOLUTE
    cdcmple.s                                0x00000000   Number         0  cdcmple.o ABSOLUTE
    cdrcmple.s                               0x00000000   Number         0  cdrcmple.o ABSOLUTE
    dc.s                                     0x00000000   Number         0  dc.o ABSOLUTE
    handlers.s                               0x00000000   Number         0  handlers.o ABSOLUTE
    init.s                                   0x00000000   Number         0  init.o ABSOLUTE
    RESET                                    0x08000000   Section      392  startup_stm32f4xx.o(RESET)
    .ARM.Collect$$$$00000000                 0x08000188   Section        0  entry.o(.ARM.Collect$$$$00000000)
    .ARM.Collect$$$$00000001                 0x08000188   Section        4  entry2.o(.ARM.Collect$$$$00000001)
    .ARM.Collect$$$$00000004                 0x0800018c   Section        4  entry5.o(.ARM.Collect$$$$00000004)
    .ARM.Collect$$$$00000008                 0x08000190   Section        0  entry7b.o(.ARM.Collect$$$$00000008)
    .ARM.Collect$$$$0000000A                 0x08000190   Section        0  entry8b.o(.ARM.Collect$$$$0000000A)
    .ARM.Collect$$$$0000000B                 0x08000190   Section        8  entry9a.o(.ARM.Collect$$$$0000000B)
    .ARM.Collect$$$$0000000D                 0x08000198   Section        0  entry10a.o(.ARM.Collect$$$$0000000D)
    .ARM.Collect$$$$0000000F                 0x08000198   Section        0  entry11a.o(.ARM.Collect$$$$0000000F)
    .ARM.Collect$$$$00002712                 0x08000198   Section        4  entry2.o(.ARM.Collect$$$$00002712)
    __lit__00000000                          0x08000198   Data           4  entry2.o(.ARM.Collect$$$$00002712)
    .text                                    0x0800019c   Section       36  startup_stm32f4xx.o(.text)
    $v0                                      0x0800019c   Number         0  startup_stm32f4xx.o(.text)
    .text                                    0x080001c0   Section        0  uldiv.o(.text)
    .text                                    0x08000222   Section        0  llshl.o(.text)
    .text                                    0x08000240   Section       36  init.o(.text)
    .text                                    0x08000264   Section        0  llushr.o(.text)
    .text                                    0x08000284   Section        0  __dczerorl2.o(.text)
    i.All_Init                               0x080002dc   Section        0  init.o(i.All_Init)
    i.BusFault_Handler                       0x0800034c   Section        0  stm32f4xx_it.o(i.BusFault_Handler)
    i.Cam_Init                               0x08000350   Section        0  ov7670.o(i.Cam_Init)
    i.DCMI_CROPCmd                           0x0800057c   Section        0  stm32f4xx_dcmi.o(i.DCMI_CROPCmd)
    i.DCMI_CROPConfig                        0x080005a0   Section        0  stm32f4xx_dcmi.o(i.DCMI_CROPConfig)
    i.DCMI_CaptureCmd                        0x080005c0   Section        0  stm32f4xx_dcmi.o(i.DCMI_CaptureCmd)
    i.DCMI_ClearITPendingBit                 0x080005e4   Section        0  stm32f4xx_dcmi.o(i.DCMI_ClearITPendingBit)
    i.DCMI_Cmd                               0x080005f0   Section        0  stm32f4xx_dcmi.o(i.DCMI_Cmd)
    i.DCMI_DMA_Init                          0x08000614   Section        0  ov7670.o(i.DCMI_DMA_Init)
    i.DCMI_GetITStatus                       0x08000684   Section        0  stm32f4xx_dcmi.o(i.DCMI_GetITStatus)
    i.DCMI_IRQHandler                        0x080006a0   Section        0  dgp.o(i.DCMI_IRQHandler)
    i.DCMI_ITConfig                          0x080006c8   Section        0  stm32f4xx_dcmi.o(i.DCMI_ITConfig)
    i.DCMI_Init                              0x080006ec   Section        0  stm32f4xx_dcmi.o(i.DCMI_Init)
    i.DCMI_Start                             0x0800072c   Section        0  ov7670.o(i.DCMI_Start)
    i.DMA_Cmd                                0x08000748   Section        0  stm32f4xx_dma.o(i.DMA_Cmd)
    i.DMA_DeInit                             0x08000760   Section        0  stm32f4xx_dma.o(i.DMA_DeInit)
    i.DMA_GetCmdStatus                       0x080008b8   Section        0  stm32f4xx_dma.o(i.DMA_GetCmdStatus)
    i.DMA_GetCurrDataCounter                 0x080008cc   Section        0  stm32f4xx_dma.o(i.DMA_GetCurrDataCounter)
    i.DMA_Init                               0x080008d4   Section        0  stm32f4xx_dma.o(i.DMA_Init)
    i.DMA_SetCurrDataCounter                 0x0800092c   Section        0  stm32f4xx_dma.o(i.DMA_SetCurrDataCounter)
    i.Data_Receive_Prepare_2                 0x08000930   Section        0  data_transfer.o(i.Data_Receive_Prepare_2)
    i.Data_Receive_deal                      0x08000a18   Section        0  data_transfer.o(i.Data_Receive_deal)
    i.DebugMon_Handler                       0x08000aec   Section        0  stm32f4xx_it.o(i.DebugMon_Handler)
    i.GPIO_Init                              0x08000aee   Section        0  stm32f4xx_gpio.o(i.GPIO_Init)
    i.GPIO_PinAFConfig                       0x08000b7e   Section        0  stm32f4xx_gpio.o(i.GPIO_PinAFConfig)
    i.GPIO_ResetBits                         0x08000bc4   Section        0  stm32f4xx_gpio.o(i.GPIO_ResetBits)
    i.GPIO_SetBits                           0x08000bc8   Section        0  stm32f4xx_gpio.o(i.GPIO_SetBits)
    i.HardFault_Handler                      0x08000bcc   Section        0  stm32f4xx_it.o(i.HardFault_Handler)
    i.LED_GPIO_Conf                          0x08000bd0   Section        0  led.o(i.LED_GPIO_Conf)
    i.LED_SET                                0x08000c10   Section        0  led.o(i.LED_SET)
    i.MemManage_Handler                      0x08000c34   Section        0  stm32f4xx_it.o(i.MemManage_Handler)
    i.NMI_Handler                            0x08000c38   Section        0  stm32f4xx_it.o(i.NMI_Handler)
    i.NVIC_Init                              0x08000c3c   Section        0  misc.o(i.NVIC_Init)
    i.NVIC_PriorityGroupConfig               0x08000cb4   Section        0  misc.o(i.NVIC_PriorityGroupConfig)
    i.OV7670_Init                            0x08000cc8   Section        0  ov7670.o(i.OV7670_Init)
    i.OV7670_config_window                   0x08000d18   Section        0  ov7670.o(i.OV7670_config_window)
    i.OV_ReadID                              0x08000de0   Section        0  ov7670.o(i.OV_ReadID)
    i.OV_ReadReg                             0x08000df0   Section        0  ov7670.o(i.OV_ReadReg)
    i.OV_Reset                               0x08000e56   Section        0  ov7670.o(i.OV_Reset)
    i.OV_WriteReg                            0x08000e62   Section        0  ov7670.o(i.OV_WriteReg)
    i.PendSV_Handler                         0x08000eb0   Section        0  stm32f4xx_it.o(i.PendSV_Handler)
    i.RCC_AHB1PeriphClockCmd                 0x08000eb4   Section        0  stm32f4xx_rcc.o(i.RCC_AHB1PeriphClockCmd)
    i.RCC_AHB2PeriphClockCmd                 0x08000ed4   Section        0  stm32f4xx_rcc.o(i.RCC_AHB2PeriphClockCmd)
    i.RCC_APB1PeriphClockCmd                 0x08000ef4   Section        0  stm32f4xx_rcc.o(i.RCC_APB1PeriphClockCmd)
    i.RCC_APB2PeriphClockCmd                 0x08000f14   Section        0  stm32f4xx_rcc.o(i.RCC_APB2PeriphClockCmd)
    i.RCC_GetClocksFreq                      0x08000f34   Section        0  stm32f4xx_rcc.o(i.RCC_GetClocksFreq)
    i.RCC_MCO1Config                         0x0800101c   Section        0  stm32f4xx_rcc.o(i.RCC_MCO1Config)
    i.SCCB_Init                              0x08001038   Section        0  ov7670.o(i.SCCB_Init)
    i.SCCB_Read                              0x08001070   Section        0  ov7670.o(i.SCCB_Read)
    i.SCCB_SID_IN                            0x080010c8   Section        0  ov7670.o(i.SCCB_SID_IN)
    i.SCCB_SID_OUT                           0x080010f0   Section        0  ov7670.o(i.SCCB_SID_OUT)
    i.SCCB_Start                             0x08001120   Section        0  ov7670.o(i.SCCB_Start)
    i.SCCB_Stop                              0x08001164   Section        0  ov7670.o(i.SCCB_Stop)
    i.SCCB_Write                             0x0800119c   Section        0  ov7670.o(i.SCCB_Write)
    i.SVC_Handler                            0x0800123c   Section        0  stm32f4xx_it.o(i.SVC_Handler)
    i.Send_Data                              0x08001240   Section        0  data_transfer.o(i.Send_Data)
    i.Send_Front_Measure                     0x08001254   Section        0  data_transfer.o(i.Send_Front_Measure)
    i.Send_ready                             0x080012f0   Section        0  data_transfer.o(i.Send_ready)
    i.SetSysClock                            0x08001364   Section        0  system_stm32f4xx.o(i.SetSysClock)
    SetSysClock                              0x08001365   Thumb Code   220  system_stm32f4xx.o(i.SetSysClock)
    i.SysTick_Handler                        0x08001450   Section        0  stm32f4xx_it.o(i.SysTick_Handler)
    i.SysTick_Init                           0x08001458   Section        0  delay.o(i.SysTick_Init)
    i.SystemInit                             0x080014c4   Section        0  system_stm32f4xx.o(i.SystemInit)
    i.TIM3_IRQHandler                        0x0800152c   Section        0  timer.o(i.TIM3_IRQHandler)
    i.TIM3_Int_Init                          0x08001564   Section        0  timer.o(i.TIM3_Int_Init)
    i.TIM4_IRQHandler                        0x080015c0   Section        0  usmart.o(i.TIM4_IRQHandler)
    i.TIM_ClearFlag                          0x080015f8   Section        0  stm32f4xx_tim.o(i.TIM_ClearFlag)
    i.TIM_ClearITPendingBit                  0x080015fe   Section        0  stm32f4xx_tim.o(i.TIM_ClearITPendingBit)
    i.TIM_Cmd                                0x08001604   Section        0  stm32f4xx_tim.o(i.TIM_Cmd)
    i.TIM_GetCounter                         0x0800161c   Section        0  stm32f4xx_tim.o(i.TIM_GetCounter)
    i.TIM_GetFlagStatus                      0x08001622   Section        0  stm32f4xx_tim.o(i.TIM_GetFlagStatus)
    i.TIM_GetITStatus                        0x08001634   Section        0  stm32f4xx_tim.o(i.TIM_GetITStatus)
    i.TIM_ITConfig                           0x08001656   Section        0  stm32f4xx_tim.o(i.TIM_ITConfig)
    i.TIM_SetAutoreload                      0x08001668   Section        0  stm32f4xx_tim.o(i.TIM_SetAutoreload)
    i.TIM_SetCounter                         0x0800166c   Section        0  stm32f4xx_tim.o(i.TIM_SetCounter)
    i.TIM_TimeBaseInit                       0x08001670   Section        0  stm32f4xx_tim.o(i.TIM_TimeBaseInit)
    i.TimeTick_Decrement                     0x080016f4   Section        0  delay.o(i.TimeTick_Decrement)
    i.Timer4_Init                            0x0800170c   Section        0  usmart.o(i.Timer4_Init)
    i.USART1_IRQHandler                      0x08001768   Section        0  usart.o(i.USART1_IRQHandler)
    i.USART2_IRQHandler                      0x080017f0   Section        0  stm32f4xx_it.o(i.USART2_IRQHandler)
    i.USART_ClearITPendingBit                0x080017f8   Section        0  stm32f4xx_usart.o(i.USART_ClearITPendingBit)
    i.USART_ClockInit                        0x08001816   Section        0  stm32f4xx_usart.o(i.USART_ClockInit)
    i.USART_Cmd                              0x08001836   Section        0  stm32f4xx_usart.o(i.USART_Cmd)
    i.USART_GetITStatus                      0x0800184e   Section        0  stm32f4xx_usart.o(i.USART_GetITStatus)
    i.USART_ITConfig                         0x080018a2   Section        0  stm32f4xx_usart.o(i.USART_ITConfig)
    i.USART_Init                             0x080018ec   Section        0  stm32f4xx_usart.o(i.USART_Init)
    i.USART_ReceiveData                      0x080019c0   Section        0  stm32f4xx_usart.o(i.USART_ReceiveData)
    i.UsageFault_Handler                     0x080019ca   Section        0  stm32f4xx_it.o(i.UsageFault_Handler)
    i.Usart2_IRQ                             0x080019d0   Section        0  usart.o(i.Usart2_IRQ)
    i.Usart2_Init                            0x08001a58   Section        0  usart.o(i.Usart2_Init)
    i.Usart2_Send                            0x08001b48   Section        0  usart.o(i.Usart2_Send)
    i.__0printf$8                            0x08001b94   Section        0  printf8.o(i.__0printf$8)
    i.__scatterload_copy                     0x08001bb4   Section       14  handlers.o(i.__scatterload_copy)
    i.__scatterload_null                     0x08001bc2   Section        2  handlers.o(i.__scatterload_null)
    i.__scatterload_zeroinit                 0x08001bc4   Section       14  handlers.o(i.__scatterload_zeroinit)
    i._printf_core                           0x08001bd4   Section        0  printf8.o(i._printf_core)
    _printf_core                             0x08001bd5   Thumb Code   996  printf8.o(i._printf_core)
    i._printf_post_padding                   0x08001fe4   Section        0  printf8.o(i._printf_post_padding)
    _printf_post_padding                     0x08001fe5   Thumb Code    36  printf8.o(i._printf_post_padding)
    i._printf_pre_padding                    0x08002008   Section        0  printf8.o(i._printf_pre_padding)
    _printf_pre_padding                      0x08002009   Thumb Code    46  printf8.o(i._printf_pre_padding)
    i.delay_1ms                              0x08002038   Section        0  delay.o(i.delay_1ms)
    i.delay_ms                               0x08002050   Section        0  delay.o(i.delay_ms)
    i.delay_us                               0x08002064   Section        0  delay.o(i.delay_us)
    i.fputc                                  0x08002078   Section        0  usart.o(i.fputc)
    i.front_duty                             0x08002094   Section        0  ctrl.o(i.front_duty)
    i.get_target2                            0x080020b4   Section        0  dgp.o(i.get_target2)
    i.jpeg_data_process                      0x08002184   Section        0  dgp.o(i.jpeg_data_process)
    i.main                                   0x080021ec   Section        0  main.o(i.main)
    i.noAck                                  0x08002268   Section        0  ov7670.o(i.noAck)
    i.read_addr                              0x080022ac   Section        0  usmart.o(i.read_addr)
    i.uart_init                              0x080022b4   Section        0  usart.o(i.uart_init)
    i.usmart_cmd_rec                         0x08002360   Section        0  usmart.o(i.usmart_cmd_rec)
    i.usmart_exe                             0x08002410   Section        0  usmart.o(i.usmart_exe)
    i.usmart_get_aparm                       0x080026e4   Section        0  usmart_str.o(i.usmart_get_aparm)
    i.usmart_get_cmdname                     0x080027ac   Section        0  usmart_str.o(i.usmart_get_cmdname)
    i.usmart_get_fname                       0x080027e4   Section        0  usmart_str.o(i.usmart_get_fname)
    i.usmart_get_fparam                      0x080029a4   Section        0  usmart_str.o(i.usmart_get_fparam)
    i.usmart_get_parmpos                     0x08002ab0   Section        0  usmart_str.o(i.usmart_get_parmpos)
    i.usmart_get_runtime                     0x08002ad0   Section        0  usmart.o(i.usmart_get_runtime)
    i.usmart_init                            0x08002b14   Section        0  usmart.o(i.usmart_init)
    i.usmart_pow                             0x08002b3c   Section        0  usmart_str.o(i.usmart_pow)
    i.usmart_reset_runtime                   0x08002b54   Section        0  usmart.o(i.usmart_reset_runtime)
    i.usmart_scan                            0x08002b84   Section        0  usmart.o(i.usmart_scan)
    i.usmart_search_nextc                    0x08002c40   Section        0  usmart_str.o(i.usmart_search_nextc)
    i.usmart_str2num                         0x08002c56   Section        0  usmart_str.o(i.usmart_str2num)
    i.usmart_strcmp                          0x08002d20   Section        0  usmart_str.o(i.usmart_strcmp)
    i.usmart_strcopy                         0x08002d42   Section        0  usmart_str.o(i.usmart_strcopy)
    i.usmart_strlen                          0x08002d58   Section        0  usmart_str.o(i.usmart_strlen)
    i.usmart_sys_cmd_exe                     0x08002d70   Section        0  usmart.o(i.usmart_sys_cmd_exe)
    i.write_addr                             0x08003454   Section        0  usmart.o(i.write_addr)
    .constdata                               0x08003458   Section      354  ov7670.o(.constdata)
    ov7670_init_reg_tbl                      0x08003458   Data         354  ov7670.o(.constdata)
    .conststring                             0x080035bc   Section       40  usmart.o(.conststring)
    .conststring                             0x080035e4   Section      168  usmart_config.o(.conststring)
    .data                                    0x20000000   Section        9  ctrl.o(.data)
    .data                                    0x20000009   Section        6  data_transfer.o(.data)
    _data_len                                0x20000009   Data           1  data_transfer.o(.data)
    _data_cnt                                0x2000000a   Data           1  data_transfer.o(.data)
    state                                    0x2000000b   Data           1  data_transfer.o(.data)
    _data_len                                0x2000000c   Data           1  data_transfer.o(.data)
    _data_cnt                                0x2000000d   Data           1  data_transfer.o(.data)
    state                                    0x2000000e   Data           1  data_transfer.o(.data)
    .data                                    0x2000000f   Section        1  init.o(.data)
    .data                                    0x20000010   Section        9  dgp.o(.data)
    .data                                    0x2000001c   Section        8  usart.o(.data)
    .data                                    0x20000024   Section        4  delay.o(.data)
    TimingDelay                              0x20000024   Data           4  delay.o(.data)
    .data                                    0x20000028   Section       16  stm32f4xx_rcc.o(.data)
    APBAHBPrescTable                         0x20000028   Data          16  stm32f4xx_rcc.o(.data)
    .data                                    0x20000038   Section       20  system_stm32f4xx.o(.data)
    .data                                    0x2000004c   Section       28  usmart.o(.data)
    .data                                    0x20000068   Section      292  usmart_config.o(.data)
    .bss                                     0x2000018c   Section      120  data_transfer.o(.bss)
    RxBuffer                                 0x200001a0   Data          50  data_transfer.o(.bss)
    RxBuffer                                 0x200001d2   Data          50  data_transfer.o(.bss)
    .bss                                     0x20000204   Section       24  dgp.o(.bss)
    .bss                                     0x2000021c   Section    57600  ov7670.o(.bss)
    .bss                                     0x2000e31c   Section      456  usart.o(.bss)
    STACK                                    0x2000e4e8   Section     1024  startup_stm32f4xx.o(STACK)

    Global Symbols

    Symbol Name                              Value     Ov Type        Size  Object(Section)

    BuildAttributes$$THM_ISAv4$E$P$D$K$B$S$7EM$VFPi3$EXTD16$VFPS$VFMA$PE$A:L22UL41UL21$X:L11$S22US41US21$IEEE1$IW$USESV6$~STKCKD$USESV7$~SHL$OTIME$ROPI$EBA8$MICROLIB$REQ8$PRES8$EABIv2 0x00000000   Number         0  anon$$obj.o ABSOLUTE
    __ARM_use_no_argv                        0x00000000   Number         0  main.o ABSOLUTE
    __use_no_errno                           0x00000000   Number         0  useno.o ABSOLUTE
    __use_no_exception_handling              0x00000000   Number         0  useno.o ABSOLUTE
    __use_no_fp                              0x00000000   Number         0  useno.o ABSOLUTE
    __use_no_heap                            0x00000000   Number         0  useno.o ABSOLUTE
    __use_no_heap_region                     0x00000000   Number         0  useno.o ABSOLUTE
    __use_no_semihosting                     0x00000000   Number         0  useno.o ABSOLUTE
    __use_no_semihosting_swi                 0x00000000   Number         0  useno.o ABSOLUTE
    __use_no_signal_handling                 0x00000000   Number         0  useno.o ABSOLUTE
    _printf_a                                0x00000000   Number         0  stubs.o ABSOLUTE
    _printf_c                                0x00000000   Number         0  stubs.o ABSOLUTE
    _printf_charcount                        0x00000000   Number         0  stubs.o ABSOLUTE
    _printf_d                                0x00000000   Number         0  stubs.o ABSOLUTE
    _printf_e                                0x00000000   Number         0  stubs.o ABSOLUTE
    _printf_f                                0x00000000   Number         0  stubs.o ABSOLUTE
    _printf_flags                            0x00000000   Number         0  stubs.o ABSOLUTE
    _printf_fp_dec                           0x00000000   Number         0  stubs.o ABSOLUTE
    _printf_fp_hex                           0x00000000   Number         0  stubs.o ABSOLUTE
    _printf_g                                0x00000000   Number         0  stubs.o ABSOLUTE
    _printf_i                                0x00000000   Number         0  stubs.o ABSOLUTE
    _printf_int_dec                          0x00000000   Number         0  stubs.o ABSOLUTE
    _printf_l                                0x00000000   Number         0  stubs.o ABSOLUTE
    _printf_lc                               0x00000000   Number         0  stubs.o ABSOLUTE
    _printf_ll                               0x00000000   Number         0  stubs.o ABSOLUTE
    _printf_lld                              0x00000000   Number         0  stubs.o ABSOLUTE
    _printf_lli                              0x00000000   Number         0  stubs.o ABSOLUTE
    _printf_llo                              0x00000000   Number         0  stubs.o ABSOLUTE
    _printf_llu                              0x00000000   Number         0  stubs.o ABSOLUTE
    _printf_llx                              0x00000000   Number         0  stubs.o ABSOLUTE
    _printf_longlong_dec                     0x00000000   Number         0  stubs.o ABSOLUTE
    _printf_longlong_hex                     0x00000000   Number         0  stubs.o ABSOLUTE
    _printf_longlong_oct                     0x00000000   Number         0  stubs.o ABSOLUTE
    _printf_ls                               0x00000000   Number         0  stubs.o ABSOLUTE
    _printf_mbtowc                           0x00000000   Number         0  stubs.o ABSOLUTE
    _printf_n                                0x00000000   Number         0  stubs.o ABSOLUTE
    _printf_o                                0x00000000   Number         0  stubs.o ABSOLUTE
    _printf_p                                0x00000000   Number         0  stubs.o ABSOLUTE
    _printf_percent                          0x00000000   Number         0  stubs.o ABSOLUTE
    _printf_pre_padding                      0x00000000   Number         0  stubs.o ABSOLUTE
    _printf_return_value                     0x00000000   Number         0  stubs.o ABSOLUTE
    _printf_s                                0x00000000   Number         0  stubs.o ABSOLUTE
    _printf_sizespec                         0x00000000   Number         0  stubs.o ABSOLUTE
    _printf_str                              0x00000000   Number         0  stubs.o ABSOLUTE
    _printf_truncate_signed                  0x00000000   Number         0  stubs.o ABSOLUTE
    _printf_truncate_unsigned                0x00000000   Number         0  stubs.o ABSOLUTE
    _printf_u                                0x00000000   Number         0  stubs.o ABSOLUTE
    _printf_wc                               0x00000000   Number         0  stubs.o ABSOLUTE
    _printf_wctomb                           0x00000000   Number         0  stubs.o ABSOLUTE
    _printf_widthprec                        0x00000000   Number         0  stubs.o ABSOLUTE
    _printf_x                                0x00000000   Number         0  stubs.o ABSOLUTE
    __cpp_initialize__aeabi_                  - Undefined Weak Reference
    __cxa_finalize                            - Undefined Weak Reference
    _clock_init                               - Undefined Weak Reference
    _microlib_exit                            - Undefined Weak Reference
    __Vectors_Size                           0x00000188   Number         0  startup_stm32f4xx.o ABSOLUTE
    __Vectors                                0x08000000   Data           4  startup_stm32f4xx.o(RESET)
    __Vectors_End                            0x08000188   Data           0  startup_stm32f4xx.o(RESET)
    __main                                   0x08000189   Thumb Code     0  entry.o(.ARM.Collect$$$$00000000)
    _main_stk                                0x08000189   Thumb Code     0  entry2.o(.ARM.Collect$$$$00000001)
    _main_scatterload                        0x0800018d   Thumb Code     0  entry5.o(.ARM.Collect$$$$00000004)
    __main_after_scatterload                 0x08000191   Thumb Code     0  entry5.o(.ARM.Collect$$$$00000004)
    _main_clock                              0x08000191   Thumb Code     0  entry7b.o(.ARM.Collect$$$$00000008)
    _main_cpp_init                           0x08000191   Thumb Code     0  entry8b.o(.ARM.Collect$$$$0000000A)
    _main_init                               0x08000191   Thumb Code     0  entry9a.o(.ARM.Collect$$$$0000000B)
    __rt_final_cpp                           0x08000199   Thumb Code     0  entry10a.o(.ARM.Collect$$$$0000000D)
    __rt_final_exit                          0x08000199   Thumb Code     0  entry11a.o(.ARM.Collect$$$$0000000F)
    Reset_Handler                            0x0800019d   Thumb Code     8  startup_stm32f4xx.o(.text)
    ADC_IRQHandler                           0x080001b7   Thumb Code     0  startup_stm32f4xx.o(.text)
    CAN1_RX0_IRQHandler                      0x080001b7   Thumb Code     0  startup_stm32f4xx.o(.text)
    CAN1_RX1_IRQHandler                      0x080001b7   Thumb Code     0  startup_stm32f4xx.o(.text)
    CAN1_SCE_IRQHandler                      0x080001b7   Thumb Code     0  startup_stm32f4xx.o(.text)
    CAN1_TX_IRQHandler                       0x080001b7   Thumb Code     0  startup_stm32f4xx.o(.text)
    CAN2_RX0_IRQHandler                      0x080001b7   Thumb Code     0  startup_stm32f4xx.o(.text)
    CAN2_RX1_IRQHandler                      0x080001b7   Thumb Code     0  startup_stm32f4xx.o(.text)
    CAN2_SCE_IRQHandler                      0x080001b7   Thumb Code     0  startup_stm32f4xx.o(.text)
    CAN2_TX_IRQHandler                       0x080001b7   Thumb Code     0  startup_stm32f4xx.o(.text)
    CRYP_IRQHandler                          0x080001b7   Thumb Code     0  startup_stm32f4xx.o(.text)
    DMA1_Stream0_IRQHandler                  0x080001b7   Thumb Code     0  startup_stm32f4xx.o(.text)
    DMA1_Stream1_IRQHandler                  0x080001b7   Thumb Code     0  startup_stm32f4xx.o(.text)
    DMA1_Stream2_IRQHandler                  0x080001b7   Thumb Code     0  startup_stm32f4xx.o(.text)
    DMA1_Stream3_IRQHandler                  0x080001b7   Thumb Code     0  startup_stm32f4xx.o(.text)
    DMA1_Stream4_IRQHandler                  0x080001b7   Thumb Code     0  startup_stm32f4xx.o(.text)
    DMA1_Stream5_IRQHandler                  0x080001b7   Thumb Code     0  startup_stm32f4xx.o(.text)
    DMA1_Stream6_IRQHandler                  0x080001b7   Thumb Code     0  startup_stm32f4xx.o(.text)
    DMA1_Stream7_IRQHandler                  0x080001b7   Thumb Code     0  startup_stm32f4xx.o(.text)
    DMA2_Stream0_IRQHandler                  0x080001b7   Thumb Code     0  startup_stm32f4xx.o(.text)
    DMA2_Stream1_IRQHandler                  0x080001b7   Thumb Code     0  startup_stm32f4xx.o(.text)
    DMA2_Stream2_IRQHandler                  0x080001b7   Thumb Code     0  startup_stm32f4xx.o(.text)
    DMA2_Stream3_IRQHandler                  0x080001b7   Thumb Code     0  startup_stm32f4xx.o(.text)
    DMA2_Stream4_IRQHandler                  0x080001b7   Thumb Code     0  startup_stm32f4xx.o(.text)
    DMA2_Stream5_IRQHandler                  0x080001b7   Thumb Code     0  startup_stm32f4xx.o(.text)
    DMA2_Stream6_IRQHandler                  0x080001b7   Thumb Code     0  startup_stm32f4xx.o(.text)
    DMA2_Stream7_IRQHandler                  0x080001b7   Thumb Code     0  startup_stm32f4xx.o(.text)
    ETH_IRQHandler                           0x080001b7   Thumb Code     0  startup_stm32f4xx.o(.text)
    ETH_WKUP_IRQHandler                      0x080001b7   Thumb Code     0  startup_stm32f4xx.o(.text)
    EXTI0_IRQHandler                         0x080001b7   Thumb Code     0  startup_stm32f4xx.o(.text)
    EXTI15_10_IRQHandler                     0x080001b7   Thumb Code     0  startup_stm32f4xx.o(.text)
    EXTI1_IRQHandler                         0x080001b7   Thumb Code     0  startup_stm32f4xx.o(.text)
    EXTI2_IRQHandler                         0x080001b7   Thumb Code     0  startup_stm32f4xx.o(.text)
    EXTI3_IRQHandler                         0x080001b7   Thumb Code     0  startup_stm32f4xx.o(.text)
    EXTI4_IRQHandler                         0x080001b7   Thumb Code     0  startup_stm32f4xx.o(.text)
    EXTI9_5_IRQHandler                       0x080001b7   Thumb Code     0  startup_stm32f4xx.o(.text)
    FLASH_IRQHandler                         0x080001b7   Thumb Code     0  startup_stm32f4xx.o(.text)
    FPU_IRQHandler                           0x080001b7   Thumb Code     0  startup_stm32f4xx.o(.text)
    FSMC_IRQHandler                          0x080001b7   Thumb Code     0  startup_stm32f4xx.o(.text)
    HASH_RNG_IRQHandler                      0x080001b7   Thumb Code     0  startup_stm32f4xx.o(.text)
    I2C1_ER_IRQHandler                       0x080001b7   Thumb Code     0  startup_stm32f4xx.o(.text)
    I2C1_EV_IRQHandler                       0x080001b7   Thumb Code     0  startup_stm32f4xx.o(.text)
    I2C2_ER_IRQHandler                       0x080001b7   Thumb Code     0  startup_stm32f4xx.o(.text)
    I2C2_EV_IRQHandler                       0x080001b7   Thumb Code     0  startup_stm32f4xx.o(.text)
    I2C3_ER_IRQHandler                       0x080001b7   Thumb Code     0  startup_stm32f4xx.o(.text)
    I2C3_EV_IRQHandler                       0x080001b7   Thumb Code     0  startup_stm32f4xx.o(.text)
    OTG_FS_IRQHandler                        0x080001b7   Thumb Code     0  startup_stm32f4xx.o(.text)
    OTG_FS_WKUP_IRQHandler                   0x080001b7   Thumb Code     0  startup_stm32f4xx.o(.text)
    OTG_HS_EP1_IN_IRQHandler                 0x080001b7   Thumb Code     0  startup_stm32f4xx.o(.text)
    OTG_HS_EP1_OUT_IRQHandler                0x080001b7   Thumb Code     0  startup_stm32f4xx.o(.text)
    OTG_HS_IRQHandler                        0x080001b7   Thumb Code     0  startup_stm32f4xx.o(.text)
    OTG_HS_WKUP_IRQHandler                   0x080001b7   Thumb Code     0  startup_stm32f4xx.o(.text)
    PVD_IRQHandler                           0x080001b7   Thumb Code     0  startup_stm32f4xx.o(.text)
    RCC_IRQHandler                           0x080001b7   Thumb Code     0  startup_stm32f4xx.o(.text)
    RTC_Alarm_IRQHandler                     0x080001b7   Thumb Code     0  startup_stm32f4xx.o(.text)
    RTC_WKUP_IRQHandler                      0x080001b7   Thumb Code     0  startup_stm32f4xx.o(.text)
    SDIO_IRQHandler                          0x080001b7   Thumb Code     0  startup_stm32f4xx.o(.text)
    SPI1_IRQHandler                          0x080001b7   Thumb Code     0  startup_stm32f4xx.o(.text)
    SPI2_IRQHandler                          0x080001b7   Thumb Code     0  startup_stm32f4xx.o(.text)
    SPI3_IRQHandler                          0x080001b7   Thumb Code     0  startup_stm32f4xx.o(.text)
    TAMP_STAMP_IRQHandler                    0x080001b7   Thumb Code     0  startup_stm32f4xx.o(.text)
    TIM1_BRK_TIM9_IRQHandler                 0x080001b7   Thumb Code     0  startup_stm32f4xx.o(.text)
    TIM1_CC_IRQHandler                       0x080001b7   Thumb Code     0  startup_stm32f4xx.o(.text)
    TIM1_TRG_COM_TIM11_IRQHandler            0x080001b7   Thumb Code     0  startup_stm32f4xx.o(.text)
    TIM1_UP_TIM10_IRQHandler                 0x080001b7   Thumb Code     0  startup_stm32f4xx.o(.text)
    TIM2_IRQHandler                          0x080001b7   Thumb Code     0  startup_stm32f4xx.o(.text)
    TIM5_IRQHandler                          0x080001b7   Thumb Code     0  startup_stm32f4xx.o(.text)
    TIM6_DAC_IRQHandler                      0x080001b7   Thumb Code     0  startup_stm32f4xx.o(.text)
    TIM7_IRQHandler                          0x080001b7   Thumb Code     0  startup_stm32f4xx.o(.text)
    TIM8_BRK_TIM12_IRQHandler                0x080001b7   Thumb Code     0  startup_stm32f4xx.o(.text)
    TIM8_CC_IRQHandler                       0x080001b7   Thumb Code     0  startup_stm32f4xx.o(.text)
    TIM8_TRG_COM_TIM14_IRQHandler            0x080001b7   Thumb Code     0  startup_stm32f4xx.o(.text)
    TIM8_UP_TIM13_IRQHandler                 0x080001b7   Thumb Code     0  startup_stm32f4xx.o(.text)
    UART4_IRQHandler                         0x080001b7   Thumb Code     0  startup_stm32f4xx.o(.text)
    UART5_IRQHandler                         0x080001b7   Thumb Code     0  startup_stm32f4xx.o(.text)
    USART3_IRQHandler                        0x080001b7   Thumb Code     0  startup_stm32f4xx.o(.text)
    USART6_IRQHandler                        0x080001b7   Thumb Code     0  startup_stm32f4xx.o(.text)
    WWDG_IRQHandler                          0x080001b7   Thumb Code     0  startup_stm32f4xx.o(.text)
    __aeabi_uldivmod                         0x080001c1   Thumb Code    98  uldiv.o(.text)
    __aeabi_llsl                             0x08000223   Thumb Code    30  llshl.o(.text)
    _ll_shift_l                              0x08000223   Thumb Code     0  llshl.o(.text)
    __scatterload                            0x08000241   Thumb Code    28  init.o(.text)
    __scatterload_rt2                        0x08000241   Thumb Code     0  init.o(.text)
    __aeabi_llsr                             0x08000265   Thumb Code    32  llushr.o(.text)
    _ll_ushift_r                             0x08000265   Thumb Code     0  llushr.o(.text)
    __decompress                             0x08000285   Thumb Code     0  __dczerorl2.o(.text)
    __decompress1                            0x08000285   Thumb Code    86  __dczerorl2.o(.text)
    All_Init                                 0x080002dd   Thumb Code   102  init.o(i.All_Init)
    BusFault_Handler                         0x0800034d   Thumb Code     4  stm32f4xx_it.o(i.BusFault_Handler)
    Cam_Init                                 0x08000351   Thumb Code   532  ov7670.o(i.Cam_Init)
    DCMI_CROPCmd                             0x0800057d   Thumb Code    30  stm32f4xx_dcmi.o(i.DCMI_CROPCmd)
    DCMI_CROPConfig                          0x080005a1   Thumb Code    26  stm32f4xx_dcmi.o(i.DCMI_CROPConfig)
    DCMI_CaptureCmd                          0x080005c1   Thumb Code    30  stm32f4xx_dcmi.o(i.DCMI_CaptureCmd)
    DCMI_ClearITPendingBit                   0x080005e5   Thumb Code     6  stm32f4xx_dcmi.o(i.DCMI_ClearITPendingBit)
    DCMI_Cmd                                 0x080005f1   Thumb Code    30  stm32f4xx_dcmi.o(i.DCMI_Cmd)
    DCMI_DMA_Init                            0x08000615   Thumb Code   102  ov7670.o(i.DCMI_DMA_Init)
    DCMI_GetITStatus                         0x08000685   Thumb Code    24  stm32f4xx_dcmi.o(i.DCMI_GetITStatus)
    DCMI_IRQHandler                          0x080006a1   Thumb Code    34  dgp.o(i.DCMI_IRQHandler)
    DCMI_ITConfig                            0x080006c9   Thumb Code    30  stm32f4xx_dcmi.o(i.DCMI_ITConfig)
    DCMI_Init                                0x080006ed   Thumb Code    60  stm32f4xx_dcmi.o(i.DCMI_Init)
    DCMI_Start                               0x0800072d   Thumb Code    24  ov7670.o(i.DCMI_Start)
    DMA_Cmd                                  0x08000749   Thumb Code    22  stm32f4xx_dma.o(i.DMA_Cmd)
    DMA_DeInit                               0x08000761   Thumb Code   324  stm32f4xx_dma.o(i.DMA_DeInit)
    DMA_GetCmdStatus                         0x080008b9   Thumb Code    20  stm32f4xx_dma.o(i.DMA_GetCmdStatus)
    DMA_GetCurrDataCounter                   0x080008cd   Thumb Code     8  stm32f4xx_dma.o(i.DMA_GetCurrDataCounter)
    DMA_Init                                 0x080008d5   Thumb Code    82  stm32f4xx_dma.o(i.DMA_Init)
    DMA_SetCurrDataCounter                   0x0800092d   Thumb Code     4  stm32f4xx_dma.o(i.DMA_SetCurrDataCounter)
    Data_Receive_Prepare_2                   0x08000931   Thumb Code   216  data_transfer.o(i.Data_Receive_Prepare_2)
    Data_Receive_deal                        0x08000a19   Thumb Code   196  data_transfer.o(i.Data_Receive_deal)
    DebugMon_Handler                         0x08000aed   Thumb Code     2  stm32f4xx_it.o(i.DebugMon_Handler)
    GPIO_Init                                0x08000aef   Thumb Code   144  stm32f4xx_gpio.o(i.GPIO_Init)
    GPIO_PinAFConfig                         0x08000b7f   Thumb Code    70  stm32f4xx_gpio.o(i.GPIO_PinAFConfig)
    GPIO_ResetBits                           0x08000bc5   Thumb Code     4  stm32f4xx_gpio.o(i.GPIO_ResetBits)
    GPIO_SetBits                             0x08000bc9   Thumb Code     4  stm32f4xx_gpio.o(i.GPIO_SetBits)
    HardFault_Handler                        0x08000bcd   Thumb Code     4  stm32f4xx_it.o(i.HardFault_Handler)
    LED_GPIO_Conf                            0x08000bd1   Thumb Code    60  led.o(i.LED_GPIO_Conf)
    LED_SET                                  0x08000c11   Thumb Code    30  led.o(i.LED_SET)
    MemManage_Handler                        0x08000c35   Thumb Code     4  stm32f4xx_it.o(i.MemManage_Handler)
    NMI_Handler                              0x08000c39   Thumb Code     2  stm32f4xx_it.o(i.NMI_Handler)
    NVIC_Init                                0x08000c3d   Thumb Code   106  misc.o(i.NVIC_Init)
    NVIC_PriorityGroupConfig                 0x08000cb5   Thumb Code    10  misc.o(i.NVIC_PriorityGroupConfig)
    OV7670_Init                              0x08000cc9   Thumb Code    74  ov7670.o(i.OV7670_Init)
    OV7670_config_window                     0x08000d19   Thumb Code   200  ov7670.o(i.OV7670_config_window)
    OV_ReadID                                0x08000de1   Thumb Code    16  ov7670.o(i.OV_ReadID)
    OV_ReadReg                               0x08000df1   Thumb Code   102  ov7670.o(i.OV_ReadReg)
    OV_Reset                                 0x08000e57   Thumb Code    12  ov7670.o(i.OV_Reset)
    OV_WriteReg                              0x08000e63   Thumb Code    78  ov7670.o(i.OV_WriteReg)
    PendSV_Handler                           0x08000eb1   Thumb Code     2  stm32f4xx_it.o(i.PendSV_Handler)
    RCC_AHB1PeriphClockCmd                   0x08000eb5   Thumb Code    26  stm32f4xx_rcc.o(i.RCC_AHB1PeriphClockCmd)
    RCC_AHB2PeriphClockCmd                   0x08000ed5   Thumb Code    26  stm32f4xx_rcc.o(i.RCC_AHB2PeriphClockCmd)
    RCC_APB1PeriphClockCmd                   0x08000ef5   Thumb Code    26  stm32f4xx_rcc.o(i.RCC_APB1PeriphClockCmd)
    RCC_APB2PeriphClockCmd                   0x08000f15   Thumb Code    26  stm32f4xx_rcc.o(i.RCC_APB2PeriphClockCmd)
    RCC_GetClocksFreq                        0x08000f35   Thumb Code   214  stm32f4xx_rcc.o(i.RCC_GetClocksFreq)
    RCC_MCO1Config                           0x0800101d   Thumb Code    24  stm32f4xx_rcc.o(i.RCC_MCO1Config)
    SCCB_Init                                0x08001039   Thumb Code    50  ov7670.o(i.SCCB_Init)
    SCCB_Read                                0x08001071   Thumb Code    84  ov7670.o(i.SCCB_Read)
    SCCB_SID_IN                              0x080010c9   Thumb Code    36  ov7670.o(i.SCCB_SID_IN)
    SCCB_SID_OUT                             0x080010f1   Thumb Code    42  ov7670.o(i.SCCB_SID_OUT)
    SCCB_Start                               0x08001121   Thumb Code    64  ov7670.o(i.SCCB_Start)
    SCCB_Stop                                0x08001165   Thumb Code    50  ov7670.o(i.SCCB_Stop)
    SCCB_Write                               0x0800119d   Thumb Code   154  ov7670.o(i.SCCB_Write)
    SVC_Handler                              0x0800123d   Thumb Code     2  stm32f4xx_it.o(i.SVC_Handler)
    Send_Data                                0x08001241   Thumb Code    16  data_transfer.o(i.Send_Data)
    Send_Front_Measure                       0x08001255   Thumb Code   148  data_transfer.o(i.Send_Front_Measure)
    Send_ready                               0x080012f1   Thumb Code   112  data_transfer.o(i.Send_ready)
    SysTick_Handler                          0x08001451   Thumb Code     8  stm32f4xx_it.o(i.SysTick_Handler)
    SysTick_Init                             0x08001459   Thumb Code    90  delay.o(i.SysTick_Init)
    SystemInit                               0x080014c5   Thumb Code    88  system_stm32f4xx.o(i.SystemInit)
    TIM3_IRQHandler                          0x0800152d   Thumb Code    44  timer.o(i.TIM3_IRQHandler)
    TIM3_Int_Init                            0x08001565   Thumb Code    88  timer.o(i.TIM3_Int_Init)
    TIM4_IRQHandler                          0x080015c1   Thumb Code    46  usmart.o(i.TIM4_IRQHandler)
    TIM_ClearFlag                            0x080015f9   Thumb Code     6  stm32f4xx_tim.o(i.TIM_ClearFlag)
    TIM_ClearITPendingBit                    0x080015ff   Thumb Code     6  stm32f4xx_tim.o(i.TIM_ClearITPendingBit)
    TIM_Cmd                                  0x08001605   Thumb Code    24  stm32f4xx_tim.o(i.TIM_Cmd)
    TIM_GetCounter                           0x0800161d   Thumb Code     6  stm32f4xx_tim.o(i.TIM_GetCounter)
    TIM_GetFlagStatus                        0x08001623   Thumb Code    18  stm32f4xx_tim.o(i.TIM_GetFlagStatus)
    TIM_GetITStatus                          0x08001635   Thumb Code    34  stm32f4xx_tim.o(i.TIM_GetITStatus)
    TIM_ITConfig                             0x08001657   Thumb Code    18  stm32f4xx_tim.o(i.TIM_ITConfig)
    TIM_SetAutoreload                        0x08001669   Thumb Code     4  stm32f4xx_tim.o(i.TIM_SetAutoreload)
    TIM_SetCounter                           0x0800166d   Thumb Code     4  stm32f4xx_tim.o(i.TIM_SetCounter)
    TIM_TimeBaseInit                         0x08001671   Thumb Code   104  stm32f4xx_tim.o(i.TIM_TimeBaseInit)
    TimeTick_Decrement                       0x080016f5   Thumb Code    18  delay.o(i.TimeTick_Decrement)
    Timer4_Init                              0x0800170d   Thumb Code    86  usmart.o(i.Timer4_Init)
    USART1_IRQHandler                        0x08001769   Thumb Code   122  usart.o(i.USART1_IRQHandler)
    USART2_IRQHandler                        0x080017f1   Thumb Code     8  stm32f4xx_it.o(i.USART2_IRQHandler)
    USART_ClearITPendingBit                  0x080017f9   Thumb Code    30  stm32f4xx_usart.o(i.USART_ClearITPendingBit)
    USART_ClockInit                          0x08001817   Thumb Code    32  stm32f4xx_usart.o(i.USART_ClockInit)
    USART_Cmd                                0x08001837   Thumb Code    24  stm32f4xx_usart.o(i.USART_Cmd)
    USART_GetITStatus                        0x0800184f   Thumb Code    84  stm32f4xx_usart.o(i.USART_GetITStatus)
    USART_ITConfig                           0x080018a3   Thumb Code    74  stm32f4xx_usart.o(i.USART_ITConfig)
    USART_Init                               0x080018ed   Thumb Code   204  stm32f4xx_usart.o(i.USART_Init)
    USART_ReceiveData                        0x080019c1   Thumb Code    10  stm32f4xx_usart.o(i.USART_ReceiveData)
    UsageFault_Handler                       0x080019cb   Thumb Code     4  stm32f4xx_it.o(i.UsageFault_Handler)
    Usart2_IRQ                               0x080019d1   Thumb Code   120  usart.o(i.Usart2_IRQ)
    Usart2_Init                              0x08001a59   Thumb Code   230  usart.o(i.Usart2_Init)
    Usart2_Send                              0x08001b49   Thumb Code    62  usart.o(i.Usart2_Send)
    __0printf$8                              0x08001b95   Thumb Code    22  printf8.o(i.__0printf$8)
    __1printf$8                              0x08001b95   Thumb Code     0  printf8.o(i.__0printf$8)
    __2printf                                0x08001b95   Thumb Code     0  printf8.o(i.__0printf$8)
    __scatterload_copy                       0x08001bb5   Thumb Code    14  handlers.o(i.__scatterload_copy)
    __scatterload_null                       0x08001bc3   Thumb Code     2  handlers.o(i.__scatterload_null)
    __scatterload_zeroinit                   0x08001bc5   Thumb Code    14  handlers.o(i.__scatterload_zeroinit)
    delay_1ms                                0x08002039   Thumb Code    20  delay.o(i.delay_1ms)
    delay_ms                                 0x08002051   Thumb Code    20  delay.o(i.delay_ms)
    delay_us                                 0x08002065   Thumb Code    16  delay.o(i.delay_us)
    fputc                                    0x08002079   Thumb Code    22  usart.o(i.fputc)
    front_duty                               0x08002095   Thumb Code    22  ctrl.o(i.front_duty)
    get_target2                              0x080020b5   Thumb Code   202  dgp.o(i.get_target2)
    jpeg_data_process                        0x08002185   Thumb Code    90  dgp.o(i.jpeg_data_process)
    main                                     0x080021ed   Thumb Code    94  main.o(i.main)
    noAck                                    0x08002269   Thumb Code    64  ov7670.o(i.noAck)
    read_addr                                0x080022ad   Thumb Code     6  usmart.o(i.read_addr)
    uart_init                                0x080022b5   Thumb Code   162  usart.o(i.uart_init)
    usmart_cmd_rec                           0x08002361   Thumb Code   170  usmart.o(i.usmart_cmd_rec)
    usmart_exe                               0x08002411   Thumb Code   632  usmart.o(i.usmart_exe)
    usmart_get_aparm                         0x080026e5   Thumb Code   200  usmart_str.o(i.usmart_get_aparm)
    usmart_get_cmdname                       0x080027ad   Thumb Code    54  usmart_str.o(i.usmart_get_cmdname)
    usmart_get_fname                         0x080027e5   Thumb Code   440  usmart_str.o(i.usmart_get_fname)
    usmart_get_fparam                        0x080029a5   Thumb Code   262  usmart_str.o(i.usmart_get_fparam)
    usmart_get_parmpos                       0x08002ab1   Thumb Code    26  usmart_str.o(i.usmart_get_parmpos)
    usmart_get_runtime                       0x08002ad1   Thumb Code    60  usmart.o(i.usmart_get_runtime)
    usmart_init                              0x08002b15   Thumb Code    36  usmart.o(i.usmart_init)
    usmart_pow                               0x08002b3d   Thumb Code    22  usmart_str.o(i.usmart_pow)
    usmart_reset_runtime                     0x08002b55   Thumb Code    38  usmart.o(i.usmart_reset_runtime)
    usmart_scan                              0x08002b85   Thumb Code   120  usmart.o(i.usmart_scan)
    usmart_search_nextc                      0x08002c41   Thumb Code    22  usmart_str.o(i.usmart_search_nextc)
    usmart_str2num                           0x08002c57   Thumb Code   202  usmart_str.o(i.usmart_str2num)
    usmart_strcmp                            0x08002d21   Thumb Code    34  usmart_str.o(i.usmart_strcmp)
    usmart_strcopy                           0x08002d43   Thumb Code    22  usmart_str.o(i.usmart_strcopy)
    usmart_strlen                            0x08002d59   Thumb Code    24  usmart_str.o(i.usmart_strlen)
    usmart_sys_cmd_exe                       0x08002d71   Thumb Code  1554  usmart.o(i.usmart_sys_cmd_exe)
    write_addr                               0x08003455   Thumb Code     4  usmart.o(i.write_addr)
    Region$$Table$$Base                      0x0800368c   Number         0  anon$$obj.o(Region$$Table)
    Region$$Table$$Limit                     0x080036ac   Number         0  anon$$obj.o(Region$$Table)
    Rc_front                                 0x20000000   Data           8  ctrl.o(.data)
    ctrl_finish                              0x20000008   Data           1  ctrl.o(.data)
    ready_1                                  0x2000000f   Data           1  init.o(.data)
    ov_frame                                 0x20000010   Data           1  dgp.o(.data)
    jpeg_data_len                            0x20000014   Data           4  dgp.o(.data)
    jpeg_data_ok                             0x20000018   Data           1  dgp.o(.data)
    __stdout                                 0x2000001c   Data           4  usart.o(.data)
    USART_RX_STA                             0x20000020   Data           2  usart.o(.data)
    TxCounter                                0x20000022   Data           1  usart.o(.data)
    count                                    0x20000023   Data           1  usart.o(.data)
    SystemCoreClock                          0x20000038   Data           4  system_stm32f4xx.o(.data)
    AHBPrescTable                            0x2000003c   Data          16  system_stm32f4xx.o(.data)
    sys_cmd_tab                              0x2000004c   Data          28  usmart.o(.data)
    usmart_nametab                           0x20000068   Data          48  usmart_config.o(.data)
    usmart_dev                               0x20000098   Data         244  usmart_config.o(.data)
    data_to_send                             0x2000018c   Data          20  data_transfer.o(.bss)
    front_measure_info                       0x20000204   Data          12  dgp.o(.bss)
    back_measure_info                        0x20000210   Data          12  dgp.o(.bss)
    jpeg_buf                                 0x2000021c   Data       38400  ov7670.o(.bss)
    im                                       0x2000981c   Data       19200  ov7670.o(.bss)
    USART_RX_BUF                             0x2000e31c   Data         200  usart.o(.bss)
    TxBuffer                                 0x2000e3e4   Data         256  usart.o(.bss)
    __initial_sp                             0x2000e8e8   Data           0  startup_stm32f4xx.o(STACK)



==============================================================================

Memory Map of the image

  Image Entry point : 0x08000189

  Load Region LR_IROM1 (Base: 0x08000000, Size: 0x00003838, Max: 0x00080000, ABSOLUTE, COMPRESSED[0x00003718])

    Execution Region ER_IROM1 (Base: 0x08000000, Size: 0x000036ac, Max: 0x00080000, ABSOLUTE)

    Base Addr    Size         Type   Attr      Idx    E Section Name        Object

    0x08000000   0x00000188   Data   RO         2550    RESET               startup_stm32f4xx.o
    0x08000188   0x00000000   Code   RO         2738  * .ARM.Collect$$$$00000000  mc_w.l(entry.o)
    0x08000188   0x00000004   Code   RO         3016    .ARM.Collect$$$$00000001  mc_w.l(entry2.o)
    0x0800018c   0x00000004   Code   RO         3019    .ARM.Collect$$$$00000004  mc_w.l(entry5.o)
    0x08000190   0x00000000   Code   RO         3021    .ARM.Collect$$$$00000008  mc_w.l(entry7b.o)
    0x08000190   0x00000000   Code   RO         3023    .ARM.Collect$$$$0000000A  mc_w.l(entry8b.o)
    0x08000190   0x00000008   Code   RO         3024    .ARM.Collect$$$$0000000B  mc_w.l(entry9a.o)
    0x08000198   0x00000000   Code   RO         3026    .ARM.Collect$$$$0000000D  mc_w.l(entry10a.o)
    0x08000198   0x00000000   Code   RO         3028    .ARM.Collect$$$$0000000F  mc_w.l(entry11a.o)
    0x08000198   0x00000004   Code   RO         3017    .ARM.Collect$$$$00002712  mc_w.l(entry2.o)
    0x0800019c   0x00000024   Code   RO         2551    .text               startup_stm32f4xx.o
    0x080001c0   0x00000062   Code   RO         3032    .text               mc_w.l(uldiv.o)
    0x08000222   0x0000001e   Code   RO         3034    .text               mc_w.l(llshl.o)
    0x08000240   0x00000024   Code   RO         3047    .text               mc_w.l(init.o)
    0x08000264   0x00000020   Code   RO         3049    .text               mc_w.l(llushr.o)
    0x08000284   0x00000056   Code   RO         3059    .text               mc_w.l(__dczerorl2.o)
    0x080002da   0x00000002   PAD
    0x080002dc   0x00000070   Code   RO          273    i.All_Init          init.o
    0x0800034c   0x00000004   Code   RO          116    i.BusFault_Handler  stm32f4xx_it.o
    0x08000350   0x0000022c   Code   RO          449    i.Cam_Init          ov7670.o
    0x0800057c   0x00000024   Code   RO         2370    i.DCMI_CROPCmd      stm32f4xx_dcmi.o
    0x080005a0   0x00000020   Code   RO         2371    i.DCMI_CROPConfig   stm32f4xx_dcmi.o
    0x080005c0   0x00000024   Code   RO         2372    i.DCMI_CaptureCmd   stm32f4xx_dcmi.o
    0x080005e4   0x0000000c   Code   RO         2374    i.DCMI_ClearITPendingBit  stm32f4xx_dcmi.o
    0x080005f0   0x00000024   Code   RO         2375    i.DCMI_Cmd          stm32f4xx_dcmi.o
    0x08000614   0x00000070   Code   RO          450    i.DCMI_DMA_Init     ov7670.o
    0x08000684   0x0000001c   Code   RO         2378    i.DCMI_GetITStatus  stm32f4xx_dcmi.o
    0x080006a0   0x00000028   Code   RO          302    i.DCMI_IRQHandler   dgp.o
    0x080006c8   0x00000024   Code   RO         2379    i.DCMI_ITConfig     stm32f4xx_dcmi.o
    0x080006ec   0x00000040   Code   RO         2380    i.DCMI_Init         stm32f4xx_dcmi.o
    0x0800072c   0x0000001c   Code   RO          451    i.DCMI_Start        ov7670.o
    0x08000748   0x00000016   Code   RO         2248    i.DMA_Cmd           stm32f4xx_dma.o
    0x0800075e   0x00000002   PAD
    0x08000760   0x00000158   Code   RO         2249    i.DMA_DeInit        stm32f4xx_dma.o
    0x080008b8   0x00000014   Code   RO         2253    i.DMA_GetCmdStatus  stm32f4xx_dma.o
    0x080008cc   0x00000008   Code   RO         2254    i.DMA_GetCurrDataCounter  stm32f4xx_dma.o
    0x080008d4   0x00000058   Code   RO         2260    i.DMA_Init          stm32f4xx_dma.o
    0x0800092c   0x00000004   Code   RO         2263    i.DMA_SetCurrDataCounter  stm32f4xx_dma.o
    0x08000930   0x000000e8   Code   RO          212    i.Data_Receive_Prepare_2  data_transfer.o
    0x08000a18   0x000000d4   Code   RO          213    i.Data_Receive_deal  data_transfer.o
    0x08000aec   0x00000002   Code   RO          117    i.DebugMon_Handler  stm32f4xx_it.o
    0x08000aee   0x00000090   Code   RO          972    i.GPIO_Init         stm32f4xx_gpio.o
    0x08000b7e   0x00000046   Code   RO          973    i.GPIO_PinAFConfig  stm32f4xx_gpio.o
    0x08000bc4   0x00000004   Code   RO          979    i.GPIO_ResetBits    stm32f4xx_gpio.o
    0x08000bc8   0x00000004   Code   RO          980    i.GPIO_SetBits      stm32f4xx_gpio.o
    0x08000bcc   0x00000004   Code   RO          118    i.HardFault_Handler  stm32f4xx_it.o
    0x08000bd0   0x00000040   Code   RO          655    i.LED_GPIO_Conf     led.o
    0x08000c10   0x00000024   Code   RO          656    i.LED_SET           led.o
    0x08000c34   0x00000004   Code   RO          119    i.MemManage_Handler  stm32f4xx_it.o
    0x08000c38   0x00000002   Code   RO          120    i.NMI_Handler       stm32f4xx_it.o
    0x08000c3a   0x00000002   PAD
    0x08000c3c   0x00000078   Code   RO          746    i.NVIC_Init         misc.o
    0x08000cb4   0x00000014   Code   RO          747    i.NVIC_PriorityGroupConfig  misc.o
    0x08000cc8   0x00000050   Code   RO          453    i.OV7670_Init       ov7670.o
    0x08000d18   0x000000c8   Code   RO          454    i.OV7670_config_window  ov7670.o
    0x08000de0   0x00000010   Code   RO          455    i.OV_ReadID         ov7670.o
    0x08000df0   0x00000066   Code   RO          456    i.OV_ReadReg        ov7670.o
    0x08000e56   0x0000000c   Code   RO          457    i.OV_Reset          ov7670.o
    0x08000e62   0x0000004e   Code   RO          458    i.OV_WriteReg       ov7670.o
    0x08000eb0   0x00000002   Code   RO          121    i.PendSV_Handler    stm32f4xx_it.o
    0x08000eb2   0x00000002   PAD
    0x08000eb4   0x00000020   Code   RO         1249    i.RCC_AHB1PeriphClockCmd  stm32f4xx_rcc.o
    0x08000ed4   0x00000020   Code   RO         1252    i.RCC_AHB2PeriphClockCmd  stm32f4xx_rcc.o
    0x08000ef4   0x00000020   Code   RO         1258    i.RCC_APB1PeriphClockCmd  stm32f4xx_rcc.o
    0x08000f14   0x00000020   Code   RO         1261    i.RCC_APB2PeriphClockCmd  stm32f4xx_rcc.o
    0x08000f34   0x000000e8   Code   RO         1270    i.RCC_GetClocksFreq  stm32f4xx_rcc.o
    0x0800101c   0x0000001c   Code   RO         1281    i.RCC_MCO1Config    stm32f4xx_rcc.o
    0x08001038   0x00000038   Code   RO          459    i.SCCB_Init         ov7670.o
    0x08001070   0x00000058   Code   RO          460    i.SCCB_Read         ov7670.o
    0x080010c8   0x00000028   Code   RO          461    i.SCCB_SID_IN       ov7670.o
    0x080010f0   0x00000030   Code   RO          462    i.SCCB_SID_OUT      ov7670.o
    0x08001120   0x00000044   Code   RO          463    i.SCCB_Start        ov7670.o
    0x08001164   0x00000038   Code   RO          464    i.SCCB_Stop         ov7670.o
    0x0800119c   0x000000a0   Code   RO          465    i.SCCB_Write        ov7670.o
    0x0800123c   0x00000002   Code   RO          122    i.SVC_Handler       stm32f4xx_it.o
    0x0800123e   0x00000002   PAD
    0x08001240   0x00000014   Code   RO          215    i.Send_Data         data_transfer.o
    0x08001254   0x0000009c   Code   RO          216    i.Send_Front_Measure  data_transfer.o
    0x080012f0   0x00000074   Code   RO          218    i.Send_ready        data_transfer.o
    0x08001364   0x000000ec   Code   RO         2516    i.SetSysClock       system_stm32f4xx.o
    0x08001450   0x00000008   Code   RO          123    i.SysTick_Handler   stm32f4xx_it.o
    0x08001458   0x0000006c   Code   RO          700    i.SysTick_Init      delay.o
    0x080014c4   0x00000068   Code   RO         2518    i.SystemInit        system_stm32f4xx.o
    0x0800152c   0x00000038   Code   RO          677    i.TIM3_IRQHandler   timer.o
    0x08001564   0x0000005c   Code   RO          678    i.TIM3_Int_Init     timer.o
    0x080015c0   0x00000038   Code   RO         2566    i.TIM4_IRQHandler   usmart.o
    0x080015f8   0x00000006   Code   RO         1698    i.TIM_ClearFlag     stm32f4xx_tim.o
    0x080015fe   0x00000006   Code   RO         1699    i.TIM_ClearITPendingBit  stm32f4xx_tim.o
    0x08001604   0x00000018   Code   RO         1704    i.TIM_Cmd           stm32f4xx_tim.o
    0x0800161c   0x00000006   Code   RO         1723    i.TIM_GetCounter    stm32f4xx_tim.o
    0x08001622   0x00000012   Code   RO         1724    i.TIM_GetFlagStatus  stm32f4xx_tim.o
    0x08001634   0x00000022   Code   RO         1725    i.TIM_GetITStatus   stm32f4xx_tim.o
    0x08001656   0x00000012   Code   RO         1729    i.TIM_ITConfig      stm32f4xx_tim.o
    0x08001668   0x00000004   Code   RO         1764    i.TIM_SetAutoreload  stm32f4xx_tim.o
    0x0800166c   0x00000004   Code   RO         1770    i.TIM_SetCounter    stm32f4xx_tim.o
    0x08001670   0x00000084   Code   RO         1776    i.TIM_TimeBaseInit  stm32f4xx_tim.o
    0x080016f4   0x00000018   Code   RO          701    i.TimeTick_Decrement  delay.o
    0x0800170c   0x0000005c   Code   RO         2567    i.Timer4_Init       usmart.o
    0x08001768   0x00000088   Code   RO          580    i.USART1_IRQHandler  usart.o
    0x080017f0   0x00000008   Code   RO          124    i.USART2_IRQHandler  stm32f4xx_it.o
    0x080017f8   0x0000001e   Code   RO         1066    i.USART_ClearITPendingBit  stm32f4xx_usart.o
    0x08001816   0x00000020   Code   RO         1067    i.USART_ClockInit   stm32f4xx_usart.o
    0x08001836   0x00000018   Code   RO         1069    i.USART_Cmd         stm32f4xx_usart.o
    0x0800184e   0x00000054   Code   RO         1073    i.USART_GetITStatus  stm32f4xx_usart.o
    0x080018a2   0x0000004a   Code   RO         1075    i.USART_ITConfig    stm32f4xx_usart.o
    0x080018ec   0x000000d4   Code   RO         1076    i.USART_Init        stm32f4xx_usart.o
    0x080019c0   0x0000000a   Code   RO         1083    i.USART_ReceiveData  stm32f4xx_usart.o
    0x080019ca   0x00000004   Code   RO          125    i.UsageFault_Handler  stm32f4xx_it.o
    0x080019ce   0x00000002   PAD
    0x080019d0   0x00000088   Code   RO          583    i.Usart2_IRQ        usart.o
    0x08001a58   0x000000f0   Code   RO          584    i.Usart2_Init       usart.o
    0x08001b48   0x0000004c   Code   RO          585    i.Usart2_Send       usart.o
    0x08001b94   0x00000020   Code   RO         2948    i.__0printf$8       mc_w.l(printf8.o)
    0x08001bb4   0x0000000e   Code   RO         3053    i.__scatterload_copy  mc_w.l(handlers.o)
    0x08001bc2   0x00000002   Code   RO         3054    i.__scatterload_null  mc_w.l(handlers.o)
    0x08001bc4   0x0000000e   Code   RO         3055    i.__scatterload_zeroinit  mc_w.l(handlers.o)
    0x08001bd2   0x00000002   PAD
    0x08001bd4   0x00000410   Code   RO         2955    i._printf_core      mc_w.l(printf8.o)
    0x08001fe4   0x00000024   Code   RO         2956    i._printf_post_padding  mc_w.l(printf8.o)
    0x08002008   0x0000002e   Code   RO         2957    i._printf_pre_padding  mc_w.l(printf8.o)
    0x08002036   0x00000002   PAD
    0x08002038   0x00000018   Code   RO          702    i.delay_1ms         delay.o
    0x08002050   0x00000014   Code   RO          703    i.delay_ms          delay.o
    0x08002064   0x00000014   Code   RO          704    i.delay_us          delay.o
    0x08002078   0x0000001c   Code   RO          587    i.fputc             usart.o
    0x08002094   0x00000020   Code   RO          189    i.front_duty        ctrl.o
    0x080020b4   0x000000d0   Code   RO          305    i.get_target2       dgp.o
    0x08002184   0x00000068   Code   RO          306    i.jpeg_data_process  dgp.o
    0x080021ec   0x0000007c   Code   RO            2    i.main              main.o
    0x08002268   0x00000044   Code   RO          466    i.noAck             ov7670.o
    0x080022ac   0x00000006   Code   RO         2568    i.read_addr         usmart.o
    0x080022b2   0x00000002   PAD
    0x080022b4   0x000000ac   Code   RO          588    i.uart_init         usart.o
    0x08002360   0x000000b0   Code   RO         2569    i.usmart_cmd_rec    usmart.o
    0x08002410   0x000002d4   Code   RO         2570    i.usmart_exe        usmart.o
    0x080026e4   0x000000c8   Code   RO         2663    i.usmart_get_aparm  usmart_str.o
    0x080027ac   0x00000036   Code   RO         2664    i.usmart_get_cmdname  usmart_str.o
    0x080027e2   0x00000002   PAD
    0x080027e4   0x000001c0   Code   RO         2665    i.usmart_get_fname  usmart_str.o
    0x080029a4   0x0000010c   Code   RO         2666    i.usmart_get_fparam  usmart_str.o
    0x08002ab0   0x00000020   Code   RO         2667    i.usmart_get_parmpos  usmart_str.o
    0x08002ad0   0x00000044   Code   RO         2571    i.usmart_get_runtime  usmart.o
    0x08002b14   0x00000028   Code   RO         2572    i.usmart_init       usmart.o
    0x08002b3c   0x00000016   Code   RO         2668    i.usmart_pow        usmart_str.o
    0x08002b52   0x00000002   PAD
    0x08002b54   0x00000030   Code   RO         2573    i.usmart_reset_runtime  usmart.o
    0x08002b84   0x000000bc   Code   RO         2574    i.usmart_scan       usmart.o
    0x08002c40   0x00000016   Code   RO         2669    i.usmart_search_nextc  usmart_str.o
    0x08002c56   0x000000ca   Code   RO         2670    i.usmart_str2num    usmart_str.o
    0x08002d20   0x00000022   Code   RO         2671    i.usmart_strcmp     usmart_str.o
    0x08002d42   0x00000016   Code   RO         2672    i.usmart_strcopy    usmart_str.o
    0x08002d58   0x00000018   Code   RO         2673    i.usmart_strlen     usmart_str.o
    0x08002d70   0x000006e4   Code   RO         2575    i.usmart_sys_cmd_exe  usmart.o
    0x08003454   0x00000004   Code   RO         2576    i.write_addr        usmart.o
    0x08003458   0x00000162   Data   RO          468    .constdata          ov7670.o
    0x080035ba   0x00000002   PAD
    0x080035bc   0x00000028   Data   RO         2577    .conststring        usmart.o
    0x080035e4   0x000000a8   Data   RO         2646    .conststring        usmart_config.o
    0x0800368c   0x00000020   Data   RO         3051    Region$$Table       anon$$obj.o


    Execution Region RW_IRAM1 (Base: 0x20000000, Size: 0x0000e8e8, Max: 0x00020000, ABSOLUTE, COMPRESSED[0x0000006c])

    Base Addr    Size         Type   Attr      Idx    E Section Name        Object

    0x20000000   0x00000009   Data   RW          190    .data               ctrl.o
    0x20000009   0x00000006   Data   RW          220    .data               data_transfer.o
    0x2000000f   0x00000001   Data   RW          274    .data               init.o
    0x20000010   0x00000009   Data   RW          310    .data               dgp.o
    0x20000019   0x00000003   PAD
    0x2000001c   0x00000008   Data   RW          590    .data               usart.o
    0x20000024   0x00000004   Data   RW          705    .data               delay.o
    0x20000028   0x00000010   Data   RW         1293    .data               stm32f4xx_rcc.o
    0x20000038   0x00000014   Data   RW         2519    .data               system_stm32f4xx.o
    0x2000004c   0x0000001c   Data   RW         2578    .data               usmart.o
    0x20000068   0x00000124   Data   RW         2647    .data               usmart_config.o
    0x2000018c   0x00000078   Zero   RW          219    .bss                data_transfer.o
    0x20000204   0x00000018   Zero   RW          309    .bss                dgp.o
    0x2000021c   0x0000e100   Zero   RW          467    .bss                ov7670.o
    0x2000e31c   0x000001c8   Zero   RW          589    .bss                usart.o
    0x2000e4e4   0x00000004   PAD
    0x2000e4e8   0x00000400   Zero   RW         2548    STACK               startup_stm32f4xx.o


==============================================================================

Image component sizes


      Code (inc. data)   RO Data    RW Data    ZI Data      Debug   Object Name

        32         10          0          9          0       1088   ctrl.o
       736         48          0          6        120       4999   data_transfer.o
       196         32          0          4          0      21417   delay.o
       352         26          0          9         24       3035   dgp.o
       112         10          0          1          0        789   init.o
       100         10          0          0          0       1066   led.o
       124         30          0          0          0     276781   main.o
       140         24          0          0          0       1639   misc.o
      1768         84        354          0      57600      11596   ov7670.o
        36          8        392          0       1024        840   startup_stm32f4xx.o
       280         44          0          0          0       5002   stm32f4xx_dcmi.o
       486         26          0          0          0       5019   stm32f4xx_dma.o
       222          0          0          0          0       3027   stm32f4xx_gpio.o
        40          0          0          0          0       4842   stm32f4xx_it.o
       388         46          0         16          0       5793   stm32f4xx_rcc.o
       252         28          0          0          0       6828   stm32f4xx_tim.o
       466          8          0          0          0       5754   stm32f4xx_usart.o
       340         32          0         20          0       1961   system_stm32f4xx.o
       148         16          0          0          0       1198   timer.o
       788         70          0          8        456       6074   usart.o
      3166       1332         40         28          0       8050   usmart.o
         0          0        168        292          0       1572   usmart_config.o
      1328         20          0          0          0       8833   usmart_str.o

    ----------------------------------------------------------------------
     11516       1904        988        396      59228     387203   Object Totals
         0          0         32          0          0          0   (incl. Generated)
        16          0          2          3          4          0   (incl. Padding)

    ----------------------------------------------------------------------

      Code (inc. data)   RO Data    RW Data    ZI Data      Debug   Library Member Name

        86          0          0          0          0          0   __dczerorl2.o
         0          0          0          0          0          0   entry.o
         0          0          0          0          0          0   entry10a.o
         0          0          0          0          0          0   entry11a.o
         8          4          0          0          0          0   entry2.o
         4          0          0          0          0          0   entry5.o
         0          0          0          0          0          0   entry7b.o
         0          0          0          0          0          0   entry8b.o
         8          4          0          0          0          0   entry9a.o
        30          0          0          0          0          0   handlers.o
        36          8          0          0          0         68   init.o
        30          0          0          0          0         68   llshl.o
        32          0          0          0          0         68   llushr.o
      1154         54          0          0          0        352   printf8.o
        98          0          0          0          0         92   uldiv.o

    ----------------------------------------------------------------------
      1492         70          0          0          0        648   Library Totals
         6          0          0          0          0          0   (incl. Padding)

    ----------------------------------------------------------------------

      Code (inc. data)   RO Data    RW Data    ZI Data      Debug   Library Name

      1486         70          0          0          0        648   mc_w.l

    ----------------------------------------------------------------------
      1492         70          0          0          0        648   Library Totals

    ----------------------------------------------------------------------

==============================================================================


      Code (inc. data)   RO Data    RW Data    ZI Data      Debug   

     13008       1974        988        396      59228     376475   Grand Totals
     13008       1974        988        108      59228     376475   ELF Image Totals (compressed)
     13008       1974        988        108          0          0   ROM Totals

==============================================================================

    Total RO  Size (Code + RO Data)                13996 (  13.67kB)
    Total RW  Size (RW Data + ZI Data)             59624 (  58.23kB)
    Total ROM Size (Code + RO Data + RW Data)      14104 (  13.77kB)

==============================================================================

