Component: ARM Compiler 5.05 update 2 (build 169) Tool: armlink [4d0f33]

==============================================================================

Section Cross References

    main.o(i.main) refers to init.o(i.All_Init) for All_Init
    main.o(i.main) refers to data_transfer.o(i.Send_ready) for Send_ready
    main.o(i.main) refers to stm32f4xx_gpio.o(i.GPIO_ResetBits) for GPIO_ResetBits
    main.o(i.main) refers to dgp.o(i.get_info) for get_info
    main.o(i.main) refers to stm32f4xx_gpio.o(i.GPIO_SetBits) for GPIO_SetBits
    main.o(i.main) refers to ctrl.o(i.front_duty) for front_duty
    main.o(i.main) refers to init.o(.data) for ready_1
    main.o(i.main) refers to ov7670.o(.bss) for jpeg_buf
    main.o(i.main) refers to dgp.o(.data) for jpeg_data_ok
    stm32f4xx_it.o(i.SysTick_Handler) refers to delay.o(i.TimeTick_Decrement) for TimeTick_Decrement
    stm32f4xx_it.o(i.USART2_IRQHandler) refers to usart.o(i.Usart2_IRQ) for Usart2_IRQ
    ctrl.o(i.front_duty) refers to data_transfer.o(i.Send_ready) for Send_ready
    ctrl.o(i.front_duty) refers to data_transfer.o(i.Send_Front_Measure) for Send_Front_Measure
    ctrl.o(i.front_duty) refers to init.o(.data) for ready_1
    ctrl.o(i.front_duty) refers to dgp.o(.data) for front_measure_info
    data_transfer.o(i.Data_Receive_Prepare_1) refers to data_transfer.o(i.Data_Receive_deal) for Data_Receive_deal
    data_transfer.o(i.Data_Receive_Prepare_1) refers to data_transfer.o(.data) for state
    data_transfer.o(i.Data_Receive_Prepare_1) refers to data_transfer.o(.bss) for RxBuffer
    data_transfer.o(i.Data_Receive_Prepare_2) refers to data_transfer.o(i.Data_Receive_deal) for Data_Receive_deal
    data_transfer.o(i.Data_Receive_Prepare_2) refers to data_transfer.o(.data) for state
    data_transfer.o(i.Data_Receive_Prepare_2) refers to data_transfer.o(.bss) for RxBuffer
    data_transfer.o(i.Data_Receive_deal) refers to dgp.o(.data) for front_measure_info
    data_transfer.o(i.Data_Receive_deal) refers to ctrl.o(.data) for Rc_front
    data_transfer.o(i.Send_Back_Measure) refers to data_transfer.o(i.Send_Data) for Send_Data
    data_transfer.o(i.Send_Back_Measure) refers to data_transfer.o(.bss) for data_to_send
    data_transfer.o(i.Send_Data) refers to usart.o(i.Usart2_Send) for Usart2_Send
    data_transfer.o(i.Send_Data) refers to data_transfer.o(.bss) for data_to_send
    data_transfer.o(i.Send_Front_Measure) refers to data_transfer.o(i.Send_Data) for Send_Data
    data_transfer.o(i.Send_Front_Measure) refers to data_transfer.o(.bss) for data_to_send
    data_transfer.o(i.Send_Rc) refers to data_transfer.o(i.Send_Data) for Send_Data
    data_transfer.o(i.Send_Rc) refers to data_transfer.o(.bss) for data_to_send
    data_transfer.o(i.Send_ready) refers to data_transfer.o(i.Send_Data) for Send_Data
    data_transfer.o(i.Send_ready) refers to data_transfer.o(.bss) for data_to_send
    init.o(i.All_Init) refers to misc.o(i.NVIC_PriorityGroupConfig) for NVIC_PriorityGroupConfig
    init.o(i.All_Init) refers to system_stm32f4xx.o(i.SystemInit) for SystemInit
    init.o(i.All_Init) refers to led.o(i.LED_GPIO_Conf) for LED_GPIO_Conf
    init.o(i.All_Init) refers to delay.o(i.SysTick_Init) for SysTick_Init
    init.o(i.All_Init) refers to usart.o(i.Usart2_Init) for Usart2_Init
    init.o(i.All_Init) refers to pwm_out.o(i.PWM_Out_Init) for PWM_Out_Init
    init.o(i.All_Init) refers to usart.o(i.uart_init) for uart_init
    init.o(i.All_Init) refers to timer.o(i.TIM3_Int_Init) for TIM3_Int_Init
    init.o(i.All_Init) refers to ov7670.o(i.OV7670_Init) for OV7670_Init
    init.o(i.All_Init) refers to stm32f4xx_gpio.o(i.GPIO_ResetBits) for GPIO_ResetBits
    init.o(i.All_Init) refers to delay.o(i.delay_ms) for delay_ms
    init.o(i.All_Init) refers to stm32f4xx_gpio.o(i.GPIO_SetBits) for GPIO_SetBits
    init.o(i.All_Init) refers to stm32f4xx_usart.o(i.USART_SendData) for USART_SendData
    init.o(i.All_Init) refers to ov7670.o(i.DCMI_Start) for DCMI_Start
    init.o(i.All_Init) refers to usmart_config.o(.data) for usmart_dev
    dgp.o(i.DCMI_IRQHandler) refers to stm32f4xx_dcmi.o(i.DCMI_GetITStatus) for DCMI_GetITStatus
    dgp.o(i.DCMI_IRQHandler) refers to dgp.o(i.jpeg_data_process) for jpeg_data_process
    dgp.o(i.DCMI_IRQHandler) refers to stm32f4xx_dcmi.o(i.DCMI_ClearITPendingBit) for DCMI_ClearITPendingBit
    dgp.o(i.DCMI_IRQHandler) refers to dgp.o(.data) for ov_frame
    dgp.o(i.get_info) refers to f2d.o(.text) for __aeabi_f2d
    dgp.o(i.get_info) refers to dmul.o(.text) for __aeabi_dmul
    dgp.o(i.get_info) refers to d2f.o(.text) for __aeabi_d2f
    dgp.o(i.get_info) refers to dadd.o(.text) for __aeabi_dadd
    dgp.o(i.jpeg_data_process) refers to stm32f4xx_dma.o(i.DMA_Cmd) for DMA_Cmd
    dgp.o(i.jpeg_data_process) refers to stm32f4xx_dma.o(i.DMA_GetCmdStatus) for DMA_GetCmdStatus
    dgp.o(i.jpeg_data_process) refers to stm32f4xx_dma.o(i.DMA_GetCurrDataCounter) for DMA_GetCurrDataCounter
[...]
    Removing stm32f4xx_tim.o(i.TIM_SelectCOM), (24 bytes).
    Removing stm32f4xx_tim.o(i.TIM_SelectHallSensor), (24 bytes).
    Removing stm32f4xx_tim.o(i.TIM_SelectInputTrigger), (18 bytes).
    Removing stm32f4xx_tim.o(i.TIM_SelectMasterSlaveMode), (18 bytes).
    Removing stm32f4xx_tim.o(i.TIM_SelectOCxM), (86 bytes).
    Removing stm32f4xx_tim.o(i.TIM_SelectOnePulseMode), (18 bytes).
    Removing stm32f4xx_tim.o(i.TIM_SelectOutputTrigger), (18 bytes).
    Removing stm32f4xx_tim.o(i.TIM_SelectSlaveMode), (18 bytes).
    Removing stm32f4xx_tim.o(i.TIM_SetClockDivision), (18 bytes).
    Removing stm32f4xx_tim.o(i.TIM_SetCompare1), (4 bytes).
    Removing stm32f4xx_tim.o(i.TIM_SetCompare2), (4 bytes).
    Removing stm32f4xx_tim.o(i.TIM_SetCompare3), (4 bytes).
    Removing stm32f4xx_tim.o(i.TIM_SetCompare4), (4 bytes).
    Removing stm32f4xx_tim.o(i.TIM_SetIC1Prescaler), (18 bytes).
    Removing stm32f4xx_tim.o(i.TIM_SetIC2Prescaler), (26 bytes).
    Removing stm32f4xx_tim.o(i.TIM_SetIC3Prescaler), (18 bytes).
    Removing stm32f4xx_tim.o(i.TIM_SetIC4Prescaler), (26 bytes).
    Removing stm32f4xx_tim.o(i.TIM_TIxExternalClockConfig), (62 bytes).
    Removing stm32f4xx_tim.o(i.TIM_UpdateDisableConfig), (24 bytes).
    Removing stm32f4xx_tim.o(i.TIM_UpdateRequestConfig), (24 bytes).
    Removing stm32f4xx_dma.o(.emb_text), (8 bytes).
    Removing stm32f4xx_dma.o(i.DMA_ClearFlag), (52 bytes).
    Removing stm32f4xx_dma.o(i.DMA_ClearITPendingBit), (52 bytes).
    Removing stm32f4xx_dma.o(i.DMA_DoubleBufferModeCmd), (22 bytes).
    Removing stm32f4xx_dma.o(i.DMA_DoubleBufferModeConfig), (24 bytes).
    Removing stm32f4xx_dma.o(i.DMA_FlowControllerConfig), (22 bytes).
    Removing stm32f4xx_dma.o(i.DMA_GetCurrentMemoryTarget), (20 bytes).
    Removing stm32f4xx_dma.o(i.DMA_GetFIFOStatus), (12 bytes).
    Removing stm32f4xx_dma.o(i.DMA_GetFlagStatus), (68 bytes).
    Removing stm32f4xx_dma.o(i.DMA_GetITStatus), (100 bytes).
    Removing stm32f4xx_dma.o(i.DMA_ITConfig), (58 bytes).
    Removing stm32f4xx_dma.o(i.DMA_MemoryTargetConfig), (10 bytes).
    Removing stm32f4xx_dma.o(i.DMA_PeriphIncOffsetSizeConfig), (22 bytes).
    Removing stm32f4xx_dma.o(i.DMA_StructInit), (34 bytes).
    Removing stm32f4xx_dcmi.o(.emb_text), (8 bytes).
    Removing stm32f4xx_dcmi.o(i.DCMI_ClearFlag), (12 bytes).
    Removing stm32f4xx_dcmi.o(i.DCMI_DeInit), (28 bytes).
    Removing stm32f4xx_dcmi.o(i.DCMI_GetFlagStatus), (52 bytes).
    Removing stm32f4xx_dcmi.o(i.DCMI_JPEGCmd), (36 bytes).
    Removing stm32f4xx_dcmi.o(i.DCMI_ReadData), (12 bytes).
    Removing stm32f4xx_dcmi.o(i.DCMI_SetEmbeddedSynchroCodes), (32 bytes).
    Removing stm32f4xx_dcmi.o(i.DCMI_StructInit), (18 bytes).
    Removing stm32f4xx_syscfg.o(.emb_text), (8 bytes).
    Removing stm32f4xx_syscfg.o(i.SYSCFG_CompensationCellCmd), (12 bytes).
    Removing stm32f4xx_syscfg.o(i.SYSCFG_DeInit), (22 bytes).
    Removing stm32f4xx_syscfg.o(i.SYSCFG_ETH_MediaInterfaceConfig), (12 bytes).
    Removing stm32f4xx_syscfg.o(i.SYSCFG_EXTILineConfig), (64 bytes).
    Removing stm32f4xx_syscfg.o(i.SYSCFG_GetCompensationCellStatus), (24 bytes).
    Removing stm32f4xx_syscfg.o(i.SYSCFG_MemoryRemapConfig), (12 bytes).
    Removing system_stm32f4xx.o(.emb_text), (8 bytes).
    Removing system_stm32f4xx.o(i.SystemCoreClockUpdate), (192 bytes).
    Removing startup_stm32f4xx.o(HEAP), (512 bytes).
    Removing sys.o(.emb_text), (24 bytes).
    Removing usmart.o(.emb_text), (8 bytes).
    Removing usmart_config.o(.emb_text), (8 bytes).
    Removing usmart_str.o(.emb_text), (8 bytes).
    Removing dflti.o(.text), (34 bytes).
    Removing cdcmple.o(.text), (48 bytes).

281 unused section(s) (total 12838 bytes) removed from the image.

==============================================================================

Image Symbol Table

    Local Symbols

    Symbol Name                              Value     Ov Type        Size  Object(Section)

    ../clib/../cmprslib/zerorunl2.c          0x00000000   Number         0  __dczerorl2.o ABSOLUTE
    ../clib/microlib/division.c              0x00000000   Number         0  uidiv.o ABSOLUTE
    ../clib/microlib/division.c              0x00000000   Number         0  uldiv.o ABSOLUTE
    ../clib/microlib/init/entry.s            0x00000000   Number         0  entry.o ABSOLUTE
    ../clib/microlib/init/entry.s            0x00000000   Number         0  entry9b.o ABSOLUTE
    ../clib/microlib/init/entry.s            0x00000000   Number         0  entry9a.o ABSOLUTE
    ../clib/microlib/init/entry.s            0x00000000   Number         0  entry11b.o ABSOLUTE
    ../clib/microlib/init/entry.s            0x00000000   Number         0  entry5.o ABSOLUTE
    ../clib/microlib/init/entry.s            0x00000000   Number         0  entry7a.o ABSOLUTE
    ../clib/microlib/init/entry.s            0x00000000   Number         0  entry7b.o ABSOLUTE
    ../clib/microlib/init/entry.s            0x00000000   Number         0  entry11a.o ABSOLUTE
    ../clib/microlib/init/entry.s            0x00000000   Number         0  entry10b.o ABSOLUTE
    ../clib/microlib/init/entry.s            0x00000000   Number         0  entry10a.o ABSOLUTE
    ../clib/microlib/init/entry.s            0x00000000   Number         0  entry8b.o ABSOLUTE
    ../clib/microlib/init/entry.s            0x00000000   Number         0  entry2.o ABSOLUTE
    ../clib/microlib/init/entry.s            0x00000000   Number         0  entry8a.o ABSOLUTE
    ../clib/microlib/longlong.c              0x00000000   Number         0  llushr.o ABSOLUTE
    ../clib/microlib/longlong.c              0x00000000   Number         0  llsshr.o ABSOLUTE
    ../clib/microlib/longlong.c              0x00000000   Number         0  llshl.o ABSOLUTE
    ../clib/microlib/printf/printf.c         0x00000000   Number         0  printf5.o ABSOLUTE
    ../clib/microlib/printf/printf.c         0x00000000   Number         0  printfa.o ABSOLUTE
    ../clib/microlib/printf/printf.c         0x00000000   Number         0  printf2.o ABSOLUTE
    ../clib/microlib/printf/printf.c         0x00000000   Number         0  printf4.o ABSOLUTE
    ../clib/microlib/printf/printf.c         0x00000000   Number         0  printf8.o ABSOLUTE
    ../clib/microlib/printf/printf.c         0x00000000   Number         0  printfb.o ABSOLUTE
    ../clib/microlib/printf/printf.c         0x00000000   Number         0  printf7.o ABSOLUTE
    ../clib/microlib/printf/printf.c         0x00000000   Number         0  printf0.o ABSOLUTE
    ../clib/microlib/printf/printf.c         0x00000000   Number         0  printf6.o ABSOLUTE
    ../clib/microlib/printf/printf.c         0x00000000   Number         0  printf3.o ABSOLUTE
    ../clib/microlib/printf/printf.c         0x00000000   Number         0  printf1.o ABSOLUTE
    ../clib/microlib/printf/stubs.s          0x00000000   Number         0  stubs.o ABSOLUTE
    ../clib/microlib/stubs.s                 0x00000000   Number         0  useno.o ABSOLUTE
    ../clib/microlib/stubs.s                 0x00000000   Number         0  iusefp.o ABSOLUTE
    ../fplib/microlib/d2f.c                  0x00000000   Number         0  d2f.o ABSOLUTE
    ../fplib/microlib/f2d.c                  0x00000000   Number         0  f2d.o ABSOLUTE
    ../fplib/microlib/fpadd.c                0x00000000   Number         0  dadd.o ABSOLUTE
    ../fplib/microlib/fpdiv.c                0x00000000   Number         0  ddiv.o ABSOLUTE
    ../fplib/microlib/fpepilogue.c           0x00000000   Number         0  depilogue.o ABSOLUTE
    ../fplib/microlib/fpepilogue.c           0x00000000   Number         0  fepilogue.o ABSOLUTE
    ../fplib/microlib/fpfix.c                0x00000000   Number         0  dfixul.o ABSOLUTE
    ../fplib/microlib/fpflt.c                0x00000000   Number         0  dflti.o ABSOLUTE
    ../fplib/microlib/fpmul.c                0x00000000   Number         0  dmul.o ABSOLUTE
    ..\Hardware\delay.c                      0x00000000   Number         0  delay.o ABSOLUTE
    ..\Hardware\led.c                        0x00000000   Number         0  led.o ABSOLUTE
    ..\Hardware\ov7670.c                     0x00000000   Number         0  ov7670.o ABSOLUTE
    ..\Hardware\pwm_out.c                    0x00000000   Number         0  pwm_out.o ABSOLUTE
    ..\Hardware\timer.c                      0x00000000   Number         0  timer.o ABSOLUTE
    ..\Hardware\usart.c                      0x00000000   Number         0  usart.o ABSOLUTE
    ..\Libraries\CMSIS\src\system_stm32f4xx.c 0x00000000   Number         0  system_stm32f4xx.o ABSOLUTE
    ..\Libraries\FWlib\src\misc.c            0x00000000   Number         0  misc.o ABSOLUTE
    ..\Libraries\FWlib\src\stm32f4xx_dcmi.c  0x00000000   Number         0  stm32f4xx_dcmi.o ABSOLUTE
    ..\Libraries\FWlib\src\stm32f4xx_dma.c   0x00000000   Number         0  stm32f4xx_dma.o ABSOLUTE
    ..\Libraries\FWlib\src\stm32f4xx_exti.c  0x00000000   Number         0  stm32f4xx_exti.o ABSOLUTE
    ..\Libraries\FWlib\src\stm32f4xx_fsmc.c  0x00000000   Number         0  stm32f4xx_fsmc.o ABSOLUTE
    ..\Libraries\FWlib\src\stm32f4xx_gpio.c  0x00000000   Number         0  stm32f4xx_gpio.o ABSOLUTE
    ..\Libraries\FWlib\src\stm32f4xx_rcc.c   0x00000000   Number         0  stm32f4xx_rcc.o ABSOLUTE
    ..\Libraries\FWlib\src\stm32f4xx_spi.c   0x00000000   Number         0  stm32f4xx_spi.o ABSOLUTE
    ..\Libraries\FWlib\src\stm32f4xx_syscfg.c 0x00000000   Number         0  stm32f4xx_syscfg.o ABSOLUTE
    ..\Libraries\FWlib\src\stm32f4xx_tim.c   0x00000000   Number         0  stm32f4xx_tim.o ABSOLUTE
    ..\Libraries\FWlib\src\stm32f4xx_usart.c 0x00000000   Number         0  stm32f4xx_usart.o ABSOLUTE
    ..\Startup\startup_stm32f4xx.s           0x00000000   Number         0  startup_stm32f4xx.o ABSOLUTE
    ..\Startup\sys.c                         0x00000000   Number         0  sys.o ABSOLUTE
    ..\User\ctrl.c                           0x00000000   Number         0  ctrl.o ABSOLUTE
    ..\User\data_transfer.c                  0x00000000   Number         0  data_transfer.o ABSOLUTE
    ..\User\dgp.c                            0x00000000   Number         0  dgp.o ABSOLUTE
    ..\User\init.c                           0x00000000   Number         0  init.o ABSOLUTE
    ..\User\main.c                           0x00000000   Number         0  main.o ABSOLUTE
    ..\User\mymath.c                         0x00000000   Number         0  mymath.o ABSOLUTE
    ..\User\stm32f4xx_it.c                   0x00000000   Number         0  stm32f4xx_it.o ABSOLUTE
    ..\User\test.c                           0x00000000   Number         0  test.o ABSOLUTE
    ..\\Hardware\\delay.c                    0x00000000   Number         0  delay.o ABSOLUTE
    ..\\Hardware\\led.c                      0x00000000   Number         0  led.o ABSOLUTE
    ..\\Hardware\\ov7670.c                   0x00000000   Number         0  ov7670.o ABSOLUTE
    ..\\Hardware\\pwm_out.c                  0x00000000   Number         0  pwm_out.o ABSOLUTE
    ..\\Hardware\\timer.c                    0x00000000   Number         0  timer.o ABSOLUTE
    ..\\Hardware\\usart.c                    0x00000000   Number         0  usart.o ABSOLUTE
    ..\\Libraries\\CMSIS\\src\\system_stm32f4xx.c 0x00000000   Number         0  system_stm32f4xx.o ABSOLUTE
    ..\\Libraries\\FWlib\\src\\misc.c        0x00000000   Number         0  misc.o ABSOLUTE
    ..\\Libraries\\FWlib\\src\\stm32f4xx_dcmi.c 0x00000000   Number         0  stm32f4xx_dcmi.o ABSOLUTE
    ..\\Libraries\\FWlib\\src\\stm32f4xx_dma.c 0x00000000   Number         0  stm32f4xx_dma.o ABSOLUTE
    ..\\Libraries\\FWlib\\src\\stm32f4xx_exti.c 0x00000000   Number         0  stm32f4xx_exti.o ABSOLUTE
    ..\\Libraries\\FWlib\\src\\stm32f4xx_fsmc.c 0x00000000   Number         0  stm32f4xx_fsmc.o ABSOLUTE
    ..\\Libraries\\FWlib\\src\\stm32f4xx_gpio.c 0x00000000   Number         0  stm32f4xx_gpio.o ABSOLUTE
    ..\\Libraries\\FWlib\\src\\stm32f4xx_rcc.c 0x00000000   Number         0  stm32f4xx_rcc.o ABSOLUTE
    ..\\Libraries\\FWlib\\src\\stm32f4xx_spi.c 0x00000000   Number         0  stm32f4xx_spi.o ABSOLUTE
    ..\\Libraries\\FWlib\\src\\stm32f4xx_syscfg.c 0x00000000   Number         0  stm32f4xx_syscfg.o ABSOLUTE
    ..\\Libraries\\FWlib\\src\\stm32f4xx_tim.c 0x00000000   Number         0  stm32f4xx_tim.o ABSOLUTE
    ..\\Libraries\\FWlib\\src\\stm32f4xx_usart.c 0x00000000   Number         0  stm32f4xx_usart.o ABSOLUTE
    ..\\Startup\\sys.c                       0x00000000   Number         0  sys.o ABSOLUTE
    ..\\User\\ctrl.c                         0x00000000   Number         0  ctrl.o ABSOLUTE
    ..\\User\\data_transfer.c                0x00000000   Number         0  data_transfer.o ABSOLUTE
    ..\\User\\dgp.c                          0x00000000   Number         0  dgp.o ABSOLUTE
    ..\\User\\init.c                         0x00000000   Number         0  init.o ABSOLUTE
    ..\\User\\main.c                         0x00000000   Number         0  main.o ABSOLUTE
    ..\\User\\mymath.c                       0x00000000   Number         0  mymath.o ABSOLUTE
    ..\\User\\stm32f4xx_it.c                 0x00000000   Number         0  stm32f4xx_it.o ABSOLUTE
    ..\\User\\test.c                         0x00000000   Number         0  test.o ABSOLUTE
    ..\\usmart\\usmart.c                     0x00000000   Number         0  usmart.o ABSOLUTE
    ..\\usmart\\usmart_config.c              0x00000000   Number         0  usmart_config.o ABSOLUTE
    ..\\usmart\\usmart_str.c                 0x00000000   Number         0  usmart_str.o ABSOLUTE
    ..\usmart\usmart.c                       0x00000000   Number         0  usmart.o ABSOLUTE
    ..\usmart\usmart_config.c                0x00000000   Number         0  usmart_config.o ABSOLUTE
    ..\usmart\usmart_str.c                   0x00000000   Number         0  usmart_str.o ABSOLUTE
    cdcmple.s                                0x00000000   Number         0  cdcmple.o ABSOLUTE
    cdrcmple.s                               0x00000000   Number         0  cdrcmple.o ABSOLUTE
    dc.s                                     0x00000000   Number         0  dc.o ABSOLUTE
    handlers.s                               0x00000000   Number         0  handlers.o ABSOLUTE
    init.s                                   0x00000000   Number         0  init.o ABSOLUTE
    RESET                                    0x08000000   Section      392  startup_stm32f4xx.o(RESET)
    .ARM.Collect$$$$00000000                 0x08000188   Section        0  entry.o(.ARM.Collect$$$$00000000)
    .ARM.Collect$$$$00000001                 0x08000188   Section        4  entry2.o(.ARM.Collect$$$$00000001)
    .ARM.Collect$$$$00000004                 0x0800018c   Section        4  entry5.o(.ARM.Collect$$$$00000004)
    .ARM.Collect$$$$00000008                 0x08000190   Section        0  entry7b.o(.ARM.Collect$$$$00000008)
    .ARM.Collect$$$$0000000A                 0x08000190   Section        0  entry8b.o(.ARM.Collect$$$$0000000A)
    .ARM.Collect$$$$0000000B                 0x08000190   Section        8  entry9a.o(.ARM.Collect$$$$0000000B)
    .ARM.Collect$$$$0000000D                 0x08000198   Section        0  entry10a.o(.ARM.Collect$$$$0000000D)
    .ARM.Collect$$$$0000000F                 0x08000198   Section        0  entry11a.o(.ARM.Collect$$$$0000000F)
    .ARM.Collect$$$$00002712                 0x08000198   Section        4  entry2.o(.ARM.Collect$$$$00002712)
    __lit__00000000                          0x08000198   Data           4  entry2.o(.ARM.Collect$$$$00002712)
    .text                                    0x0800019c   Section       36  startup_stm32f4xx.o(.text)
    $v0                                      0x0800019c   Number         0  startup_stm32f4xx.o(.text)
    .text                                    0x080001c0   Section        0  dadd.o(.text)
    .text                                    0x0800030e   Section        0  dmul.o(.text)
    .text                                    0x080003f2   Section        0  f2d.o(.text)
    .text                                    0x08000418   Section       48  cdrcmple.o(.text)
    .text                                    0x08000448   Section        0  d2f.o(.text)
    .text                                    0x08000480   Section        0  uidiv.o(.text)
    .text                                    0x080004ac   Section        0  uldiv.o(.text)
    .text                                    0x0800050e   Section        0  llshl.o(.text)
    .text                                    0x0800052c   Section        0  llsshr.o(.text)
    .text                                    0x08000550   Section        0  fepilogue.o(.text)
    .text                                    0x08000550   Section        0  iusefp.o(.text)
    .text                                    0x080005be   Section        0  depilogue.o(.text)
    .text                                    0x08000678   Section        0  ddiv.o(.text)
    .text                                    0x08000756   Section        0  dfixul.o(.text)
    .text                                    0x08000788   Section       36  init.o(.text)
    .text                                    0x080007ac   Section        0  llushr.o(.text)
    .text                                    0x080007cc   Section        0  __dczerorl2.o(.text)
    i.All_Init                               0x08000824   Section        0  init.o(i.All_Init)
    i.BusFault_Handler                       0x080008b8   Section        0  stm32f4xx_it.o(i.BusFault_Handler)
    i.Cam_Init                               0x080008bc   Section        0  ov7670.o(i.Cam_Init)
    i.DCMI_CROPCmd                           0x08000ae8   Section        0  stm32f4xx_dcmi.o(i.DCMI_CROPCmd)
    i.DCMI_CROPConfig                        0x08000b0c   Section        0  stm32f4xx_dcmi.o(i.DCMI_CROPConfig)
    i.DCMI_CaptureCmd                        0x08000b2c   Section        0  stm32f4xx_dcmi.o(i.DCMI_CaptureCmd)
    i.DCMI_ClearITPendingBit                 0x08000b50   Section        0  stm32f4xx_dcmi.o(i.DCMI_ClearITPendingBit)
    i.DCMI_Cmd                               0x08000b5c   Section        0  stm32f4xx_dcmi.o(i.DCMI_Cmd)
    i.DCMI_DMA_Init                          0x08000b80   Section        0  ov7670.o(i.DCMI_DMA_Init)
    i.DCMI_GetITStatus                       0x08000bf0   Section        0  stm32f4xx_dcmi.o(i.DCMI_GetITStatus)
    i.DCMI_IRQHandler                        0x08000c0c   Section        0  dgp.o(i.DCMI_IRQHandler)
    i.DCMI_ITConfig                          0x08000c34   Section        0  stm32f4xx_dcmi.o(i.DCMI_ITConfig)
    i.DCMI_Init                              0x08000c58   Section        0  stm32f4xx_dcmi.o(i.DCMI_Init)
    i.DCMI_Start                             0x08000c98   Section        0  ov7670.o(i.DCMI_Start)
    i.DMA_Cmd                                0x08000cb4   Section        0  stm32f4xx_dma.o(i.DMA_Cmd)
    i.DMA_DeInit                             0x08000ccc   Section        0  stm32f4xx_dma.o(i.DMA_DeInit)
    i.DMA_GetCmdStatus                       0x08000e24   Section        0  stm32f4xx_dma.o(i.DMA_GetCmdStatus)
    i.DMA_GetCurrDataCounter                 0x08000e38   Section        0  stm32f4xx_dma.o(i.DMA_GetCurrDataCounter)
    i.DMA_Init                               0x08000e40   Section        0  stm32f4xx_dma.o(i.DMA_Init)
    i.DMA_SetCurrDataCounter                 0x08000e98   Section        0  stm32f4xx_dma.o(i.DMA_SetCurrDataCounter)
    i.Data_Receive_Prepare_2                 0x08000e9c   Section        0  data_transfer.o(i.Data_Receive_Prepare_2)
    i.Data_Receive_deal                      0x08000f84   Section        0  data_transfer.o(i.Data_Receive_deal)
    i.DebugMon_Handler                       0x0800101c   Section        0  stm32f4xx_it.o(i.DebugMon_Handler)
    i.GPIO_Init                              0x0800101e   Section        0  stm32f4xx_gpio.o(i.GPIO_Init)
    i.GPIO_PinAFConfig                       0x080010ae   Section        0  stm32f4xx_gpio.o(i.GPIO_PinAFConfig)
    i.GPIO_ResetBits                         0x080010f4   Section        0  stm32f4xx_gpio.o(i.GPIO_ResetBits)
    i.GPIO_SetBits                           0x080010f8   Section        0  stm32f4xx_gpio.o(i.GPIO_SetBits)
    i.HardFault_Handler                      0x080010fc   Section        0  stm32f4xx_it.o(i.HardFault_Handler)
    i.LED_GPIO_Conf                          0x08001100   Section        0  led.o(i.LED_GPIO_Conf)
    i.LED_SET                                0x08001140   Section        0  led.o(i.LED_SET)
    i.MemManage_Handler                      0x08001164   Section        0  stm32f4xx_it.o(i.MemManage_Handler)
    i.NMI_Handler                            0x08001168   Section        0  stm32f4xx_it.o(i.NMI_Handler)
    i.NVIC_Init                              0x0800116c   Section        0  misc.o(i.NVIC_Init)
    i.NVIC_PriorityGroupConfig               0x080011e4   Section        0  misc.o(i.NVIC_PriorityGroupConfig)
    i.OV7670_Init                            0x080011f8   Section        0  ov7670.o(i.OV7670_Init)
    i.OV7670_config_window                   0x08001248   Section        0  ov7670.o(i.OV7670_config_window)
    i.OV_ReadID                              0x08001310   Section        0  ov7670.o(i.OV_ReadID)
    i.OV_ReadReg                             0x08001320   Section        0  ov7670.o(i.OV_ReadReg)
    i.OV_Reset                               0x08001386   Section        0  ov7670.o(i.OV_Reset)
    i.OV_WriteReg                            0x08001392   Section        0  ov7670.o(i.OV_WriteReg)
    i.PWM_Out_Init                           0x080013e0   Section        0  pwm_out.o(i.PWM_Out_Init)
    i.PendSV_Handler                         0x080015f8   Section        0  stm32f4xx_it.o(i.PendSV_Handler)
    i.RCC_AHB1PeriphClockCmd                 0x080015fc   Section        0  stm32f4xx_rcc.o(i.RCC_AHB1PeriphClockCmd)
    i.RCC_AHB2PeriphClockCmd                 0x0800161c   Section        0  stm32f4xx_rcc.o(i.RCC_AHB2PeriphClockCmd)
    i.RCC_APB1PeriphClockCmd                 0x0800163c   Section        0  stm32f4xx_rcc.o(i.RCC_APB1PeriphClockCmd)
    i.RCC_APB2PeriphClockCmd                 0x0800165c   Section        0  stm32f4xx_rcc.o(i.RCC_APB2PeriphClockCmd)
    i.RCC_GetClocksFreq                      0x0800167c   Section        0  stm32f4xx_rcc.o(i.RCC_GetClocksFreq)
    i.RCC_MCO1Config                         0x08001764   Section        0  stm32f4xx_rcc.o(i.RCC_MCO1Config)
    i.SCCB_Init                              0x08001780   Section        0  ov7670.o(i.SCCB_Init)
    i.SCCB_Read                              0x080017b8   Section        0  ov7670.o(i.SCCB_Read)
    i.SCCB_SID_IN                            0x08001810   Section        0  ov7670.o(i.SCCB_SID_IN)
    i.SCCB_SID_OUT                           0x08001838   Section        0  ov7670.o(i.SCCB_SID_OUT)
    i.SCCB_Start                             0x08001868   Section        0  ov7670.o(i.SCCB_Start)
    i.SCCB_Stop                              0x080018ac   Section        0  ov7670.o(i.SCCB_Stop)
    i.SCCB_Write                             0x080018e4   Section        0  ov7670.o(i.SCCB_Write)
    i.SVC_Handler                            0x08001984   Section        0  stm32f4xx_it.o(i.SVC_Handler)
    i.Send_Data                              0x08001988   Section        0  data_transfer.o(i.Send_Data)
    i.Send_Front_Measure                     0x0800199c   Section        0  data_transfer.o(i.Send_Front_Measure)
    i.Send_ready                             0x08001a0c   Section        0  data_transfer.o(i.Send_ready)
    i.SetSysClock                            0x08001a80   Section        0  system_stm32f4xx.o(i.SetSysClock)
    SetSysClock                              0x08001a81   Thumb Code   220  system_stm32f4xx.o(i.SetSysClock)
    i.SysTick_Handler                        0x08001b6c   Section        0  stm32f4xx_it.o(i.SysTick_Handler)
    i.SysTick_Init                           0x08001b74   Section        0  delay.o(i.SysTick_Init)
    i.SystemInit                             0x08001be0   Section        0  system_stm32f4xx.o(i.SystemInit)
    i.TIM3_IRQHandler                        0x08001c48   Section        0  timer.o(i.TIM3_IRQHandler)
    i.TIM3_Int_Init                          0x08001d28   Section        0  timer.o(i.TIM3_Int_Init)
    i.TIM4_IRQHandler                        0x08001d84   Section        0  usmart.o(i.TIM4_IRQHandler)
    i.TIM_ARRPreloadConfig                   0x08001dbc   Section        0  stm32f4xx_tim.o(i.TIM_ARRPreloadConfig)
    i.TIM_ClearFlag                          0x08001dd4   Section        0  stm32f4xx_tim.o(i.TIM_ClearFlag)
    i.TIM_ClearITPendingBit                  0x08001dda   Section        0  stm32f4xx_tim.o(i.TIM_ClearITPendingBit)
    i.TIM_Cmd                                0x08001de0   Section        0  stm32f4xx_tim.o(i.TIM_Cmd)
    i.TIM_CtrlPWMOutputs                     0x08001df8   Section        0  stm32f4xx_tim.o(i.TIM_CtrlPWMOutputs)
    i.TIM_GetCounter                         0x08001e16   Section        0  stm32f4xx_tim.o(i.TIM_GetCounter)
    i.TIM_GetFlagStatus                      0x08001e1c   Section        0  stm32f4xx_tim.o(i.TIM_GetFlagStatus)
    i.TIM_GetITStatus                        0x08001e2e   Section        0  stm32f4xx_tim.o(i.TIM_GetITStatus)
    i.TIM_ITConfig                           0x08001e50   Section        0  stm32f4xx_tim.o(i.TIM_ITConfig)
    i.TIM_OC1Init                            0x08001e64   Section        0  stm32f4xx_tim.o(i.TIM_OC1Init)
    i.TIM_OC2Init                            0x08001ee0   Section        0  stm32f4xx_tim.o(i.TIM_OC2Init)
    i.TIM_OC3Init                            0x08001f84   Section        0  stm32f4xx_tim.o(i.TIM_OC3Init)
    i.TIM_OC3PreloadConfig                   0x08002024   Section        0  stm32f4xx_tim.o(i.TIM_OC3PreloadConfig)
    i.TIM_OC4Init                            0x08002038   Section        0  stm32f4xx_tim.o(i.TIM_OC4Init)
    i.TIM_OC4PreloadConfig                   0x080020b0   Section        0  stm32f4xx_tim.o(i.TIM_OC4PreloadConfig)
    i.TIM_OCStructInit                       0x080020ca   Section        0  stm32f4xx_tim.o(i.TIM_OCStructInit)
    i.TIM_SetAutoreload                      0x080020de   Section        0  stm32f4xx_tim.o(i.TIM_SetAutoreload)
    i.TIM_SetCounter                         0x080020e2   Section        0  stm32f4xx_tim.o(i.TIM_SetCounter)
    i.TIM_TimeBaseInit                       0x080020e8   Section        0  stm32f4xx_tim.o(i.TIM_TimeBaseInit)
    i.TIM_TimeBaseStructInit                 0x0800216c   Section        0  stm32f4xx_tim.o(i.TIM_TimeBaseStructInit)
    i.TimeTick_Decrement                     0x08002180   Section        0  delay.o(i.TimeTick_Decrement)
    i.Timer4_Init                            0x08002198   Section        0  usmart.o(i.Timer4_Init)
    i.USART1_IRQHandler                      0x080021f4   Section        0  usart.o(i.USART1_IRQHandler)
    i.USART2_IRQHandler                      0x0800227c   Section        0  stm32f4xx_it.o(i.USART2_IRQHandler)
    i.USART_ClearITPendingBit                0x08002284   Section        0  stm32f4xx_usart.o(i.USART_ClearITPendingBit)
    i.USART_ClockInit                        0x080022a2   Section        0  stm32f4xx_usart.o(i.USART_ClockInit)
    i.USART_Cmd                              0x080022c2   Section        0  stm32f4xx_usart.o(i.USART_Cmd)
    i.USART_GetITStatus                      0x080022da   Section        0  stm32f4xx_usart.o(i.USART_GetITStatus)
    i.USART_ITConfig                         0x0800232e   Section        0  stm32f4xx_usart.o(i.USART_ITConfig)
    i.USART_Init                             0x08002378   Section        0  stm32f4xx_usart.o(i.USART_Init)
    i.USART_ReceiveData                      0x0800244c   Section        0  stm32f4xx_usart.o(i.USART_ReceiveData)
    i.USART_SendData                         0x08002456   Section        0  stm32f4xx_usart.o(i.USART_SendData)
    i.UsageFault_Handler                     0x0800245e   Section        0  stm32f4xx_it.o(i.UsageFault_Handler)
    i.Usart2_IRQ                             0x08002464   Section        0  usart.o(i.Usart2_IRQ)
    i.Usart2_Init                            0x080024ec   Section        0  usart.o(i.Usart2_Init)
    i.Usart2_Send                            0x080025dc   Section        0  usart.o(i.Usart2_Send)
    i.__0printf                              0x08002628   Section        0  printfa.o(i.__0printf)
    i.__scatterload_copy                     0x08002648   Section       14  handlers.o(i.__scatterload_copy)
    i.__scatterload_null                     0x08002656   Section        2  handlers.o(i.__scatterload_null)
    i.__scatterload_zeroinit                 0x08002658   Section       14  handlers.o(i.__scatterload_zeroinit)
    i._fp_digits                             0x08002668   Section        0  printfa.o(i._fp_digits)
    _fp_digits                               0x08002669   Thumb Code   334  printfa.o(i._fp_digits)
    i._printf_core                           0x080027cc   Section        0  printfa.o(i._printf_core)
    _printf_core                             0x080027cd   Thumb Code  1744  printfa.o(i._printf_core)
    i._printf_post_padding                   0x08002ea8   Section        0  printfa.o(i._printf_post_padding)
    _printf_post_padding                     0x08002ea9   Thumb Code    36  printfa.o(i._printf_post_padding)
    i._printf_pre_padding                    0x08002ecc   Section        0  printfa.o(i._printf_pre_padding)
    _printf_pre_padding                      0x08002ecd   Thumb Code    46  printfa.o(i._printf_pre_padding)
    i.delay_1ms                              0x08002efc   Section        0  delay.o(i.delay_1ms)
    i.delay_ms                               0x08002f14   Section        0  delay.o(i.delay_ms)
    i.delay_us                               0x08002f28   Section        0  delay.o(i.delay_us)
    i.fputc                                  0x08002f3c   Section        0  usart.o(i.fputc)
    i.front_duty                             0x08002f58   Section        0  ctrl.o(i.front_duty)
    i.get_info                               0x08002f80   Section        0  dgp.o(i.get_info)
    i.jpeg_data_process                      0x08003208   Section        0  dgp.o(i.jpeg_data_process)
    i.main                                   0x08003270   Section        0  main.o(i.main)
    i.noAck                                  0x080032d0   Section        0  ov7670.o(i.noAck)
    i.read_addr                              0x08003314   Section        0  usmart.o(i.read_addr)
    i.set_Back_Measure                       0x0800331c   Section        0  test.o(i.set_Back_Measure)
    i.set_Front_Measure                      0x08003328   Section        0  test.o(i.set_Front_Measure)
    i.set_Rc                                 0x08003334   Section        0  test.o(i.set_Rc)
    i.uart_init                              0x08003348   Section        0  usart.o(i.uart_init)
    i.usmart_cmd_rec                         0x080033f4   Section        0  usmart.o(i.usmart_cmd_rec)
    i.usmart_exe                             0x080034a4   Section        0  usmart.o(i.usmart_exe)
    i.usmart_get_aparm                       0x08003778   Section        0  usmart_str.o(i.usmart_get_aparm)
    i.usmart_get_cmdname                     0x08003840   Section        0  usmart_str.o(i.usmart_get_cmdname)
    i.usmart_get_fname                       0x08003878   Section        0  usmart_str.o(i.usmart_get_fname)
    i.usmart_get_fparam                      0x08003a38   Section        0  usmart_str.o(i.usmart_get_fparam)
    i.usmart_get_parmpos                     0x08003b44   Section        0  usmart_str.o(i.usmart_get_parmpos)
    i.usmart_get_runtime                     0x08003b64   Section        0  usmart.o(i.usmart_get_runtime)
    i.usmart_init                            0x08003ba8   Section        0  usmart.o(i.usmart_init)
    i.usmart_pow                             0x08003bd0   Section        0  usmart_str.o(i.usmart_pow)
    i.usmart_reset_runtime                   0x08003be8   Section        0  usmart.o(i.usmart_reset_runtime)
    i.usmart_scan                            0x08003c18   Section        0  usmart.o(i.usmart_scan)
    i.usmart_search_nextc                    0x08003cd4   Section        0  usmart_str.o(i.usmart_search_nextc)
    i.usmart_str2num                         0x08003cea   Section        0  usmart_str.o(i.usmart_str2num)
    i.usmart_strcmp                          0x08003db4   Section        0  usmart_str.o(i.usmart_strcmp)
    i.usmart_strcopy                         0x08003dd6   Section        0  usmart_str.o(i.usmart_strcopy)
    i.usmart_strlen                          0x08003dec   Section        0  usmart_str.o(i.usmart_strlen)
    i.usmart_sys_cmd_exe                     0x08003e04   Section        0  usmart.o(i.usmart_sys_cmd_exe)
    i.write_addr                             0x080044e8   Section        0  usmart.o(i.write_addr)
    .constdata                               0x080044ec   Section      334  ov7670.o(.constdata)
    ov7670_init_reg_tbl                      0x080044ec   Data         334  ov7670.o(.constdata)
    .conststring                             0x0800463c   Section       40  usmart.o(.conststring)
    .conststring                             0x08004664   Section      286  usmart_config.o(.conststring)
    .data                                    0x20000000   Section        8  ctrl.o(.data)
    .data                                    0x20000008   Section        6  data_transfer.o(.data)
    _data_len                                0x20000008   Data           1  data_transfer.o(.data)
    _data_cnt                                0x20000009   Data           1  data_transfer.o(.data)
    state                                    0x2000000a   Data           1  data_transfer.o(.data)
    _data_len                                0x2000000b   Data           1  data_transfer.o(.data)
    _data_cnt                                0x2000000c   Data           1  data_transfer.o(.data)
    state                                    0x2000000d   Data           1  data_transfer.o(.data)
    .data                                    0x2000000e   Section        1  init.o(.data)
    .data                                    0x20000010   Section       28  dgp.o(.data)
    .data                                    0x2000002c   Section        8  usart.o(.data)
    .data                                    0x20000034   Section        4  delay.o(.data)
    TimingDelay                              0x20000034   Data           4  delay.o(.data)
    .data                                    0x20000038   Section       16  stm32f4xx_rcc.o(.data)
    APBAHBPrescTable                         0x20000038   Data          16  stm32f4xx_rcc.o(.data)
    .data                                    0x20000048   Section       20  system_stm32f4xx.o(.data)
    .data                                    0x2000005c   Section       28  usmart.o(.data)
    .data                                    0x20000078   Section      316  usmart_config.o(.data)
    .bss                                     0x200001b4   Section      120  data_transfer.o(.bss)
    RxBuffer                                 0x200001c8   Data          50  data_transfer.o(.bss)
    RxBuffer                                 0x200001fa   Data          50  data_transfer.o(.bss)
    .bss                                     0x2000022c   Section    57600  ov7670.o(.bss)
    .bss                                     0x2000e32c   Section      456  usart.o(.bss)
    STACK                                    0x2000e4f8   Section     1024  startup_stm32f4xx.o(STACK)

    Global Symbols

    Symbol Name                              Value     Ov Type        Size  Object(Section)

    BuildAttributes$$THM_ISAv4$E$P$D$K$B$S$7EM$VFPi3$EXTD16$VFPS$VFMA$PE$A:L22UL41UL21$X:L11$S22US41US21$IEEE1$IW$USESV6$~STKCKD$USESV7$~SHL$OTIME$ROPI$EBA8$MICROLIB$REQ8$PRES8$EABIv2 0x00000000   Number         0  anon$$obj.o ABSOLUTE
    __ARM_use_no_argv                        0x00000000   Number         0  main.o ABSOLUTE
    __use_no_errno                           0x00000000   Number         0  useno.o ABSOLUTE
    __use_no_exception_handling              0x00000000   Number         0  useno.o ABSOLUTE
    __use_no_fp                              0x00000000   Number         0  useno.o ABSOLUTE
    __use_no_heap                            0x00000000   Number         0  useno.o ABSOLUTE
    __use_no_heap_region                     0x00000000   Number         0  useno.o ABSOLUTE
    __use_no_semihosting                     0x00000000   Number         0  useno.o ABSOLUTE
    __use_no_semihosting_swi                 0x00000000   Number         0  useno.o ABSOLUTE
    __use_no_signal_handling                 0x00000000   Number         0  useno.o ABSOLUTE
    _printf_a                                0x00000000   Number         0  stubs.o ABSOLUTE
    _printf_c                                0x00000000   Number         0  stubs.o ABSOLUTE
    _printf_charcount                        0x00000000   Number         0  stubs.o ABSOLUTE
    _printf_d                                0x00000000   Number         0  stubs.o ABSOLUTE
    _printf_e                                0x00000000   Number         0  stubs.o ABSOLUTE
    _printf_f                                0x00000000   Number         0  stubs.o ABSOLUTE
    _printf_flags                            0x00000000   Number         0  stubs.o ABSOLUTE
    _printf_fp_dec                           0x00000000   Number         0  stubs.o ABSOLUTE
    _printf_fp_hex                           0x00000000   Number         0  stubs.o ABSOLUTE
    _printf_g                                0x00000000   Number         0  stubs.o ABSOLUTE
    _printf_i                                0x00000000   Number         0  stubs.o ABSOLUTE
    _printf_int_dec                          0x00000000   Number         0  stubs.o ABSOLUTE
    _printf_l                                0x00000000   Number         0  stubs.o ABSOLUTE
    _printf_lc                               0x00000000   Number         0  stubs.o ABSOLUTE
    _printf_ll                               0x00000000   Number         0  stubs.o ABSOLUTE
    _printf_lld                              0x00000000   Number         0  stubs.o ABSOLUTE
    _printf_lli                              0x00000000   Number         0  stubs.o ABSOLUTE
    _printf_llo                              0x00000000   Number         0  stubs.o ABSOLUTE
    _printf_llu                              0x00000000   Number         0  stubs.o ABSOLUTE
    _printf_llx                              0x00000000   Number         0  stubs.o ABSOLUTE
    _printf_longlong_dec                     0x00000000   Number         0  stubs.o ABSOLUTE
    _printf_longlong_hex                     0x00000000   Number         0  stubs.o ABSOLUTE
    _printf_longlong_oct                     0x00000000   Number         0  stubs.o ABSOLUTE
    _printf_ls                               0x00000000   Number         0  stubs.o ABSOLUTE
    _printf_mbtowc                           0x00000000   Number         0  stubs.o ABSOLUTE
    _printf_n                                0x00000000   Number         0  stubs.o ABSOLUTE
    _printf_o                                0x00000000   Number         0  stubs.o ABSOLUTE
    _printf_p                                0x00000000   Number         0  stubs.o ABSOLUTE
    _printf_percent                          0x00000000   Number         0  stubs.o ABSOLUTE
    _printf_pre_padding                      0x00000000   Number         0  stubs.o ABSOLUTE
    _printf_return_value                     0x00000000   Number         0  stubs.o ABSOLUTE
    _printf_s                                0x00000000   Number         0  stubs.o ABSOLUTE
    _printf_sizespec                         0x00000000   Number         0  stubs.o ABSOLUTE
    _printf_str                              0x00000000   Number         0  stubs.o ABSOLUTE
    _printf_truncate_signed                  0x00000000   Number         0  stubs.o ABSOLUTE
    _printf_truncate_unsigned                0x00000000   Number         0  stubs.o ABSOLUTE
    _printf_u                                0x00000000   Number         0  stubs.o ABSOLUTE
    _printf_wc                               0x00000000   Number         0  stubs.o ABSOLUTE
    _printf_wctomb                           0x00000000   Number         0  stubs.o ABSOLUTE
    _printf_widthprec                        0x00000000   Number         0  stubs.o ABSOLUTE
    _printf_x                                0x00000000   Number         0  stubs.o ABSOLUTE
    __cpp_initialize__aeabi_                  - Undefined Weak Reference
    __cxa_finalize                            - Undefined Weak Reference
    _clock_init                               - Undefined Weak Reference
    _microlib_exit                            - Undefined Weak Reference
    __Vectors_Size                           0x00000188   Number         0  startup_stm32f4xx.o ABSOLUTE
    __Vectors                                0x08000000   Data           4  startup_stm32f4xx.o(RESET)
    __Vectors_End                            0x08000188   Data           0  startup_stm32f4xx.o(RESET)
    __main                                   0x08000189   Thumb Code     0  entry.o(.ARM.Collect$$$$00000000)
    _main_stk                                0x08000189   Thumb Code     0  entry2.o(.ARM.Collect$$$$00000001)
    _main_scatterload                        0x0800018d   Thumb Code     0  entry5.o(.ARM.Collect$$$$00000004)
    __main_after_scatterload                 0x08000191   Thumb Code     0  entry5.o(.ARM.Collect$$$$00000004)
    _main_clock                              0x08000191   Thumb Code     0  entry7b.o(.ARM.Collect$$$$00000008)
    _main_cpp_init                           0x08000191   Thumb Code     0  entry8b.o(.ARM.Collect$$$$0000000A)
    _main_init                               0x08000191   Thumb Code     0  entry9a.o(.ARM.Collect$$$$0000000B)
    __rt_final_cpp                           0x08000199   Thumb Code     0  entry10a.o(.ARM.Collect$$$$0000000D)
    __rt_final_exit                          0x08000199   Thumb Code     0  entry11a.o(.ARM.Collect$$$$0000000F)
    Reset_Handler                            0x0800019d   Thumb Code     8  startup_stm32f4xx.o(.text)
    ADC_IRQHandler                           0x080001b7   Thumb Code     0  startup_stm32f4xx.o(.text)
    CAN1_RX0_IRQHandler                      0x080001b7   Thumb Code     0  startup_stm32f4xx.o(.text)
    CAN1_RX1_IRQHandler                      0x080001b7   Thumb Code     0  startup_stm32f4xx.o(.text)
    CAN1_SCE_IRQHandler                      0x080001b7   Thumb Code     0  startup_stm32f4xx.o(.text)
    CAN1_TX_IRQHandler                       0x080001b7   Thumb Code     0  startup_stm32f4xx.o(.text)
    CAN2_RX0_IRQHandler                      0x080001b7   Thumb Code     0  startup_stm32f4xx.o(.text)
    CAN2_RX1_IRQHandler                      0x080001b7   Thumb Code     0  startup_stm32f4xx.o(.text)
    CAN2_SCE_IRQHandler                      0x080001b7   Thumb Code     0  startup_stm32f4xx.o(.text)
    CAN2_TX_IRQHandler                       0x080001b7   Thumb Code     0  startup_stm32f4xx.o(.text)
    CRYP_IRQHandler                          0x080001b7   Thumb Code     0  startup_stm32f4xx.o(.text)
    DMA1_Stream0_IRQHandler                  0x080001b7   Thumb Code     0  startup_stm32f4xx.o(.text)
    DMA1_Stream1_IRQHandler                  0x080001b7   Thumb Code     0  startup_stm32f4xx.o(.text)
    DMA1_Stream2_IRQHandler                  0x080001b7   Thumb Code     0  startup_stm32f4xx.o(.text)
    DMA1_Stream3_IRQHandler                  0x080001b7   Thumb Code     0  startup_stm32f4xx.o(.text)
    DMA1_Stream4_IRQHandler                  0x080001b7   Thumb Code     0  startup_stm32f4xx.o(.text)
    DMA1_Stream5_IRQHandler                  0x080001b7   Thumb Code     0  startup_stm32f4xx.o(.text)
    DMA1_Stream6_IRQHandler                  0x080001b7   Thumb Code     0  startup_stm32f4xx.o(.text)
    DMA1_Stream7_IRQHandler                  0x080001b7   Thumb Code     0  startup_stm32f4xx.o(.text)
    DMA2_Stream0_IRQHandler                  0x080001b7   Thumb Code     0  startup_stm32f4xx.o(.text)
    DMA2_Stream1_IRQHandler                  0x080001b7   Thumb Code     0  startup_stm32f4xx.o(.text)
    DMA2_Stream2_IRQHandler                  0x080001b7   Thumb Code     0  startup_stm32f4xx.o(.text)
    DMA2_Stream3_IRQHandler                  0x080001b7   Thumb Code     0  startup_stm32f4xx.o(.text)
    DMA2_Stream4_IRQHandler                  0x080001b7   Thumb Code     0  startup_stm32f4xx.o(.text)
    DMA2_Stream5_IRQHandler                  0x080001b7   Thumb Code     0  startup_stm32f4xx.o(.text)
    DMA2_Stream6_IRQHandler                  0x080001b7   Thumb Code     0  startup_stm32f4xx.o(.text)
    DMA2_Stream7_IRQHandler                  0x080001b7   Thumb Code     0  startup_stm32f4xx.o(.text)
    ETH_IRQHandler                           0x080001b7   Thumb Code     0  startup_stm32f4xx.o(.text)
    ETH_WKUP_IRQHandler                      0x080001b7   Thumb Code     0  startup_stm32f4xx.o(.text)
    EXTI0_IRQHandler                         0x080001b7   Thumb Code     0  startup_stm32f4xx.o(.text)
    EXTI15_10_IRQHandler                     0x080001b7   Thumb Code     0  startup_stm32f4xx.o(.text)
    EXTI1_IRQHandler                         0x080001b7   Thumb Code     0  startup_stm32f4xx.o(.text)
    EXTI2_IRQHandler                         0x080001b7   Thumb Code     0  startup_stm32f4xx.o(.text)
    EXTI3_IRQHandler                         0x080001b7   Thumb Code     0  startup_stm32f4xx.o(.text)
    EXTI4_IRQHandler                         0x080001b7   Thumb Code     0  startup_stm32f4xx.o(.text)
    EXTI9_5_IRQHandler                       0x080001b7   Thumb Code     0  startup_stm32f4xx.o(.text)
    FLASH_IRQHandler                         0x080001b7   Thumb Code     0  startup_stm32f4xx.o(.text)
    FPU_IRQHandler                           0x080001b7   Thumb Code     0  startup_stm32f4xx.o(.text)
    FSMC_IRQHandler                          0x080001b7   Thumb Code     0  startup_stm32f4xx.o(.text)
    HASH_RNG_IRQHandler                      0x080001b7   Thumb Code     0  startup_stm32f4xx.o(.text)
    I2C1_ER_IRQHandler                       0x080001b7   Thumb Code     0  startup_stm32f4xx.o(.text)
    I2C1_EV_IRQHandler                       0x080001b7   Thumb Code     0  startup_stm32f4xx.o(.text)
    I2C2_ER_IRQHandler                       0x080001b7   Thumb Code     0  startup_stm32f4xx.o(.text)
    I2C2_EV_IRQHandler                       0x080001b7   Thumb Code     0  startup_stm32f4xx.o(.text)
    I2C3_ER_IRQHandler                       0x080001b7   Thumb Code     0  startup_stm32f4xx.o(.text)
    I2C3_EV_IRQHandler                       0x080001b7   Thumb Code     0  startup_stm32f4xx.o(.text)
    OTG_FS_IRQHandler                        0x080001b7   Thumb Code     0  startup_stm32f4xx.o(.text)
    OTG_FS_WKUP_IRQHandler                   0x080001b7   Thumb Code     0  startup_stm32f4xx.o(.text)
    OTG_HS_EP1_IN_IRQHandler                 0x080001b7   Thumb Code     0  startup_stm32f4xx.o(.text)
    OTG_HS_EP1_OUT_IRQHandler                0x080001b7   Thumb Code     0  startup_stm32f4xx.o(.text)
    OTG_HS_IRQHandler                        0x080001b7   Thumb Code     0  startup_stm32f4xx.o(.text)
    OTG_HS_WKUP_IRQHandler                   0x080001b7   Thumb Code     0  startup_stm32f4xx.o(.text)
    PVD_IRQHandler                           0x080001b7   Thumb Code     0  startup_stm32f4xx.o(.text)
    RCC_IRQHandler                           0x080001b7   Thumb Code     0  startup_stm32f4xx.o(.text)
    RTC_Alarm_IRQHandler                     0x080001b7   Thumb Code     0  startup_stm32f4xx.o(.text)
    RTC_WKUP_IRQHandler                      0x080001b7   Thumb Code     0  startup_stm32f4xx.o(.text)
    SDIO_IRQHandler                          0x080001b7   Thumb Code     0  startup_stm32f4xx.o(.text)
    SPI1_IRQHandler                          0x080001b7   Thumb Code     0  startup_stm32f4xx.o(.text)
    SPI2_IRQHandler                          0x080001b7   Thumb Code     0  startup_stm32f4xx.o(.text)
    SPI3_IRQHandler                          0x080001b7   Thumb Code     0  startup_stm32f4xx.o(.text)
    TAMP_STAMP_IRQHandler                    0x080001b7   Thumb Code     0  startup_stm32f4xx.o(.text)
    TIM1_BRK_TIM9_IRQHandler                 0x080001b7   Thumb Code     0  startup_stm32f4xx.o(.text)
    TIM1_CC_IRQHandler                       0x080001b7   Thumb Code     0  startup_stm32f4xx.o(.text)
    TIM1_TRG_COM_TIM11_IRQHandler            0x080001b7   Thumb Code     0  startup_stm32f4xx.o(.text)
    TIM1_UP_TIM10_IRQHandler                 0x080001b7   Thumb Code     0  startup_stm32f4xx.o(.text)
    TIM2_IRQHandler                          0x080001b7   Thumb Code     0  startup_stm32f4xx.o(.text)
    TIM5_IRQHandler                          0x080001b7   Thumb Code     0  startup_stm32f4xx.o(.text)
    TIM6_DAC_IRQHandler                      0x080001b7   Thumb Code     0  startup_stm32f4xx.o(.text)
    TIM7_IRQHandler                          0x080001b7   Thumb Code     0  startup_stm32f4xx.o(.text)
    TIM8_BRK_TIM12_IRQHandler                0x080001b7   Thumb Code     0  startup_stm32f4xx.o(.text)
    TIM8_CC_IRQHandler                       0x080001b7   Thumb Code     0  startup_stm32f4xx.o(.text)
    TIM8_TRG_COM_TIM14_IRQHandler            0x080001b7   Thumb Code     0  startup_stm32f4xx.o(.text)
    TIM8_UP_TIM13_IRQHandler                 0x080001b7   Thumb Code     0  startup_stm32f4xx.o(.text)
    UART4_IRQHandler                         0x080001b7   Thumb Code     0  startup_stm32f4xx.o(.text)
    UART5_IRQHandler                         0x080001b7   Thumb Code     0  startup_stm32f4xx.o(.text)
    USART3_IRQHandler                        0x080001b7   Thumb Code     0  startup_stm32f4xx.o(.text)
    USART6_IRQHandler                        0x080001b7   Thumb Code     0  startup_stm32f4xx.o(.text)
    WWDG_IRQHandler                          0x080001b7   Thumb Code     0  startup_stm32f4xx.o(.text)
    __aeabi_dadd                             0x080001c1   Thumb Code   322  dadd.o(.text)
    __aeabi_dsub                             0x08000303   Thumb Code     6  dadd.o(.text)
    __aeabi_drsub                            0x08000309   Thumb Code     6  dadd.o(.text)
    __aeabi_dmul                             0x0800030f   Thumb Code   228  dmul.o(.text)
    __aeabi_f2d                              0x080003f3   Thumb Code    38  f2d.o(.text)
    __aeabi_cdrcmple                         0x08000419   Thumb Code    48  cdrcmple.o(.text)
    __aeabi_d2f                              0x08000449   Thumb Code    56  d2f.o(.text)
    __aeabi_uidiv                            0x08000481   Thumb Code     0  uidiv.o(.text)
    __aeabi_uidivmod                         0x08000481   Thumb Code    44  uidiv.o(.text)
    __aeabi_uldivmod                         0x080004ad   Thumb Code    98  uldiv.o(.text)
    __aeabi_llsl                             0x0800050f   Thumb Code    30  llshl.o(.text)
    _ll_shift_l                              0x0800050f   Thumb Code     0  llshl.o(.text)
    __aeabi_lasr                             0x0800052d   Thumb Code    36  llsshr.o(.text)
    _ll_sshift_r                             0x0800052d   Thumb Code     0  llsshr.o(.text)
    __I$use$fp                               0x08000551   Thumb Code     0  iusefp.o(.text)
    _float_round                             0x08000551   Thumb Code    18  fepilogue.o(.text)
    _float_epilogue                          0x08000563   Thumb Code    92  fepilogue.o(.text)
    _double_round                            0x080005bf   Thumb Code    30  depilogue.o(.text)
    _double_epilogue                         0x080005dd   Thumb Code   156  depilogue.o(.text)
    __aeabi_ddiv                             0x08000679   Thumb Code   222  ddiv.o(.text)
    __aeabi_d2ulz                            0x08000757   Thumb Code    48  dfixul.o(.text)
    __scatterload                            0x08000789   Thumb Code    28  init.o(.text)
    __scatterload_rt2                        0x08000789   Thumb Code     0  init.o(.text)
    __aeabi_llsr                             0x080007ad   Thumb Code    32  llushr.o(.text)
    _ll_ushift_r                             0x080007ad   Thumb Code     0  llushr.o(.text)
    __decompress                             0x080007cd   Thumb Code     0  __dczerorl2.o(.text)
    __decompress1                            0x080007cd   Thumb Code    86  __dczerorl2.o(.text)
    All_Init                                 0x08000825   Thumb Code   134  init.o(i.All_Init)
    BusFault_Handler                         0x080008b9   Thumb Code     4  stm32f4xx_it.o(i.BusFault_Handler)
    Cam_Init                                 0x080008bd   Thumb Code   532  ov7670.o(i.Cam_Init)
    DCMI_CROPCmd                             0x08000ae9   Thumb Code    30  stm32f4xx_dcmi.o(i.DCMI_CROPCmd)
    DCMI_CROPConfig                          0x08000b0d   Thumb Code    26  stm32f4xx_dcmi.o(i.DCMI_CROPConfig)
    DCMI_CaptureCmd                          0x08000b2d   Thumb Code    30  stm32f4xx_dcmi.o(i.DCMI_CaptureCmd)
    DCMI_ClearITPendingBit                   0x08000b51   Thumb Code     6  stm32f4xx_dcmi.o(i.DCMI_ClearITPendingBit)
    DCMI_Cmd                                 0x08000b5d   Thumb Code    30  stm32f4xx_dcmi.o(i.DCMI_Cmd)
    DCMI_DMA_Init                            0x08000b81   Thumb Code   102  ov7670.o(i.DCMI_DMA_Init)
    DCMI_GetITStatus                         0x08000bf1   Thumb Code    24  stm32f4xx_dcmi.o(i.DCMI_GetITStatus)
    DCMI_IRQHandler                          0x08000c0d   Thumb Code    34  dgp.o(i.DCMI_IRQHandler)
    DCMI_ITConfig                            0x08000c35   Thumb Code    30  stm32f4xx_dcmi.o(i.DCMI_ITConfig)
    DCMI_Init                                0x08000c59   Thumb Code    60  stm32f4xx_dcmi.o(i.DCMI_Init)
    DCMI_Start                               0x08000c99   Thumb Code    24  ov7670.o(i.DCMI_Start)
    DMA_Cmd                                  0x08000cb5   Thumb Code    22  stm32f4xx_dma.o(i.DMA_Cmd)
    DMA_DeInit                               0x08000ccd   Thumb Code   324  stm32f4xx_dma.o(i.DMA_DeInit)
    DMA_GetCmdStatus                         0x08000e25   Thumb Code    20  stm32f4xx_dma.o(i.DMA_GetCmdStatus)
    DMA_GetCurrDataCounter                   0x08000e39   Thumb Code     8  stm32f4xx_dma.o(i.DMA_GetCurrDataCounter)
    DMA_Init                                 0x08000e41   Thumb Code    82  stm32f4xx_dma.o(i.DMA_Init)
    DMA_SetCurrDataCounter                   0x08000e99   Thumb Code     4  stm32f4xx_dma.o(i.DMA_SetCurrDataCounter)
    Data_Receive_Prepare_2                   0x08000e9d   Thumb Code   216  data_transfer.o(i.Data_Receive_Prepare_2)
    Data_Receive_deal                        0x08000f85   Thumb Code   140  data_transfer.o(i.Data_Receive_deal)
    DebugMon_Handler                         0x0800101d   Thumb Code     2  stm32f4xx_it.o(i.DebugMon_Handler)
    GPIO_Init                                0x0800101f   Thumb Code   144  stm32f4xx_gpio.o(i.GPIO_Init)
    GPIO_PinAFConfig                         0x080010af   Thumb Code    70  stm32f4xx_gpio.o(i.GPIO_PinAFConfig)
    GPIO_ResetBits                           0x080010f5   Thumb Code     4  stm32f4xx_gpio.o(i.GPIO_ResetBits)
    GPIO_SetBits                             0x080010f9   Thumb Code     4  stm32f4xx_gpio.o(i.GPIO_SetBits)
    HardFault_Handler                        0x080010fd   Thumb Code     4  stm32f4xx_it.o(i.HardFault_Handler)
    LED_GPIO_Conf                            0x08001101   Thumb Code    60  led.o(i.LED_GPIO_Conf)
    LED_SET                                  0x08001141   Thumb Code    30  led.o(i.LED_SET)
    MemManage_Handler                        0x08001165   Thumb Code     4  stm32f4xx_it.o(i.MemManage_Handler)
    NMI_Handler                              0x08001169   Thumb Code     2  stm32f4xx_it.o(i.NMI_Handler)
    NVIC_Init                                0x0800116d   Thumb Code   106  misc.o(i.NVIC_Init)
    NVIC_PriorityGroupConfig                 0x080011e5   Thumb Code    10  misc.o(i.NVIC_PriorityGroupConfig)
    OV7670_Init                              0x080011f9   Thumb Code    74  ov7670.o(i.OV7670_Init)
    OV7670_config_window                     0x08001249   Thumb Code   200  ov7670.o(i.OV7670_config_window)
    OV_ReadID                                0x08001311   Thumb Code    16  ov7670.o(i.OV_ReadID)
    OV_ReadReg                               0x08001321   Thumb Code   102  ov7670.o(i.OV_ReadReg)
    OV_Reset                                 0x08001387   Thumb Code    12  ov7670.o(i.OV_Reset)
    OV_WriteReg                              0x08001393   Thumb Code    78  ov7670.o(i.OV_WriteReg)
    PWM_Out_Init                             0x080013e1   Thumb Code   510  pwm_out.o(i.PWM_Out_Init)
    PendSV_Handler                           0x080015f9   Thumb Code     2  stm32f4xx_it.o(i.PendSV_Handler)
    RCC_AHB1PeriphClockCmd                   0x080015fd   Thumb Code    26  stm32f4xx_rcc.o(i.RCC_AHB1PeriphClockCmd)
    RCC_AHB2PeriphClockCmd                   0x0800161d   Thumb Code    26  stm32f4xx_rcc.o(i.RCC_AHB2PeriphClockCmd)
    RCC_APB1PeriphClockCmd                   0x0800163d   Thumb Code    26  stm32f4xx_rcc.o(i.RCC_APB1PeriphClockCmd)
    RCC_APB2PeriphClockCmd                   0x0800165d   Thumb Code    26  stm32f4xx_rcc.o(i.RCC_APB2PeriphClockCmd)
    RCC_GetClocksFreq                        0x0800167d   Thumb Code   214  stm32f4xx_rcc.o(i.RCC_GetClocksFreq)
    RCC_MCO1Config                           0x08001765   Thumb Code    24  stm32f4xx_rcc.o(i.RCC_MCO1Config)
    SCCB_Init                                0x08001781   Thumb Code    50  ov7670.o(i.SCCB_Init)
    SCCB_Read                                0x080017b9   Thumb Code    84  ov7670.o(i.SCCB_Read)
    SCCB_SID_IN                              0x08001811   Thumb Code    36  ov7670.o(i.SCCB_SID_IN)
    SCCB_SID_OUT                             0x08001839   Thumb Code    42  ov7670.o(i.SCCB_SID_OUT)
    SCCB_Start                               0x08001869   Thumb Code    64  ov7670.o(i.SCCB_Start)
    SCCB_Stop                                0x080018ad   Thumb Code    50  ov7670.o(i.SCCB_Stop)
    SCCB_Write                               0x080018e5   Thumb Code   154  ov7670.o(i.SCCB_Write)
    SVC_Handler                              0x08001985   Thumb Code     2  stm32f4xx_it.o(i.SVC_Handler)
    Send_Data                                0x08001989   Thumb Code    16  data_transfer.o(i.Send_Data)
    Send_Front_Measure                       0x0800199d   Thumb Code   108  data_transfer.o(i.Send_Front_Measure)
    Send_ready                               0x08001a0d   Thumb Code   112  data_transfer.o(i.Send_ready)
    SysTick_Handler                          0x08001b6d   Thumb Code     8  stm32f4xx_it.o(i.SysTick_Handler)
    SysTick_Init                             0x08001b75   Thumb Code    90  delay.o(i.SysTick_Init)
    SystemInit                               0x08001be1   Thumb Code    88  system_stm32f4xx.o(i.SystemInit)
    TIM3_IRQHandler                          0x08001c49   Thumb Code   122  timer.o(i.TIM3_IRQHandler)
    TIM3_Int_Init                            0x08001d29   Thumb Code    88  timer.o(i.TIM3_Int_Init)
    TIM4_IRQHandler                          0x08001d85   Thumb Code    46  usmart.o(i.TIM4_IRQHandler)
    TIM_ARRPreloadConfig                     0x08001dbd   Thumb Code    24  stm32f4xx_tim.o(i.TIM_ARRPreloadConfig)
    TIM_ClearFlag                            0x08001dd5   Thumb Code     6  stm32f4xx_tim.o(i.TIM_ClearFlag)
    TIM_ClearITPendingBit                    0x08001ddb   Thumb Code     6  stm32f4xx_tim.o(i.TIM_ClearITPendingBit)
    TIM_Cmd                                  0x08001de1   Thumb Code    24  stm32f4xx_tim.o(i.TIM_Cmd)
    TIM_CtrlPWMOutputs                       0x08001df9   Thumb Code    30  stm32f4xx_tim.o(i.TIM_CtrlPWMOutputs)
    TIM_GetCounter                           0x08001e17   Thumb Code     6  stm32f4xx_tim.o(i.TIM_GetCounter)
    TIM_GetFlagStatus                        0x08001e1d   Thumb Code    18  stm32f4xx_tim.o(i.TIM_GetFlagStatus)
    TIM_GetITStatus                          0x08001e2f   Thumb Code    34  stm32f4xx_tim.o(i.TIM_GetITStatus)
    TIM_ITConfig                             0x08001e51   Thumb Code    18  stm32f4xx_tim.o(i.TIM_ITConfig)
    TIM_OC1Init                              0x08001e65   Thumb Code   114  stm32f4xx_tim.o(i.TIM_OC1Init)
    TIM_OC2Init                              0x08001ee1   Thumb Code   154  stm32f4xx_tim.o(i.TIM_OC2Init)
    TIM_OC3Init                              0x08001f85   Thumb Code   150  stm32f4xx_tim.o(i.TIM_OC3Init)
    TIM_OC3PreloadConfig                     0x08002025   Thumb Code    18  stm32f4xx_tim.o(i.TIM_OC3PreloadConfig)
    TIM_OC4Init                              0x08002039   Thumb Code   112  stm32f4xx_tim.o(i.TIM_OC4Init)
    TIM_OC4PreloadConfig                     0x080020b1   Thumb Code    26  stm32f4xx_tim.o(i.TIM_OC4PreloadConfig)
    TIM_OCStructInit                         0x080020cb   Thumb Code    20  stm32f4xx_tim.o(i.TIM_OCStructInit)
    TIM_SetAutoreload                        0x080020df   Thumb Code     4  stm32f4xx_tim.o(i.TIM_SetAutoreload)
    TIM_SetCounter                           0x080020e3   Thumb Code     4  stm32f4xx_tim.o(i.TIM_SetCounter)
    TIM_TimeBaseInit                         0x080020e9   Thumb Code   104  stm32f4xx_tim.o(i.TIM_TimeBaseInit)
    TIM_TimeBaseStructInit                   0x0800216d   Thumb Code    18  stm32f4xx_tim.o(i.TIM_TimeBaseStructInit)
    TimeTick_Decrement                       0x08002181   Thumb Code    18  delay.o(i.TimeTick_Decrement)
    Timer4_Init                              0x08002199   Thumb Code    86  usmart.o(i.Timer4_Init)
    USART1_IRQHandler                        0x080021f5   Thumb Code   122  usart.o(i.USART1_IRQHandler)
    USART2_IRQHandler                        0x0800227d   Thumb Code     8  stm32f4xx_it.o(i.USART2_IRQHandler)
    USART_ClearITPendingBit                  0x08002285   Thumb Code    30  stm32f4xx_usart.o(i.USART_ClearITPendingBit)
    USART_ClockInit                          0x080022a3   Thumb Code    32  stm32f4xx_usart.o(i.USART_ClockInit)
    USART_Cmd                                0x080022c3   Thumb Code    24  stm32f4xx_usart.o(i.USART_Cmd)
    USART_GetITStatus                        0x080022db   Thumb Code    84  stm32f4xx_usart.o(i.USART_GetITStatus)
    USART_ITConfig                           0x0800232f   Thumb Code    74  stm32f4xx_usart.o(i.USART_ITConfig)
    USART_Init                               0x08002379   Thumb Code   204  stm32f4xx_usart.o(i.USART_Init)
    USART_ReceiveData                        0x0800244d   Thumb Code    10  stm32f4xx_usart.o(i.USART_ReceiveData)
    USART_SendData                           0x08002457   Thumb Code     8  stm32f4xx_usart.o(i.USART_SendData)
    UsageFault_Handler                       0x0800245f   Thumb Code     4  stm32f4xx_it.o(i.UsageFault_Handler)
    Usart2_IRQ                               0x08002465   Thumb Code   120  usart.o(i.Usart2_IRQ)
    Usart2_Init                              0x080024ed   Thumb Code   230  usart.o(i.Usart2_Init)
    Usart2_Send                              0x080025dd   Thumb Code    62  usart.o(i.Usart2_Send)
    __0printf                                0x08002629   Thumb Code    22  printfa.o(i.__0printf)
    __1printf                                0x08002629   Thumb Code     0  printfa.o(i.__0printf)
    __2printf                                0x08002629   Thumb Code     0  printfa.o(i.__0printf)
    __c89printf                              0x08002629   Thumb Code     0  printfa.o(i.__0printf)
    printf                                   0x08002629   Thumb Code     0  printfa.o(i.__0printf)
    __scatterload_copy                       0x08002649   Thumb Code    14  handlers.o(i.__scatterload_copy)
    __scatterload_null                       0x08002657   Thumb Code     2  handlers.o(i.__scatterload_null)
    __scatterload_zeroinit                   0x08002659   Thumb Code    14  handlers.o(i.__scatterload_zeroinit)
    delay_1ms                                0x08002efd   Thumb Code    20  delay.o(i.delay_1ms)
    delay_ms                                 0x08002f15   Thumb Code    20  delay.o(i.delay_ms)
    delay_us                                 0x08002f29   Thumb Code    16  delay.o(i.delay_us)
    fputc                                    0x08002f3d   Thumb Code    22  usart.o(i.fputc)
    front_duty                               0x08002f59   Thumb Code    32  ctrl.o(i.front_duty)
    get_info                                 0x08002f81   Thumb Code   626  dgp.o(i.get_info)
    jpeg_data_process                        0x08003209   Thumb Code    90  dgp.o(i.jpeg_data_process)
    main                                     0x08003271   Thumb Code    70  main.o(i.main)
    noAck                                    0x080032d1   Thumb Code    64  ov7670.o(i.noAck)
    read_addr                                0x08003315   Thumb Code     6  usmart.o(i.read_addr)
    set_Back_Measure                         0x0800331d   Thumb Code     8  test.o(i.set_Back_Measure)
    set_Front_Measure                        0x08003329   Thumb Code     8  test.o(i.set_Front_Measure)
    set_Rc                                   0x08003335   Thumb Code    14  test.o(i.set_Rc)
    uart_init                                0x08003349   Thumb Code   162  usart.o(i.uart_init)
    usmart_cmd_rec                           0x080033f5   Thumb Code   170  usmart.o(i.usmart_cmd_rec)
    usmart_exe                               0x080034a5   Thumb Code   632  usmart.o(i.usmart_exe)
    usmart_get_aparm                         0x08003779   Thumb Code   200  usmart_str.o(i.usmart_get_aparm)
    usmart_get_cmdname                       0x08003841   Thumb Code    54  usmart_str.o(i.usmart_get_cmdname)
    usmart_get_fname                         0x08003879   Thumb Code   440  usmart_str.o(i.usmart_get_fname)
    usmart_get_fparam                        0x08003a39   Thumb Code   262  usmart_str.o(i.usmart_get_fparam)
    usmart_get_parmpos                       0x08003b45   Thumb Code    26  usmart_str.o(i.usmart_get_parmpos)
    usmart_get_runtime                       0x08003b65   Thumb Code    60  usmart.o(i.usmart_get_runtime)
    usmart_init                              0x08003ba9   Thumb Code    36  usmart.o(i.usmart_init)
    usmart_pow                               0x08003bd1   Thumb Code    22  usmart_str.o(i.usmart_pow)
    usmart_reset_runtime                     0x08003be9   Thumb Code    38  usmart.o(i.usmart_reset_runtime)
    usmart_scan                              0x08003c19   Thumb Code   120  usmart.o(i.usmart_scan)
    usmart_search_nextc                      0x08003cd5   Thumb Code    22  usmart_str.o(i.usmart_search_nextc)
    usmart_str2num                           0x08003ceb   Thumb Code   202  usmart_str.o(i.usmart_str2num)
    usmart_strcmp                            0x08003db5   Thumb Code    34  usmart_str.o(i.usmart_strcmp)
    usmart_strcopy                           0x08003dd7   Thumb Code    22  usmart_str.o(i.usmart_strcopy)
    usmart_strlen                            0x08003ded   Thumb Code    24  usmart_str.o(i.usmart_strlen)
    usmart_sys_cmd_exe                       0x08003e05   Thumb Code  1554  usmart.o(i.usmart_sys_cmd_exe)
    write_addr                               0x080044e9   Thumb Code     4  usmart.o(i.write_addr)
    Region$$Table$$Base                      0x08004784   Number         0  anon$$obj.o(Region$$Table)
    Region$$Table$$Limit                     0x080047a4   Number         0  anon$$obj.o(Region$$Table)
    Rc_front                                 0x20000000   Data           8  ctrl.o(.data)
    ready_1                                  0x2000000e   Data           1  init.o(.data)
    ov_frame                                 0x20000010   Data           1  dgp.o(.data)
    jpeg_data_len                            0x20000014   Data           4  dgp.o(.data)
    jpeg_data_ok                             0x20000018   Data           1  dgp.o(.data)
    front_measure_info                       0x2000001c   Data           8  dgp.o(.data)
    back_measure_info                        0x20000024   Data           8  dgp.o(.data)
    __stdout                                 0x2000002c   Data           4  usart.o(.data)
    USART_RX_STA                             0x20000030   Data           2  usart.o(.data)
    TxCounter                                0x20000032   Data           1  usart.o(.data)
    count                                    0x20000033   Data           1  usart.o(.data)
    SystemCoreClock                          0x20000048   Data           4  system_stm32f4xx.o(.data)
    AHBPrescTable                            0x2000004c   Data          16  system_stm32f4xx.o(.data)
    sys_cmd_tab                              0x2000005c   Data          28  usmart.o(.data)
    usmart_nametab                           0x20000078   Data          72  usmart_config.o(.data)
    usmart_dev                               0x200000c0   Data         244  usmart_config.o(.data)
    data_to_send                             0x200001b4   Data          20  data_transfer.o(.bss)
    jpeg_buf                                 0x2000022c   Data       38400  ov7670.o(.bss)
    im                                       0x2000982c   Data       19200  ov7670.o(.bss)
    USART_RX_BUF                             0x2000e32c   Data         200  usart.o(.bss)
    TxBuffer                                 0x2000e3f4   Data         256  usart.o(.bss)
    __initial_sp                             0x2000e8f8   Data           0  startup_stm32f4xx.o(STACK)



==============================================================================

Memory Map of the image

  Image Entry point : 0x08000189

  Load Region LR_IROM1 (Base: 0x08000000, Size: 0x00004958, Max: 0x00080000, ABSOLUTE, COMPRESSED[0x00004820])

    Execution Region ER_IROM1 (Base: 0x08000000, Size: 0x000047a4, Max: 0x00080000, ABSOLUTE)

    Base Addr    Size         Type   Attr      Idx    E Section Name        Object

    0x08000000   0x00000188   Data   RO         2605    RESET               startup_stm32f4xx.o
    0x08000188   0x00000000   Code   RO         2793  * .ARM.Collect$$$$00000000  mc_w.l(entry.o)
    0x08000188   0x00000004   Code   RO         3071    .ARM.Collect$$$$00000001  mc_w.l(entry2.o)
    0x0800018c   0x00000004   Code   RO         3074    .ARM.Collect$$$$00000004  mc_w.l(entry5.o)
    0x08000190   0x00000000   Code   RO         3076    .ARM.Collect$$$$00000008  mc_w.l(entry7b.o)
    0x08000190   0x00000000   Code   RO         3078    .ARM.Collect$$$$0000000A  mc_w.l(entry8b.o)
    0x08000190   0x00000008   Code   RO         3079    .ARM.Collect$$$$0000000B  mc_w.l(entry9a.o)
    0x08000198   0x00000000   Code   RO         3081    .ARM.Collect$$$$0000000D  mc_w.l(entry10a.o)
    0x08000198   0x00000000   Code   RO         3083    .ARM.Collect$$$$0000000F  mc_w.l(entry11a.o)
    0x08000198   0x00000004   Code   RO         3072    .ARM.Collect$$$$00002712  mc_w.l(entry2.o)
    0x0800019c   0x00000024   Code   RO         2606    .text               startup_stm32f4xx.o
    0x080001c0   0x0000014e   Code   RO         3057    .text               mf_w.l(dadd.o)
    0x0800030e   0x000000e4   Code   RO         3059    .text               mf_w.l(dmul.o)
    0x080003f2   0x00000026   Code   RO         3063    .text               mf_w.l(f2d.o)
    0x08000418   0x00000030   Code   RO         3067    .text               mf_w.l(cdrcmple.o)
    0x08000448   0x00000038   Code   RO         3069    .text               mf_w.l(d2f.o)
    0x08000480   0x0000002c   Code   RO         3085    .text               mc_w.l(uidiv.o)
    0x080004ac   0x00000062   Code   RO         3087    .text               mc_w.l(uldiv.o)
    0x0800050e   0x0000001e   Code   RO         3089    .text               mc_w.l(llshl.o)
    0x0800052c   0x00000024   Code   RO         3091    .text               mc_w.l(llsshr.o)
    0x08000550   0x00000000   Code   RO         3093    .text               mc_w.l(iusefp.o)
    0x08000550   0x0000006e   Code   RO         3094    .text               mf_w.l(fepilogue.o)
    0x080005be   0x000000ba   Code   RO         3096    .text               mf_w.l(depilogue.o)
    0x08000678   0x000000de   Code   RO         3098    .text               mf_w.l(ddiv.o)
    0x08000756   0x00000030   Code   RO         3100    .text               mf_w.l(dfixul.o)
    0x08000786   0x00000002   PAD
    0x08000788   0x00000024   Code   RO         3102    .text               mc_w.l(init.o)
    0x080007ac   0x00000020   Code   RO         3104    .text               mc_w.l(llushr.o)
    0x080007cc   0x00000056   Code   RO         3114    .text               mc_w.l(__dczerorl2.o)
    0x08000822   0x00000002   PAD
    0x08000824   0x00000094   Code   RO          273    i.All_Init          init.o
    0x080008b8   0x00000004   Code   RO          116    i.BusFault_Handler  stm32f4xx_it.o
    0x080008bc   0x0000022c   Code   RO          473    i.Cam_Init          ov7670.o
    0x08000ae8   0x00000024   Code   RO         2425    i.DCMI_CROPCmd      stm32f4xx_dcmi.o
    0x08000b0c   0x00000020   Code   RO         2426    i.DCMI_CROPConfig   stm32f4xx_dcmi.o
    0x08000b2c   0x00000024   Code   RO         2427    i.DCMI_CaptureCmd   stm32f4xx_dcmi.o
    0x08000b50   0x0000000c   Code   RO         2429    i.DCMI_ClearITPendingBit  stm32f4xx_dcmi.o
    0x08000b5c   0x00000024   Code   RO         2430    i.DCMI_Cmd          stm32f4xx_dcmi.o
    0x08000b80   0x00000070   Code   RO          474    i.DCMI_DMA_Init     ov7670.o
    0x08000bf0   0x0000001c   Code   RO         2433    i.DCMI_GetITStatus  stm32f4xx_dcmi.o
    0x08000c0c   0x00000028   Code   RO          302    i.DCMI_IRQHandler   dgp.o
    0x08000c34   0x00000024   Code   RO         2434    i.DCMI_ITConfig     stm32f4xx_dcmi.o
    0x08000c58   0x00000040   Code   RO         2435    i.DCMI_Init         stm32f4xx_dcmi.o
    0x08000c98   0x0000001c   Code   RO          475    i.DCMI_Start        ov7670.o
    0x08000cb4   0x00000016   Code   RO         2303    i.DMA_Cmd           stm32f4xx_dma.o
    0x08000cca   0x00000002   PAD
    0x08000ccc   0x00000158   Code   RO         2304    i.DMA_DeInit        stm32f4xx_dma.o
    0x08000e24   0x00000014   Code   RO         2308    i.DMA_GetCmdStatus  stm32f4xx_dma.o
    0x08000e38   0x00000008   Code   RO         2309    i.DMA_GetCurrDataCounter  stm32f4xx_dma.o
    0x08000e40   0x00000058   Code   RO         2315    i.DMA_Init          stm32f4xx_dma.o
    0x08000e98   0x00000004   Code   RO         2318    i.DMA_SetCurrDataCounter  stm32f4xx_dma.o
    0x08000e9c   0x000000e8   Code   RO          212    i.Data_Receive_Prepare_2  data_transfer.o
    0x08000f84   0x00000098   Code   RO          213    i.Data_Receive_deal  data_transfer.o
    0x0800101c   0x00000002   Code   RO          117    i.DebugMon_Handler  stm32f4xx_it.o
    0x0800101e   0x00000090   Code   RO         1027    i.GPIO_Init         stm32f4xx_gpio.o
    0x080010ae   0x00000046   Code   RO         1028    i.GPIO_PinAFConfig  stm32f4xx_gpio.o
    0x080010f4   0x00000004   Code   RO         1034    i.GPIO_ResetBits    stm32f4xx_gpio.o
    0x080010f8   0x00000004   Code   RO         1035    i.GPIO_SetBits      stm32f4xx_gpio.o
    0x080010fc   0x00000004   Code   RO          118    i.HardFault_Handler  stm32f4xx_it.o
    0x08001100   0x00000040   Code   RO          679    i.LED_GPIO_Conf     led.o
    0x08001140   0x00000024   Code   RO          680    i.LED_SET           led.o
    0x08001164   0x00000004   Code   RO          119    i.MemManage_Handler  stm32f4xx_it.o
    0x08001168   0x00000002   Code   RO          120    i.NMI_Handler       stm32f4xx_it.o
    0x0800116a   0x00000002   PAD
    0x0800116c   0x00000078   Code   RO          801    i.NVIC_Init         misc.o
    0x080011e4   0x00000014   Code   RO          802    i.NVIC_PriorityGroupConfig  misc.o
    0x080011f8   0x00000050   Code   RO          477    i.OV7670_Init       ov7670.o
    0x08001248   0x000000c8   Code   RO          478    i.OV7670_config_window  ov7670.o
    0x08001310   0x00000010   Code   RO          479    i.OV_ReadID         ov7670.o
    0x08001320   0x00000066   Code   RO          480    i.OV_ReadReg        ov7670.o
    0x08001386   0x0000000c   Code   RO          481    i.OV_Reset          ov7670.o
    0x08001392   0x0000004e   Code   RO          482    i.OV_WriteReg       ov7670.o
    0x080013e0   0x00000218   Code   RO          701    i.PWM_Out_Init      pwm_out.o
    0x080015f8   0x00000002   Code   RO          121    i.PendSV_Handler    stm32f4xx_it.o
    0x080015fa   0x00000002   PAD
    0x080015fc   0x00000020   Code   RO         1304    i.RCC_AHB1PeriphClockCmd  stm32f4xx_rcc.o
    0x0800161c   0x00000020   Code   RO         1307    i.RCC_AHB2PeriphClockCmd  stm32f4xx_rcc.o
    0x0800163c   0x00000020   Code   RO         1313    i.RCC_APB1PeriphClockCmd  stm32f4xx_rcc.o
    0x0800165c   0x00000020   Code   RO         1316    i.RCC_APB2PeriphClockCmd  stm32f4xx_rcc.o
    0x0800167c   0x000000e8   Code   RO         1325    i.RCC_GetClocksFreq  stm32f4xx_rcc.o
    0x08001764   0x0000001c   Code   RO         1336    i.RCC_MCO1Config    stm32f4xx_rcc.o
    0x08001780   0x00000038   Code   RO          483    i.SCCB_Init         ov7670.o
    0x080017b8   0x00000058   Code   RO          484    i.SCCB_Read         ov7670.o
    0x08001810   0x00000028   Code   RO          485    i.SCCB_SID_IN       ov7670.o
    0x08001838   0x00000030   Code   RO          486    i.SCCB_SID_OUT      ov7670.o
    0x08001868   0x00000044   Code   RO          487    i.SCCB_Start        ov7670.o
    0x080018ac   0x00000038   Code   RO          488    i.SCCB_Stop         ov7670.o
    0x080018e4   0x000000a0   Code   RO          489    i.SCCB_Write        ov7670.o
    0x08001984   0x00000002   Code   RO          122    i.SVC_Handler       stm32f4xx_it.o
    0x08001986   0x00000002   PAD
    0x08001988   0x00000014   Code   RO          215    i.Send_Data         data_transfer.o
    0x0800199c   0x00000070   Code   RO          216    i.Send_Front_Measure  data_transfer.o
    0x08001a0c   0x00000074   Code   RO          218    i.Send_ready        data_transfer.o
    0x08001a80   0x000000ec   Code   RO         2571    i.SetSysClock       system_stm32f4xx.o
    0x08001b6c   0x00000008   Code   RO          123    i.SysTick_Handler   stm32f4xx_it.o
    0x08001b74   0x0000006c   Code   RO          755    i.SysTick_Init      delay.o
    0x08001be0   0x00000068   Code   RO         2573    i.SystemInit        system_stm32f4xx.o
    0x08001c48   0x000000e0   Code   RO          732    i.TIM3_IRQHandler   timer.o
    0x08001d28   0x0000005c   Code   RO          733    i.TIM3_Int_Init     timer.o
    0x08001d84   0x00000038   Code   RO         2621    i.TIM4_IRQHandler   usmart.o
    0x08001dbc   0x00000018   Code   RO         1747    i.TIM_ARRPreloadConfig  stm32f4xx_tim.o
    0x08001dd4   0x00000006   Code   RO         1753    i.TIM_ClearFlag     stm32f4xx_tim.o
    0x08001dda   0x00000006   Code   RO         1754    i.TIM_ClearITPendingBit  stm32f4xx_tim.o
    0x08001de0   0x00000018   Code   RO         1759    i.TIM_Cmd           stm32f4xx_tim.o
    0x08001df8   0x0000001e   Code   RO         1761    i.TIM_CtrlPWMOutputs  stm32f4xx_tim.o
    0x08001e16   0x00000006   Code   RO         1778    i.TIM_GetCounter    stm32f4xx_tim.o
    0x08001e1c   0x00000012   Code   RO         1779    i.TIM_GetFlagStatus  stm32f4xx_tim.o
    0x08001e2e   0x00000022   Code   RO         1780    i.TIM_GetITStatus   stm32f4xx_tim.o
    0x08001e50   0x00000012   Code   RO         1784    i.TIM_ITConfig      stm32f4xx_tim.o
    0x08001e62   0x00000002   PAD
    0x08001e64   0x0000007c   Code   RO         1788    i.TIM_OC1Init       stm32f4xx_tim.o
    0x08001ee0   0x000000a4   Code   RO         1793    i.TIM_OC2Init       stm32f4xx_tim.o
    0x08001f84   0x000000a0   Code   RO         1798    i.TIM_OC3Init       stm32f4xx_tim.o
    0x08002024   0x00000012   Code   RO         1801    i.TIM_OC3PreloadConfig  stm32f4xx_tim.o
    0x08002036   0x00000002   PAD
    0x08002038   0x00000078   Code   RO         1803    i.TIM_OC4Init       stm32f4xx_tim.o
    0x080020b0   0x0000001a   Code   RO         1805    i.TIM_OC4PreloadConfig  stm32f4xx_tim.o
    0x080020ca   0x00000014   Code   RO         1806    i.TIM_OCStructInit  stm32f4xx_tim.o
    0x080020de   0x00000004   Code   RO         1819    i.TIM_SetAutoreload  stm32f4xx_tim.o
    0x080020e2   0x00000004   Code   RO         1825    i.TIM_SetCounter    stm32f4xx_tim.o
    0x080020e6   0x00000002   PAD
    0x080020e8   0x00000084   Code   RO         1831    i.TIM_TimeBaseInit  stm32f4xx_tim.o
    0x0800216c   0x00000012   Code   RO         1832    i.TIM_TimeBaseStructInit  stm32f4xx_tim.o
    0x0800217e   0x00000002   PAD
    0x08002180   0x00000018   Code   RO          756    i.TimeTick_Decrement  delay.o
    0x08002198   0x0000005c   Code   RO         2622    i.Timer4_Init       usmart.o
    0x080021f4   0x00000088   Code   RO          604    i.USART1_IRQHandler  usart.o
    0x0800227c   0x00000008   Code   RO          124    i.USART2_IRQHandler  stm32f4xx_it.o
    0x08002284   0x0000001e   Code   RO         1121    i.USART_ClearITPendingBit  stm32f4xx_usart.o
    0x080022a2   0x00000020   Code   RO         1122    i.USART_ClockInit   stm32f4xx_usart.o
    0x080022c2   0x00000018   Code   RO         1124    i.USART_Cmd         stm32f4xx_usart.o
    0x080022da   0x00000054   Code   RO         1128    i.USART_GetITStatus  stm32f4xx_usart.o
    0x0800232e   0x0000004a   Code   RO         1130    i.USART_ITConfig    stm32f4xx_usart.o
    0x08002378   0x000000d4   Code   RO         1131    i.USART_Init        stm32f4xx_usart.o
    0x0800244c   0x0000000a   Code   RO         1138    i.USART_ReceiveData  stm32f4xx_usart.o
    0x08002456   0x00000008   Code   RO         1141    i.USART_SendData    stm32f4xx_usart.o
    0x0800245e   0x00000004   Code   RO          125    i.UsageFault_Handler  stm32f4xx_it.o
    0x08002462   0x00000002   PAD
    0x08002464   0x00000088   Code   RO          607    i.Usart2_IRQ        usart.o
    0x080024ec   0x000000f0   Code   RO          608    i.Usart2_Init       usart.o
    0x080025dc   0x0000004c   Code   RO          609    i.Usart2_Send       usart.o
    0x08002628   0x00000020   Code   RO         3029    i.__0printf         mc_w.l(printfa.o)
    0x08002648   0x0000000e   Code   RO         3108    i.__scatterload_copy  mc_w.l(handlers.o)
    0x08002656   0x00000002   Code   RO         3109    i.__scatterload_null  mc_w.l(handlers.o)
    0x08002658   0x0000000e   Code   RO         3110    i.__scatterload_zeroinit  mc_w.l(handlers.o)
    0x08002666   0x00000002   PAD
    0x08002668   0x00000164   Code   RO         3036    i._fp_digits        mc_w.l(printfa.o)
    0x080027cc   0x000006dc   Code   RO         3037    i._printf_core      mc_w.l(printfa.o)
    0x08002ea8   0x00000024   Code   RO         3038    i._printf_post_padding  mc_w.l(printfa.o)
    0x08002ecc   0x0000002e   Code   RO         3039    i._printf_pre_padding  mc_w.l(printfa.o)
    0x08002efa   0x00000002   PAD
    0x08002efc   0x00000018   Code   RO          757    i.delay_1ms         delay.o
    0x08002f14   0x00000014   Code   RO          758    i.delay_ms          delay.o
    0x08002f28   0x00000014   Code   RO          759    i.delay_us          delay.o
    0x08002f3c   0x0000001c   Code   RO          611    i.fputc             usart.o
    0x08002f58   0x00000028   Code   RO          189    i.front_duty        ctrl.o
    0x08002f80   0x00000288   Code   RO          304    i.get_info          dgp.o
    0x08003208   0x00000068   Code   RO          305    i.jpeg_data_process  dgp.o
    0x08003270   0x00000060   Code   RO            2    i.main              main.o
    0x080032d0   0x00000044   Code   RO          490    i.noAck             ov7670.o
    0x08003314   0x00000006   Code   RO         2623    i.read_addr         usmart.o
    0x0800331a   0x00000002   PAD
    0x0800331c   0x0000000c   Code   RO          442    i.set_Back_Measure  test.o
    0x08003328   0x0000000c   Code   RO          443    i.set_Front_Measure  test.o
    0x08003334   0x00000014   Code   RO          444    i.set_Rc            test.o
    0x08003348   0x000000ac   Code   RO          612    i.uart_init         usart.o
    0x080033f4   0x000000b0   Code   RO         2624    i.usmart_cmd_rec    usmart.o
    0x080034a4   0x000002d4   Code   RO         2625    i.usmart_exe        usmart.o
    0x08003778   0x000000c8   Code   RO         2718    i.usmart_get_aparm  usmart_str.o
    0x08003840   0x00000036   Code   RO         2719    i.usmart_get_cmdname  usmart_str.o
    0x08003876   0x00000002   PAD
    0x08003878   0x000001c0   Code   RO         2720    i.usmart_get_fname  usmart_str.o
    0x08003a38   0x0000010c   Code   RO         2721    i.usmart_get_fparam  usmart_str.o
    0x08003b44   0x00000020   Code   RO         2722    i.usmart_get_parmpos  usmart_str.o
    0x08003b64   0x00000044   Code   RO         2626    i.usmart_get_runtime  usmart.o
    0x08003ba8   0x00000028   Code   RO         2627    i.usmart_init       usmart.o
    0x08003bd0   0x00000016   Code   RO         2723    i.usmart_pow        usmart_str.o
    0x08003be6   0x00000002   PAD
    0x08003be8   0x00000030   Code   RO         2628    i.usmart_reset_runtime  usmart.o
    0x08003c18   0x000000bc   Code   RO         2629    i.usmart_scan       usmart.o
    0x08003cd4   0x00000016   Code   RO         2724    i.usmart_search_nextc  usmart_str.o
    0x08003cea   0x000000ca   Code   RO         2725    i.usmart_str2num    usmart_str.o
    0x08003db4   0x00000022   Code   RO         2726    i.usmart_strcmp     usmart_str.o
    0x08003dd6   0x00000016   Code   RO         2727    i.usmart_strcopy    usmart_str.o
    0x08003dec   0x00000018   Code   RO         2728    i.usmart_strlen     usmart_str.o
    0x08003e04   0x000006e4   Code   RO         2630    i.usmart_sys_cmd_exe  usmart.o
    0x080044e8   0x00000004   Code   RO         2631    i.write_addr        usmart.o
    0x080044ec   0x0000014e   Data   RO          492    .constdata          ov7670.o
    0x0800463a   0x00000002   PAD
    0x0800463c   0x00000028   Data   RO         2632    .conststring        usmart.o
    0x08004664   0x0000011e   Data   RO         2701    .conststring        usmart_config.o
    0x08004782   0x00000002   PAD
    0x08004784   0x00000020   Data   RO         3106    Region$$Table       anon$$obj.o


    Execution Region RW_IRAM1 (Base: 0x20000000, Size: 0x0000e8f8, Max: 0x00020000, ABSOLUTE, COMPRESSED[0x0000007c])

    Base Addr    Size         Type   Attr      Idx    E Section Name        Object

    0x20000000   0x00000008   Data   RW          190    .data               ctrl.o
    0x20000008   0x00000006   Data   RW          220    .data               data_transfer.o
    0x2000000e   0x00000001   Data   RW          274    .data               init.o
    0x2000000f   0x00000001   PAD
    0x20000010   0x0000001c   Data   RW          308    .data               dgp.o
    0x2000002c   0x00000008   Data   RW          614    .data               usart.o
    0x20000034   0x00000004   Data   RW          760    .data               delay.o
    0x20000038   0x00000010   Data   RW         1348    .data               stm32f4xx_rcc.o
    0x20000048   0x00000014   Data   RW         2574    .data               system_stm32f4xx.o
    0x2000005c   0x0000001c   Data   RW         2633    .data               usmart.o
    0x20000078   0x0000013c   Data   RW         2702    .data               usmart_config.o
    0x200001b4   0x00000078   Zero   RW          219    .bss                data_transfer.o
    0x2000022c   0x0000e100   Zero   RW          491    .bss                ov7670.o
    0x2000e32c   0x000001c8   Zero   RW          613    .bss                usart.o
    0x2000e4f4   0x00000004   PAD
    0x2000e4f8   0x00000400   Zero   RW         2603    STACK               startup_stm32f4xx.o


==============================================================================

Image component sizes


      Code (inc. data)   RO Data    RW Data    ZI Data      Debug   Object Name

        40          8          0          8          0       1052   ctrl.o
       632         40          0          6        120       4951   data_transfer.o
       196         32          0          4          0      21417   delay.o
       792         42          0         28          0       3224   dgp.o
       148         14          0          1          0        805   init.o
       100         10          0          0          0       1066   led.o
        96         26          0          0          0     276741   main.o
       140         24          0          0          0       1639   misc.o
      1768         84        334          0      57600      11596   ov7670.o
       536         26          0          0          0       1131   pwm_out.o
        36          8        392          0       1024        840   startup_stm32f4xx.o
       280         44          0          0          0       5002   stm32f4xx_dcmi.o
       486         26          0          0          0       5019   stm32f4xx_dma.o
       222          0          0          0          0       3027   stm32f4xx_gpio.o
        40          0          0          0          0       4842   stm32f4xx_it.o
       388         46          0         16          0       5793   stm32f4xx_rcc.o
       956         66          0          0          0      13470   stm32f4xx_tim.o
       474          8          0          0          0       6343   stm32f4xx_usart.o
       340         32          0         20          0       1961   system_stm32f4xx.o
        44         14          0          0          0       1676   test.o
       316        106          0          0          0       1278   timer.o
       788         70          0          8        456       6074   usart.o
      3166       1332         40         28          0       8050   usmart.o
         0          0        286        316          0       1596   usmart_config.o
      1328         20          0          0          0       8833   usmart_str.o

    ----------------------------------------------------------------------
     13336       2078       1088        436      59204     397426   Object Totals
         0          0         32          0          0          0   (incl. Generated)
        24          0          4          1          4          0   (incl. Padding)

    ----------------------------------------------------------------------

      Code (inc. data)   RO Data    RW Data    ZI Data      Debug   Library Member Name

        86          0          0          0          0          0   __dczerorl2.o
         0          0          0          0          0          0   entry.o
         0          0          0          0          0          0   entry10a.o
         0          0          0          0          0          0   entry11a.o
         8          4          0          0          0          0   entry2.o
         4          0          0          0          0          0   entry5.o
         0          0          0          0          0          0   entry7b.o
         0          0          0          0          0          0   entry8b.o
         8          4          0          0          0          0   entry9a.o
        30          0          0          0          0          0   handlers.o
        36          8          0          0          0         68   init.o
         0          0          0          0          0          0   iusefp.o
        30          0          0          0          0         68   llshl.o
        36          0          0          0          0         68   llsshr.o
        32          0          0          0          0         68   llushr.o
      2226         90          0          0          0        444   printfa.o
        44          0          0          0          0         80   uidiv.o
        98          0          0          0          0         92   uldiv.o
        48          0          0          0          0         68   cdrcmple.o
        56          0          0          0          0         88   d2f.o
       334          0          0          0          0        148   dadd.o
       222          0          0          0          0        100   ddiv.o
       186          0          0          0          0        176   depilogue.o
        48          0          0          0          0         68   dfixul.o
       228          0          0          0          0         96   dmul.o
        38          0          0          0          0         68   f2d.o
       110          0          0          0          0        168   fepilogue.o

    ----------------------------------------------------------------------
      3916        106          0          0          0       1868   Library Totals
         8          0          0          0          0          0   (incl. Padding)

    ----------------------------------------------------------------------

      Code (inc. data)   RO Data    RW Data    ZI Data      Debug   Library Name

      2638        106          0          0          0        888   mc_w.l
      1270          0          0          0          0        980   mf_w.l

    ----------------------------------------------------------------------
      3916        106          0          0          0       1868   Library Totals

    ----------------------------------------------------------------------

==============================================================================


      Code (inc. data)   RO Data    RW Data    ZI Data      Debug   

     17252       2184       1088        436      59204     385694   Grand Totals
     17252       2184       1088        124      59204     385694   ELF Image Totals (compressed)
     17252       2184       1088        124          0          0   ROM Totals

==============================================================================

    Total RO  Size (Code + RO Data)                18340 (  17.91kB)
    Total RW  Size (RW Data + ZI Data)             59640 (  58.24kB)
    Total ROM Size (Code + RO Data + RW Data)      18464 (  18.03kB)

==============================================================================

