Component: ARM Compiler 5.05 update 2 (build 169) Tool: armlink [4d0f33]

==============================================================================

Section Cross References

    main.o(i.main) refers to init.o(i.All_Init) for All_Init
    main.o(i.main) refers to stm32f4xx_gpio.o(i.GPIO_ResetBits) for GPIO_ResetBits
    main.o(i.main) refers to delay.o(i.delay_ms) for delay_ms
    main.o(i.main) refers to stm32f4xx_gpio.o(i.GPIO_SetBits) for GPIO_SetBits
    main.o(i.main) refers to main.o(.data) for Init_Finish
    stm32f4xx_it.o(i.SysTick_Handler) refers to delay.o(i.TimeTick_Decrement) for TimeTick_Decrement
    stm32f4xx_it.o(i.USART1_IRQHandler) refers to usart.o(i.Usart1_IRQ) for Usart1_IRQ
    stm32f4xx_it.o(i.USART2_IRQHandler) refers to usart.o(i.Usart2_IRQ) for Usart2_IRQ
    ctrl.o(i.pid_set) refers to ctrl.o(.bss) for pid_camera
    data_transfer.o(i.Data_Receive_Prepare_1) refers to data_transfer.o(i.Data_Receive_deal) for Data_Receive_deal
    data_transfer.o(i.Data_Receive_Prepare_1) refers to data_transfer.o(.data) for state
    data_transfer.o(i.Data_Receive_Prepare_1) refers to data_transfer.o(.bss) for RxBuffer
    data_transfer.o(i.Data_Receive_Prepare_2) refers to data_transfer.o(i.Data_Receive_deal) for Data_Receive_deal
    data_transfer.o(i.Data_Receive_Prepare_2) refers to data_transfer.o(.data) for state
    data_transfer.o(i.Data_Receive_Prepare_2) refers to data_transfer.o(.bss) for RxBuffer
    data_transfer.o(i.Data_Receive_deal) refers to dgp.o(.data) for target_info
    data_transfer.o(i.Data_Receive_deal) refers to ctrl.o(.data) for Rc
    data_transfer.o(i.Send_Data) refers to usart.o(i.Usart2_Send) for Usart2_Send
    data_transfer.o(i.Send_Data) refers to data_transfer.o(.bss) for data_to_send
    data_transfer.o(i.Send_Rc) refers to data_transfer.o(i.Send_Data) for Send_Data
    data_transfer.o(i.Send_Rc) refers to data_transfer.o(.bss) for data_to_send
    data_transfer.o(i.Send_Target) refers to data_transfer.o(i.Send_Data) for Send_Data
    data_transfer.o(i.Send_Target) refers to data_transfer.o(.bss) for data_to_send
    init.o(i.All_Init) refers to misc.o(i.NVIC_PriorityGroupConfig) for NVIC_PriorityGroupConfig
    init.o(i.All_Init) refers to system_stm32f4xx.o(i.SystemInit) for SystemInit
    init.o(i.All_Init) refers to led.o(i.LED_GPIO_Conf) for LED_GPIO_Conf
    init.o(i.All_Init) refers to delay.o(i.SysTick_Init) for SysTick_Init
    init.o(i.All_Init) refers to usart.o(i.Usart1_Init) for Usart1_Init
    init.o(i.All_Init) refers to usart.o(i.Usart2_Init) for Usart2_Init
    init.o(i.All_Init) refers to timer.o(i.TIM3_Int_Init) for TIM3_Int_Init
    init.o(i.All_Init) refers to ov7670.o(i.OV7670_Init) for OV7670_Init
    init.o(i.All_Init) refers to stm32f4xx_gpio.o(i.GPIO_ResetBits) for GPIO_ResetBits
    init.o(i.All_Init) refers to delay.o(i.delay_ms) for delay_ms
    init.o(i.All_Init) refers to stm32f4xx_gpio.o(i.GPIO_SetBits) for GPIO_SetBits
    init.o(i.All_Init) refers to stm32f4xx_usart.o(i.USART_SendData) for USART_SendData
    init.o(i.All_Init) refers to ov7670.o(i.DCMI_Start) for DCMI_Start
    dgp.o(i.DCMI_IRQHandler) refers to stm32f4xx_dcmi.o(i.DCMI_GetITStatus) for DCMI_GetITStatus
    dgp.o(i.DCMI_IRQHandler) refers to dgp.o(i.jpeg_data_process) for jpeg_data_process
    dgp.o(i.DCMI_IRQHandler) refers to stm32f4xx_dcmi.o(i.DCMI_ClearITPendingBit) for DCMI_ClearITPendingBit
    dgp.o(i.DCMI_IRQHandler) refers to dgp.o(.data) for ov_frame
    dgp.o(i.getH_op1) refers to dflti.o(.text) for __aeabi_i2d
    dgp.o(i.getH_op1) refers to dmul.o(.text) for __aeabi_dmul
    dgp.o(i.getH_op1) refers to d2f.o(.text) for __aeabi_d2f
    dgp.o(i.jpeg_data_process) refers to stm32f4xx_dma.o(i.DMA_Cmd) for DMA_Cmd
    dgp.o(i.jpeg_data_process) refers to stm32f4xx_dma.o(i.DMA_GetCmdStatus) for DMA_GetCmdStatus
    dgp.o(i.jpeg_data_process) refers to stm32f4xx_dma.o(i.DMA_GetCurrDataCounter) for DMA_GetCurrDataCounter
    dgp.o(i.jpeg_data_process) refers to stm32f4xx_dma.o(i.DMA_SetCurrDataCounter) for DMA_SetCurrDataCounter
    dgp.o(i.jpeg_data_process) refers to dgp.o(.data) for jpeg_data_ok
    mymath.o(i.fast_atan2) refers to mymath.o(i.my_abs) for my_abs
    mymath.o(i.fast_atan2) refers to mymath.o(.data) for fast_atan_table
    mymath.o(i.mx_sin) refers to cdcmple.o(.text) for __aeabi_cdcmple
    mymath.o(i.mx_sin) refers to dmul.o(.text) for __aeabi_dmul
    mymath.o(i.mx_sin) refers to dadd.o(.text) for __aeabi_dadd
    mymath.o(i.my_atan) refers to mymath.o(i.fast_atan2) for fast_atan2
    mymath.o(i.my_cos) refers to dadd.o(.text) for __aeabi_dadd
    mymath.o(i.my_cos) refers to cdrcmple.o(.text) for __aeabi_cdrcmple
    mymath.o(i.my_cos) refers to dflti.o(.text) for __aeabi_i2d
    mymath.o(i.my_cos) refers to mymath.o(i.my_sin) for my_sin
    mymath.o(i.my_cos) refers to dmul.o(.text) for __aeabi_dmul
    mymath.o(i.my_cos) refers to d2f.o(.text) for __aeabi_d2f
    mymath.o(i.my_sin) refers to cdrcmple.o(.text) for __aeabi_cdrcmple
    mymath.o(i.my_sin) refers to dadd.o(.text) for __aeabi_dsub
    mymath.o(i.my_sin) refers to dflti.o(.text) for __aeabi_i2d
    mymath.o(i.my_sin) refers to mymath.o(i.mx_sin) for mx_sin
    mymath.o(i.my_sin) refers to dmul.o(.text) for __aeabi_dmul
    delay.o(i.SysTick_Init) refers to system_stm32f4xx.o(.data) for SystemCoreClock
    delay.o(i.TimeTick_Decrement) refers to delay.o(.data) for TimingDelay
    delay.o(i.delay_1ms) refers to delay.o(.data) for TimingDelay
    delay.o(i.delay_ms) refers to delay.o(i.delay_1ms) for delay_1ms
    delay.o(i.delay_us) refers to delay.o(.data) for TimingDelay
    led.o(i.LED_GPIO_Conf) refers to stm32f4xx_rcc.o(i.RCC_AHB1PeriphClockCmd) for RCC_AHB1PeriphClockCmd
    led.o(i.LED_GPIO_Conf) refers to stm32f4xx_gpio.o(i.GPIO_Init) for GPIO_Init
    led.o(i.LED_GPIO_Conf) refers to stm32f4xx_gpio.o(i.GPIO_SetBits) for GPIO_SetBits
    led.o(i.LED_SET) refers to stm32f4xx_gpio.o(i.GPIO_ResetBits) for GPIO_ResetBits
    led.o(i.LED_SET) refers to stm32f4xx_gpio.o(i.GPIO_SetBits) for GPIO_SetBits
    usart.o(i.Usart1_IRQ) refers to stm32f4xx_usart.o(i.USART_GetITStatus) for USART_GetITStatus
    usart.o(i.Usart1_IRQ) refers to stm32f4xx_usart.o(i.USART_ClearITPendingBit) for USART_ClearITPendingBit
    usart.o(i.Usart1_IRQ) refers to data_transfer.o(i.Data_Receive_Prepare_1) for Data_Receive_Prepare_1
    usart.o(i.Usart1_IRQ) refers to usart.o(.data) for Tx1Counter
    usart.o(i.Usart1_IRQ) refers to usart.o(.bss) for Tx1Buffer
    usart.o(i.Usart1_Init) refers to stm32f4xx_rcc.o(i.RCC_AHB1PeriphClockCmd) for RCC_AHB1PeriphClockCmd
    usart.o(i.Usart1_Init) refers to stm32f4xx_rcc.o(i.RCC_APB2PeriphClockCmd) for RCC_APB2PeriphClockCmd
    usart.o(i.Usart1_Init) refers to misc.o(i.NVIC_Init) for NVIC_Init
    usart.o(i.Usart1_Init) refers to stm32f4xx_gpio.o(i.GPIO_PinAFConfig) for GPIO_PinAFConfig
    usart.o(i.Usart1_Init) refers to stm32f4xx_gpio.o(i.GPIO_Init) for GPIO_Init
    usart.o(i.Usart1_Init) refers to stm32f4xx_usart.o(i.USART_Init) for USART_Init
    usart.o(i.Usart1_Init) refers to stm32f4xx_usart.o(i.USART_ClockInit) for USART_ClockInit
    usart.o(i.Usart1_Init) refers to stm32f4xx_usart.o(i.USART_ITConfig) for USART_ITConfig
    usart.o(i.Usart1_Init) refers to stm32f4xx_usart.o(i.USART_Cmd) for USART_Cmd
    usart.o(i.Usart1_Send) refers to stm32f4xx_usart.o(i.USART_ITConfig) for USART_ITConfig
    usart.o(i.Usart1_Send) refers to usart.o(.data) for count_1
    usart.o(i.Usart1_Send) refers to usart.o(.bss) for Tx1Buffer
    usart.o(i.Usart2_IRQ) refers to stm32f4xx_usart.o(i.USART_GetITStatus) for USART_GetITStatus
    usart.o(i.Usart2_IRQ) refers to stm32f4xx_usart.o(i.USART_ClearITPendingBit) for USART_ClearITPendingBit
    usart.o(i.Usart2_IRQ) refers to data_transfer.o(i.Data_Receive_Prepare_2) for Data_Receive_Prepare_2
    usart.o(i.Usart2_IRQ) refers to usart.o(.data) for Tx2Counter
    usart.o(i.Usart2_IRQ) refers to usart.o(.bss) for Tx2Buffer
    usart.o(i.Usart2_Init) refers to stm32f4xx_rcc.o(i.RCC_APB1PeriphClockCmd) for RCC_APB1PeriphClockCmd
    usart.o(i.Usart2_Init) refers to stm32f4xx_rcc.o(i.RCC_AHB1PeriphClockCmd) for RCC_AHB1PeriphClockCmd
    usart.o(i.Usart2_Init) refers to misc.o(i.NVIC_Init) for NVIC_Init
    usart.o(i.Usart2_Init) refers to stm32f4xx_gpio.o(i.GPIO_PinAFConfig) for GPIO_PinAFConfig
    usart.o(i.Usart2_Init) refers to stm32f4xx_gpio.o(i.GPIO_Init) for GPIO_Init
    usart.o(i.Usart2_Init) refers to stm32f4xx_usart.o(i.USART_Init) for USART_Init
    usart.o(i.Usart2_Init) refers to stm32f4xx_usart.o(i.USART_ClockInit) for USART_ClockInit
    usart.o(i.Usart2_Init) refers to stm32f4xx_usart.o(i.USART_ITConfig) for USART_ITConfig
    usart.o(i.Usart2_Init) refers to stm32f4xx_usart.o(i.USART_Cmd) for USART_Cmd
    usart.o(i.Usart2_Send) refers to stm32f4xx_usart.o(i.USART_ITConfig) for USART_ITConfig
    usart.o(i.Usart2_Send) refers to usart.o(.data) for count_2
    usart.o(i.Usart2_Send) refers to usart.o(.bss) for Tx2Buffer
    ov7670.o(i.Cam_Init) refers to stm32f4xx_rcc.o(i.RCC_AHB2PeriphClockCmd) for RCC_AHB2PeriphClockCmd
    ov7670.o(i.Cam_Init) refers to stm32f4xx_rcc.o(i.RCC_AHB1PeriphClockCmd) for RCC_AHB1PeriphClockCmd
    ov7670.o(i.Cam_Init) refers to stm32f4xx_gpio.o(i.GPIO_PinAFConfig) for GPIO_PinAFConfig
    ov7670.o(i.Cam_Init) refers to stm32f4xx_gpio.o(i.GPIO_Init) for GPIO_Init
    ov7670.o(i.Cam_Init) refers to stm32f4xx_rcc.o(i.RCC_MCO1Config) for RCC_MCO1Config
    ov7670.o(i.Cam_Init) refers to stm32f4xx_gpio.o(i.GPIO_ResetBits) for GPIO_ResetBits
    ov7670.o(i.Cam_Init) refers to stm32f4xx_gpio.o(i.GPIO_SetBits) for GPIO_SetBits
    ov7670.o(i.Cam_Init) refers to delay.o(i.delay_ms) for delay_ms
    ov7670.o(i.Cam_Init) refers to stm32f4xx_dcmi.o(i.DCMI_CROPConfig) for DCMI_CROPConfig
    ov7670.o(i.Cam_Init) refers to stm32f4xx_dcmi.o(i.DCMI_CROPCmd) for DCMI_CROPCmd
    ov7670.o(i.Cam_Init) refers to stm32f4xx_dcmi.o(i.DCMI_Init) for DCMI_Init
    ov7670.o(i.Cam_Init) refers to stm32f4xx_dcmi.o(i.DCMI_ITConfig) for DCMI_ITConfig
    ov7670.o(i.Cam_Init) refers to stm32f4xx_dcmi.o(i.DCMI_Cmd) for DCMI_Cmd
    ov7670.o(i.Cam_Init) refers to ov7670.o(i.DCMI_DMA_Init) for DCMI_DMA_Init
    ov7670.o(i.Cam_Init) refers to misc.o(i.NVIC_Init) for NVIC_Init
    ov7670.o(i.Cam_Init) refers to ov7670.o(.bss) for jpeg_buf
    ov7670.o(i.DCMI_DMA_Init) refers to stm32f4xx_rcc.o(i.RCC_AHB1PeriphClockCmd) for RCC_AHB1PeriphClockCmd
    ov7670.o(i.DCMI_DMA_Init) refers to stm32f4xx_dma.o(i.DMA_DeInit) for DMA_DeInit
    ov7670.o(i.DCMI_DMA_Init) refers to stm32f4xx_dma.o(i.DMA_GetCmdStatus) for DMA_GetCmdStatus
    ov7670.o(i.DCMI_DMA_Init) refers to stm32f4xx_dma.o(i.DMA_Init) for DMA_Init
    ov7670.o(i.DCMI_Start) refers to stm32f4xx_dma.o(i.DMA_Cmd) for DMA_Cmd
    ov7670.o(i.DCMI_Start) refers to delay.o(i.delay_ms) for delay_ms
    ov7670.o(i.DCMI_Start) refers to stm32f4xx_dcmi.o(i.DCMI_CaptureCmd) for DCMI_CaptureCmd
    ov7670.o(i.DCMI_Stop) refers to stm32f4xx_dcmi.o(i.DCMI_CaptureCmd) for DCMI_CaptureCmd
    ov7670.o(i.DCMI_Stop) refers to stm32f4xx_dma.o(i.DMA_Cmd) for DMA_Cmd
    ov7670.o(i.OV7670_HW) refers to ov7670.o(i.OV_WriteReg) for OV_WriteReg
    ov7670.o(i.OV7670_HW) refers to ov7670.o(i.OV_ReadReg) for OV_ReadReg
    ov7670.o(i.OV7670_Init) refers to ov7670.o(i.Cam_Init) for Cam_Init
    ov7670.o(i.OV7670_Init) refers to ov7670.o(i.SCCB_Init) for SCCB_Init
    ov7670.o(i.OV7670_Init) refers to ov7670.o(i.OV_Reset) for OV_Reset
    ov7670.o(i.OV7670_Init) refers to delay.o(i.delay_ms) for delay_ms
    ov7670.o(i.OV7670_Init) refers to ov7670.o(i.OV_ReadID) for OV_ReadID
    ov7670.o(i.OV7670_Init) refers to ov7670.o(i.OV_WriteReg) for OV_WriteReg
    ov7670.o(i.OV7670_Init) refers to ov7670.o(i.OV7670_config_window) for OV7670_config_window
    ov7670.o(i.OV7670_Init) refers to ov7670.o(.constdata) for ov7670_init_reg_tbl
    ov7670.o(i.OV7670_config_window) refers to ov7670.o(i.OV_ReadReg) for OV_ReadReg
    ov7670.o(i.OV7670_config_window) refers to ov7670.o(i.OV_WriteReg) for OV_WriteReg
    ov7670.o(i.OV_ReadID) refers to ov7670.o(i.OV_ReadReg) for OV_ReadReg
    ov7670.o(i.OV_ReadReg) refers to ov7670.o(i.SCCB_Start) for SCCB_Start
    ov7670.o(i.OV_ReadReg) refers to ov7670.o(i.SCCB_Write) for SCCB_Write
    ov7670.o(i.OV_ReadReg) refers to ov7670.o(i.SCCB_Stop) for SCCB_Stop
    ov7670.o(i.OV_ReadReg) refers to delay.o(i.delay_us) for delay_us
    ov7670.o(i.OV_ReadReg) refers to ov7670.o(i.SCCB_Read) for SCCB_Read
    ov7670.o(i.OV_ReadReg) refers to ov7670.o(i.noAck) for noAck
    ov7670.o(i.OV_Reset) refers to ov7670.o(i.OV_WriteReg) for OV_WriteReg
    ov7670.o(i.OV_WriteReg) refers to ov7670.o(i.SCCB_Start) for SCCB_Start
    ov7670.o(i.OV_WriteReg) refers to ov7670.o(i.SCCB_Write) for SCCB_Write
    ov7670.o(i.OV_WriteReg) refers to ov7670.o(i.SCCB_Stop) for SCCB_Stop
    ov7670.o(i.OV_WriteReg) refers to delay.o(i.delay_us) for delay_us
    ov7670.o(i.SCCB_Init) refers to stm32f4xx_rcc.o(i.RCC_AHB1PeriphClockCmd) for RCC_AHB1PeriphClockCmd
    ov7670.o(i.SCCB_Init) refers to stm32f4xx_gpio.o(i.GPIO_Init) for GPIO_Init
    ov7670.o(i.SCCB_Read) refers to ov7670.o(i.SCCB_SID_IN) for SCCB_SID_IN
    ov7670.o(i.SCCB_Read) refers to delay.o(i.delay_us) for delay_us
    ov7670.o(i.SCCB_Read) refers to ov7670.o(i.SCCB_SID_OUT) for SCCB_SID_OUT
    ov7670.o(i.SCCB_SID_IN) refers to stm32f4xx_gpio.o(i.GPIO_Init) for GPIO_Init
    ov7670.o(i.SCCB_SID_OUT) refers to stm32f4xx_gpio.o(i.GPIO_Init) for GPIO_Init
    ov7670.o(i.SCCB_Start) refers to delay.o(i.delay_us) for delay_us
    ov7670.o(i.SCCB_Stop) refers to delay.o(i.delay_us) for delay_us
    ov7670.o(i.SCCB_Write) refers to delay.o(i.delay_us) for delay_us
    ov7670.o(i.SCCB_Write) refers to ov7670.o(i.SCCB_SID_IN) for SCCB_SID_IN
    ov7670.o(i.SCCB_Write) refers to ov7670.o(i.SCCB_SID_OUT) for SCCB_SID_OUT
    ov7670.o(i.noAck) refers to delay.o(i.delay_us) for delay_us
    timer.o(i.TIM3_IRQHandler) refers to stm32f4xx_tim.o(i.TIM_GetITStatus) for TIM_GetITStatus
    timer.o(i.TIM3_IRQHandler) refers to stm32f4xx_tim.o(i.TIM_ClearITPendingBit) for TIM_ClearITPendingBit
    timer.o(i.TIM3_IRQHandler) refers to dgp.o(.data) for ov_frame
    timer.o(i.TIM3_Int_Init) refers to stm32f4xx_rcc.o(i.RCC_APB1PeriphClockCmd) for RCC_APB1PeriphClockCmd
    timer.o(i.TIM3_Int_Init) refers to stm32f4xx_tim.o(i.TIM_TimeBaseInit) for TIM_TimeBaseInit
    timer.o(i.TIM3_Int_Init) refers to stm32f4xx_tim.o(i.TIM_ITConfig) for TIM_ITConfig
    timer.o(i.TIM3_Int_Init) refers to stm32f4xx_tim.o(i.TIM_Cmd) for TIM_Cmd
    timer.o(i.TIM3_Int_Init) refers to misc.o(i.NVIC_Init) for NVIC_Init
    stm32f4xx_gpio.o(i.GPIO_DeInit) refers to stm32f4xx_rcc.o(i.RCC_AHB1PeriphResetCmd) for RCC_AHB1PeriphResetCmd
    stm32f4xx_usart.o(i.USART_DeInit) refers to stm32f4xx_rcc.o(i.RCC_APB2PeriphResetCmd) for RCC_APB2PeriphResetCmd
    stm32f4xx_usart.o(i.USART_DeInit) refers to stm32f4xx_rcc.o(i.RCC_APB1PeriphResetCmd) for RCC_APB1PeriphResetCmd
    stm32f4xx_usart.o(i.USART_Init) refers to stm32f4xx_rcc.o(i.RCC_GetClocksFreq) for RCC_GetClocksFreq
    stm32f4xx_rcc.o(i.RCC_GetClocksFreq) refers to stm32f4xx_rcc.o(.data) for APBAHBPrescTable
    stm32f4xx_rcc.o(i.RCC_WaitForHSEStartUp) refers to stm32f4xx_rcc.o(i.RCC_GetFlagStatus) for RCC_GetFlagStatus
    stm32f4xx_spi.o(i.SPI_I2S_DeInit) refers to stm32f4xx_rcc.o(i.RCC_APB2PeriphResetCmd) for RCC_APB2PeriphResetCmd
    stm32f4xx_spi.o(i.SPI_I2S_DeInit) refers to stm32f4xx_rcc.o(i.RCC_APB1PeriphResetCmd) for RCC_APB1PeriphResetCmd
    stm32f4xx_tim.o(i.TIM_DeInit) refers to stm32f4xx_rcc.o(i.RCC_APB2PeriphResetCmd) for RCC_APB2PeriphResetCmd
    stm32f4xx_tim.o(i.TIM_DeInit) refers to stm32f4xx_rcc.o(i.RCC_APB1PeriphResetCmd) for RCC_APB1PeriphResetCmd
    stm32f4xx_tim.o(i.TIM_ETRClockMode1Config) refers to stm32f4xx_tim.o(i.TIM_ETRConfig) for TIM_ETRConfig
    stm32f4xx_tim.o(i.TIM_ETRClockMode2Config) refers to stm32f4xx_tim.o(i.TIM_ETRConfig) for TIM_ETRConfig
    stm32f4xx_tim.o(i.TIM_ICInit) refers to stm32f4xx_tim.o(i.TI1_Config) for TI1_Config
    stm32f4xx_tim.o(i.TIM_ICInit) refers to stm32f4xx_tim.o(i.TIM_SetIC1Prescaler) for TIM_SetIC1Prescaler
    stm32f4xx_tim.o(i.TIM_ICInit) refers to stm32f4xx_tim.o(i.TI2_Config) for TI2_Config
    stm32f4xx_tim.o(i.TIM_ICInit) refers to stm32f4xx_tim.o(i.TIM_SetIC2Prescaler) for TIM_SetIC2Prescaler
    stm32f4xx_tim.o(i.TIM_ICInit) refers to stm32f4xx_tim.o(i.TI3_Config) for TI3_Config
    stm32f4xx_tim.o(i.TIM_ICInit) refers to stm32f4xx_tim.o(i.TIM_SetIC3Prescaler) for TIM_SetIC3Prescaler
    stm32f4xx_tim.o(i.TIM_ICInit) refers to stm32f4xx_tim.o(i.TI4_Config) for TI4_Config
    stm32f4xx_tim.o(i.TIM_ICInit) refers to stm32f4xx_tim.o(i.TIM_SetIC4Prescaler) for TIM_SetIC4Prescaler
    stm32f4xx_tim.o(i.TIM_ITRxExternalClockConfig) refers to stm32f4xx_tim.o(i.TIM_SelectInputTrigger) for TIM_SelectInputTrigger
    stm32f4xx_tim.o(i.TIM_PWMIConfig) refers to stm32f4xx_tim.o(i.TI1_Config) for TI1_Config
    stm32f4xx_tim.o(i.TIM_PWMIConfig) refers to stm32f4xx_tim.o(i.TIM_SetIC1Prescaler) for TIM_SetIC1Prescaler
    stm32f4xx_tim.o(i.TIM_PWMIConfig) refers to stm32f4xx_tim.o(i.TI2_Config) for TI2_Config
    stm32f4xx_tim.o(i.TIM_PWMIConfig) refers to stm32f4xx_tim.o(i.TIM_SetIC2Prescaler) for TIM_SetIC2Prescaler
    stm32f4xx_tim.o(i.TIM_TIxExternalClockConfig) refers to stm32f4xx_tim.o(i.TI2_Config) for TI2_Config
    stm32f4xx_tim.o(i.TIM_TIxExternalClockConfig) refers to stm32f4xx_tim.o(i.TI1_Config) for TI1_Config
    stm32f4xx_tim.o(i.TIM_TIxExternalClockConfig) refers to stm32f4xx_tim.o(i.TIM_SelectInputTrigger) for TIM_SelectInputTrigger
    stm32f4xx_syscfg.o(i.SYSCFG_DeInit) refers to stm32f4xx_rcc.o(i.RCC_APB2PeriphResetCmd) for RCC_APB2PeriphResetCmd
    system_stm32f4xx.o(i.SystemCoreClockUpdate) refers to system_stm32f4xx.o(.data) for SystemCoreClock
    system_stm32f4xx.o(i.SystemInit) refers to system_stm32f4xx.o(i.SetSysClock) for SetSysClock
    startup_stm32f4xx.o(RESET) refers to startup_stm32f4xx.o(STACK) for __initial_sp
    startup_stm32f4xx.o(RESET) refers to startup_stm32f4xx.o(.text) for Reset_Handler
    startup_stm32f4xx.o(RESET) refers to stm32f4xx_it.o(i.NMI_Handler) for NMI_Handler
    startup_stm32f4xx.o(RESET) refers to stm32f4xx_it.o(i.HardFault_Handler) for HardFault_Handler
    startup_stm32f4xx.o(RESET) refers to stm32f4xx_it.o(i.MemManage_Handler) for MemManage_Handler
    startup_stm32f4xx.o(RESET) refers to stm32f4xx_it.o(i.BusFault_Handler) for BusFault_Handler
    startup_stm32f4xx.o(RESET) refers to stm32f4xx_it.o(i.UsageFault_Handler) for UsageFault_Handler
    startup_stm32f4xx.o(RESET) refers to stm32f4xx_it.o(i.SVC_Handler) for SVC_Handler
    startup_stm32f4xx.o(RESET) refers to stm32f4xx_it.o(i.DebugMon_Handler) for DebugMon_Handler
    startup_stm32f4xx.o(RESET) refers to stm32f4xx_it.o(i.PendSV_Handler) for PendSV_Handler
    startup_stm32f4xx.o(RESET) refers to stm32f4xx_it.o(i.SysTick_Handler) for SysTick_Handler
    startup_stm32f4xx.o(RESET) refers to timer.o(i.TIM3_IRQHandler) for TIM3_IRQHandler
    startup_stm32f4xx.o(RESET) refers to stm32f4xx_it.o(i.USART1_IRQHandler) for USART1_IRQHandler
    startup_stm32f4xx.o(RESET) refers to stm32f4xx_it.o(i.USART2_IRQHandler) for USART2_IRQHandler
    startup_stm32f4xx.o(RESET) refers to dgp.o(i.DCMI_IRQHandler) for DCMI_IRQHandler
    startup_stm32f4xx.o(.text) refers to system_stm32f4xx.o(i.SystemInit) for SystemInit
    startup_stm32f4xx.o(.text) refers to entry.o(.ARM.Collect$$$$00000000) for __main
    entry.o(.ARM.Collect$$$$00000000) refers (Special) to entry10a.o(.ARM.Collect$$$$0000000D) for __rt_final_cpp
    entry.o(.ARM.Collect$$$$00000000) refers (Special) to entry11a.o(.ARM.Collect$$$$0000000F) for __rt_final_exit
    entry.o(.ARM.Collect$$$$00000000) refers (Special) to entry7b.o(.ARM.Collect$$$$00000008) for _main_clock
    entry.o(.ARM.Collect$$$$00000000) refers (Special) to entry8b.o(.ARM.Collect$$$$0000000A) for _main_cpp_init
    entry.o(.ARM.Collect$$$$00000000) refers (Special) to entry9a.o(.ARM.Collect$$$$0000000B) for _main_init
    entry.o(.ARM.Collect$$$$00000000) refers (Special) to entry5.o(.ARM.Collect$$$$00000004) for _main_scatterload
    entry.o(.ARM.Collect$$$$00000000) refers (Special) to entry2.o(.ARM.Collect$$$$00000001) for _main_stk
    dadd.o(.text) refers (Special) to iusefp.o(.text) for __I$use$fp
    dadd.o(.text) refers to llshl.o(.text) for __aeabi_llsl
    dadd.o(.text) refers to llsshr.o(.text) for __aeabi_lasr
    dadd.o(.text) refers to depilogue.o(.text) for _double_epilogue
    dmul.o(.text) refers (Special) to iusefp.o(.text) for __I$use$fp
    dmul.o(.text) refers to depilogue.o(.text) for _double_epilogue
    dflti.o(.text) refers (Special) to iusefp.o(.text) for __I$use$fp
    dflti.o(.text) refers to depilogue.o(.text) for _double_epilogue
    cdcmple.o(.text) refers (Special) to iusefp.o(.text) for __I$use$fp
    cdrcmple.o(.text) refers (Special) to iusefp.o(.text) for __I$use$fp
    d2f.o(.text) refers (Special) to iusefp.o(.text) for __I$use$fp
    d2f.o(.text) refers to fepilogue.o(.text) for _float_round
    entry2.o(.ARM.Collect$$$$00000001) refers to entry2.o(.ARM.Collect$$$$00002712) for __lit__00000000
    entry2.o(.ARM.Collect$$$$00002712) refers to startup_stm32f4xx.o(STACK) for __initial_sp
    entry2.o(__vectab_stack_and_reset_area) refers to startup_stm32f4xx.o(STACK) for __initial_sp
    entry2.o(__vectab_stack_and_reset_area) refers to entry.o(.ARM.Collect$$$$00000000) for __main
    entry5.o(.ARM.Collect$$$$00000004) refers to init.o(.text) for __scatterload
    entry9a.o(.ARM.Collect$$$$0000000B) refers to main.o(i.main) for main
    entry9b.o(.ARM.Collect$$$$0000000C) refers to main.o(i.main) for main
    depilogue.o(.text) refers to llshl.o(.text) for __aeabi_llsl
    depilogue.o(.text) refers to llushr.o(.text) for __aeabi_llsr
    init.o(.text) refers to entry5.o(.ARM.Collect$$$$00000004) for __main_after_scatterload


==============================================================================

Removing Unused input sections from the image.

    Removing main.o(.emb_text), (8 bytes).
    Removing stm32f4xx_it.o(.emb_text), (8 bytes).
    Removing ctrl.o(.emb_text), (8 bytes).
    Removing ctrl.o(i.pid_set), (40 bytes).
    Removing ctrl.o(.bss), (24 bytes).
    Removing data_transfer.o(.emb_text), (8 bytes).
    Removing data_transfer.o(i.Send_Data), (20 bytes).
    Removing data_transfer.o(i.Send_Rc), (112 bytes).
    Removing data_transfer.o(i.Send_Target), (116 bytes).
    Removing init.o(.emb_text), (8 bytes).
    Removing dgp.o(.emb_text), (8 bytes).
    Removing dgp.o(i.getH_op1), (568 bytes).
    Removing mymath.o(.emb_text), (8 bytes).
    Removing mymath.o(i.To_180_degrees), (72 bytes).
    Removing mymath.o(i.fast_atan2), (380 bytes).
    Removing mymath.o(i.mx_sin), (340 bytes).
    Removing mymath.o(i.my_abs), (26 bytes).
    Removing mymath.o(i.my_atan), (24 bytes).
    Removing mymath.o(i.my_cos), (152 bytes).
    Removing mymath.o(i.my_deathzoom), (68 bytes).
    Removing mymath.o(i.my_deathzoom_2), (44 bytes).
    Removing mymath.o(i.my_pow), (10 bytes).
    Removing mymath.o(i.my_pow_2_curve), (84 bytes).
    Removing mymath.o(i.my_sin), (116 bytes).
    Removing mymath.o(i.my_sqrt), (92 bytes).
    Removing mymath.o(.data), (1028 bytes).
    Removing delay.o(.emb_text), (8 bytes).
    Removing led.o(.emb_text), (8 bytes).
    Removing led.o(i.LED_SET), (36 bytes).
    Removing usart.o(.emb_text), (8 bytes).
    Removing usart.o(i.Usart1_Send), (72 bytes).
    Removing usart.o(i.Usart2_Send), (76 bytes).
    Removing ov7670.o(.emb_text), (8 bytes).
    Removing ov7670.o(i.DCMI_Stop), (40 bytes).
    Removing ov7670.o(i.OV7670_HW), (144 bytes).
    Removing timer.o(.emb_text), (8 bytes).
    Removing misc.o(.emb_text), (8 bytes).
    Removing misc.o(i.NVIC_SetVectorTable), (20 bytes).
    Removing misc.o(i.NVIC_SystemLPConfig), (32 bytes).
    Removing misc.o(i.SysTick_CLKSourceConfig), (40 bytes).
    Removing stm32f4xx_exti.o(.emb_text), (8 bytes).
    Removing stm32f4xx_exti.o(i.EXTI_ClearFlag), (12 bytes).
    Removing stm32f4xx_exti.o(i.EXTI_ClearITPendingBit), (12 bytes).
    Removing stm32f4xx_exti.o(i.EXTI_DeInit), (36 bytes).
    Removing stm32f4xx_exti.o(i.EXTI_GenerateSWInterrupt), (16 bytes).
    Removing stm32f4xx_exti.o(i.EXTI_GetFlagStatus), (24 bytes).
    Removing stm32f4xx_exti.o(i.EXTI_GetITStatus), (40 bytes).
    Removing stm32f4xx_exti.o(i.EXTI_Init), (148 bytes).
    Removing stm32f4xx_exti.o(i.EXTI_StructInit), (16 bytes).
    Removing stm32f4xx_fsmc.o(.emb_text), (8 bytes).
    Removing stm32f4xx_fsmc.o(i.FSMC_ClearFlag), (64 bytes).
    Removing stm32f4xx_fsmc.o(i.FSMC_ClearITPendingBit), (72 bytes).
    Removing stm32f4xx_fsmc.o(i.FSMC_GetECC), (28 bytes).
    Removing stm32f4xx_fsmc.o(i.FSMC_GetFlagStatus), (56 bytes).
    Removing stm32f4xx_fsmc.o(i.FSMC_GetITStatus), (68 bytes).
    Removing stm32f4xx_fsmc.o(i.FSMC_ITConfig), (128 bytes).
    Removing stm32f4xx_fsmc.o(i.FSMC_NANDCmd), (92 bytes).
    Removing stm32f4xx_fsmc.o(i.FSMC_NANDDeInit), (68 bytes).
    Removing stm32f4xx_fsmc.o(i.FSMC_NANDECCCmd), (92 bytes).
    Removing stm32f4xx_fsmc.o(i.FSMC_NANDInit), (136 bytes).
    Removing stm32f4xx_fsmc.o(i.FSMC_NANDStructInit), (54 bytes).
    Removing stm32f4xx_fsmc.o(i.FSMC_NORSRAMCmd), (52 bytes).
    Removing stm32f4xx_fsmc.o(i.FSMC_NORSRAMDeInit), (54 bytes).
    Removing stm32f4xx_fsmc.o(i.FSMC_NORSRAMInit), (230 bytes).
    Removing stm32f4xx_fsmc.o(i.FSMC_NORSRAMStructInit), (114 bytes).
    Removing stm32f4xx_fsmc.o(i.FSMC_PCCARDCmd), (48 bytes).
    Removing stm32f4xx_fsmc.o(i.FSMC_PCCARDDeInit), (40 bytes).
    Removing stm32f4xx_fsmc.o(i.FSMC_PCCARDInit), (132 bytes).
    Removing stm32f4xx_fsmc.o(i.FSMC_PCCARDStructInit), (60 bytes).
    Removing stm32f4xx_gpio.o(.emb_text), (8 bytes).
    Removing stm32f4xx_gpio.o(i.GPIO_DeInit), (256 bytes).
    Removing stm32f4xx_gpio.o(i.GPIO_PinLockConfig), (34 bytes).
    Removing stm32f4xx_gpio.o(i.GPIO_ReadInputData), (8 bytes).
    Removing stm32f4xx_gpio.o(i.GPIO_ReadInputDataBit), (18 bytes).
    Removing stm32f4xx_gpio.o(i.GPIO_ReadOutputData), (8 bytes).
    Removing stm32f4xx_gpio.o(i.GPIO_ReadOutputDataBit), (18 bytes).
    Removing stm32f4xx_gpio.o(i.GPIO_StructInit), (18 bytes).
    Removing stm32f4xx_gpio.o(i.GPIO_ToggleBits), (8 bytes).
    Removing stm32f4xx_gpio.o(i.GPIO_Write), (4 bytes).
    Removing stm32f4xx_gpio.o(i.GPIO_WriteBit), (10 bytes).
    Removing stm32f4xx_usart.o(.emb_text), (8 bytes).
    Removing stm32f4xx_usart.o(i.USART_ClearFlag), (18 bytes).
    Removing stm32f4xx_usart.o(i.USART_ClockStructInit), (12 bytes).
    Removing stm32f4xx_usart.o(i.USART_DMACmd), (18 bytes).
    Removing stm32f4xx_usart.o(i.USART_DeInit), (180 bytes).
    Removing stm32f4xx_usart.o(i.USART_GetFlagStatus), (26 bytes).
    Removing stm32f4xx_usart.o(i.USART_HalfDuplexCmd), (24 bytes).
    Removing stm32f4xx_usart.o(i.USART_IrDACmd), (24 bytes).
    Removing stm32f4xx_usart.o(i.USART_IrDAConfig), (18 bytes).
    Removing stm32f4xx_usart.o(i.USART_LINBreakDetectLengthConfig), (18 bytes).
    Removing stm32f4xx_usart.o(i.USART_LINCmd), (24 bytes).
    Removing stm32f4xx_usart.o(i.USART_OneBitMethodCmd), (24 bytes).
    Removing stm32f4xx_usart.o(i.USART_OverSampling8Cmd), (22 bytes).
    Removing stm32f4xx_usart.o(i.USART_ReceiveData), (10 bytes).
    Removing stm32f4xx_usart.o(i.USART_ReceiverWakeUpCmd), (24 bytes).
    Removing stm32f4xx_usart.o(i.USART_SendBreak), (10 bytes).
    Removing stm32f4xx_usart.o(i.USART_SetAddress), (18 bytes).
    Removing stm32f4xx_usart.o(i.USART_SetGuardTime), (16 bytes).
    Removing stm32f4xx_usart.o(i.USART_SetPrescaler), (16 bytes).
    Removing stm32f4xx_usart.o(i.USART_SmartCardCmd), (24 bytes).
    Removing stm32f4xx_usart.o(i.USART_SmartCardNACKCmd), (24 bytes).
    Removing stm32f4xx_usart.o(i.USART_StructInit), (24 bytes).
    Removing stm32f4xx_usart.o(i.USART_WakeUpConfig), (18 bytes).
    Removing stm32f4xx_rcc.o(.emb_text), (8 bytes).
    Removing stm32f4xx_rcc.o(i.RCC_AHB1PeriphClockLPModeCmd), (32 bytes).
    Removing stm32f4xx_rcc.o(i.RCC_AHB1PeriphResetCmd), (32 bytes).
    Removing stm32f4xx_rcc.o(i.RCC_AHB2PeriphClockLPModeCmd), (32 bytes).
    Removing stm32f4xx_rcc.o(i.RCC_AHB2PeriphResetCmd), (32 bytes).
    Removing stm32f4xx_rcc.o(i.RCC_AHB3PeriphClockCmd), (32 bytes).
    Removing stm32f4xx_rcc.o(i.RCC_AHB3PeriphClockLPModeCmd), (32 bytes).
    Removing stm32f4xx_rcc.o(i.RCC_AHB3PeriphResetCmd), (32 bytes).
    Removing stm32f4xx_rcc.o(i.RCC_APB1PeriphClockLPModeCmd), (32 bytes).
    Removing stm32f4xx_rcc.o(i.RCC_APB1PeriphResetCmd), (32 bytes).
    Removing stm32f4xx_rcc.o(i.RCC_APB2PeriphClockLPModeCmd), (32 bytes).
    Removing stm32f4xx_rcc.o(i.RCC_APB2PeriphResetCmd), (32 bytes).
    Removing stm32f4xx_rcc.o(i.RCC_AdjustHSICalibrationValue), (24 bytes).
    Removing stm32f4xx_rcc.o(i.RCC_BackupResetCmd), (12 bytes).
    Removing stm32f4xx_rcc.o(i.RCC_ClearFlag), (20 bytes).
    Removing stm32f4xx_rcc.o(i.RCC_ClearITPendingBit), (12 bytes).
    Removing stm32f4xx_rcc.o(i.RCC_ClockSecuritySystemCmd), (12 bytes).
    Removing stm32f4xx_rcc.o(i.RCC_DeInit), (72 bytes).
    Removing stm32f4xx_rcc.o(i.RCC_GetFlagStatus), (64 bytes).
    Removing stm32f4xx_rcc.o(i.RCC_GetITStatus), (24 bytes).
    Removing stm32f4xx_rcc.o(i.RCC_GetSYSCLKSource), (16 bytes).
    Removing stm32f4xx_rcc.o(i.RCC_HCLKConfig), (24 bytes).
    Removing stm32f4xx_rcc.o(i.RCC_HSEConfig), (16 bytes).
    Removing stm32f4xx_rcc.o(i.RCC_HSICmd), (12 bytes).
    Removing stm32f4xx_rcc.o(i.RCC_I2SCLKConfig), (12 bytes).
    Removing stm32f4xx_rcc.o(i.RCC_ITConfig), (32 bytes).
    Removing stm32f4xx_rcc.o(i.RCC_LSEConfig), (44 bytes).
    Removing stm32f4xx_rcc.o(i.RCC_LSICmd), (12 bytes).
    Removing stm32f4xx_rcc.o(i.RCC_MCO2Config), (28 bytes).
    Removing stm32f4xx_rcc.o(i.RCC_PCLK1Config), (24 bytes).
    Removing stm32f4xx_rcc.o(i.RCC_PCLK2Config), (24 bytes).
    Removing stm32f4xx_rcc.o(i.RCC_PLLCmd), (12 bytes).
    Removing stm32f4xx_rcc.o(i.RCC_PLLConfig), (36 bytes).
    Removing stm32f4xx_rcc.o(i.RCC_PLLI2SCmd), (12 bytes).
    Removing stm32f4xx_rcc.o(i.RCC_PLLI2SConfig), (16 bytes).
    Removing stm32f4xx_rcc.o(i.RCC_RTCCLKCmd), (12 bytes).
    Removing stm32f4xx_rcc.o(i.RCC_RTCCLKConfig), (60 bytes).
    Removing stm32f4xx_rcc.o(i.RCC_SYSCLKConfig), (24 bytes).
    Removing stm32f4xx_rcc.o(i.RCC_WaitForHSEStartUp), (56 bytes).
    Removing stm32f4xx_spi.o(.emb_text), (8 bytes).
    Removing stm32f4xx_spi.o(i.I2S_Cmd), (24 bytes).
    Removing stm32f4xx_spi.o(i.I2S_FullDuplexConfig), (80 bytes).
    Removing stm32f4xx_spi.o(i.I2S_Init), (360 bytes).
    Removing stm32f4xx_spi.o(i.I2S_StructInit), (20 bytes).
    Removing stm32f4xx_spi.o(i.SPI_BiDirectionalLineConfig), (28 bytes).
    Removing stm32f4xx_spi.o(i.SPI_CalculateCRC), (24 bytes).
    Removing stm32f4xx_spi.o(i.SPI_Cmd), (24 bytes).
    Removing stm32f4xx_spi.o(i.SPI_DataSizeConfig), (18 bytes).
    Removing stm32f4xx_spi.o(i.SPI_GetCRC), (16 bytes).
    Removing stm32f4xx_spi.o(i.SPI_GetCRCPolynomial), (6 bytes).
    Removing stm32f4xx_spi.o(i.SPI_I2S_ClearFlag), (6 bytes).
    Removing stm32f4xx_spi.o(i.SPI_I2S_ClearITPendingBit), (20 bytes).
    Removing stm32f4xx_spi.o(i.SPI_I2S_DMACmd), (18 bytes).
    Removing stm32f4xx_spi.o(i.SPI_I2S_DeInit), (88 bytes).
    Removing stm32f4xx_spi.o(i.SPI_I2S_GetFlagStatus), (18 bytes).
    Removing stm32f4xx_spi.o(i.SPI_I2S_GetITStatus), (52 bytes).
    Removing stm32f4xx_spi.o(i.SPI_I2S_ITConfig), (32 bytes).
    Removing stm32f4xx_spi.o(i.SPI_I2S_ReceiveData), (6 bytes).
    Removing stm32f4xx_spi.o(i.SPI_I2S_SendData), (4 bytes).
    Removing stm32f4xx_spi.o(i.SPI_Init), (60 bytes).
    Removing stm32f4xx_spi.o(i.SPI_NSSInternalSoftwareConfig), (30 bytes).
    Removing stm32f4xx_spi.o(i.SPI_SSOutputCmd), (24 bytes).
    Removing stm32f4xx_spi.o(i.SPI_StructInit), (24 bytes).
    Removing stm32f4xx_spi.o(i.SPI_TIModeCmd), (24 bytes).
    Removing stm32f4xx_spi.o(i.SPI_TransmitCRC), (10 bytes).
    Removing stm32f4xx_tim.o(.emb_text), (8 bytes).
    Removing stm32f4xx_tim.o(i.TI1_Config), (58 bytes).
    Removing stm32f4xx_tim.o(i.TI2_Config), (80 bytes).
    Removing stm32f4xx_tim.o(i.TI3_Config), (72 bytes).
    Removing stm32f4xx_tim.o(i.TI4_Config), (80 bytes).
    Removing stm32f4xx_tim.o(i.TIM_ARRPreloadConfig), (24 bytes).
    Removing stm32f4xx_tim.o(i.TIM_BDTRConfig), (32 bytes).
    Removing stm32f4xx_tim.o(i.TIM_BDTRStructInit), (18 bytes).
    Removing stm32f4xx_tim.o(i.TIM_CCPreloadControl), (24 bytes).
    Removing stm32f4xx_tim.o(i.TIM_CCxCmd), (30 bytes).
    Removing stm32f4xx_tim.o(i.TIM_CCxNCmd), (30 bytes).
    Removing stm32f4xx_tim.o(i.TIM_ClearFlag), (6 bytes).
    Removing stm32f4xx_tim.o(i.TIM_ClearOC1Ref), (18 bytes).
    Removing stm32f4xx_tim.o(i.TIM_ClearOC2Ref), (24 bytes).
    Removing stm32f4xx_tim.o(i.TIM_ClearOC3Ref), (18 bytes).
    Removing stm32f4xx_tim.o(i.TIM_ClearOC4Ref), (24 bytes).
    Removing stm32f4xx_tim.o(i.TIM_CounterModeConfig), (18 bytes).
    Removing stm32f4xx_tim.o(i.TIM_CtrlPWMOutputs), (30 bytes).
    Removing stm32f4xx_tim.o(i.TIM_DMACmd), (18 bytes).
    Removing stm32f4xx_tim.o(i.TIM_DMAConfig), (10 bytes).
    Removing stm32f4xx_tim.o(i.TIM_DeInit), (400 bytes).
    Removing stm32f4xx_tim.o(i.TIM_ETRClockMode1Config), (54 bytes).
    Removing stm32f4xx_tim.o(i.TIM_ETRClockMode2Config), (32 bytes).
    Removing stm32f4xx_tim.o(i.TIM_ETRConfig), (28 bytes).
    Removing stm32f4xx_tim.o(i.TIM_EncoderInterfaceConfig), (66 bytes).
    Removing stm32f4xx_tim.o(i.TIM_ForcedOC1Config), (18 bytes).
    Removing stm32f4xx_tim.o(i.TIM_ForcedOC2Config), (26 bytes).
    Removing stm32f4xx_tim.o(i.TIM_ForcedOC3Config), (18 bytes).
    Removing stm32f4xx_tim.o(i.TIM_ForcedOC4Config), (26 bytes).
    Removing stm32f4xx_tim.o(i.TIM_GenerateEvent), (4 bytes).
    Removing stm32f4xx_tim.o(i.TIM_GetCapture1), (6 bytes).
    Removing stm32f4xx_tim.o(i.TIM_GetCapture2), (6 bytes).
    Removing stm32f4xx_tim.o(i.TIM_GetCapture3), (6 bytes).
    Removing stm32f4xx_tim.o(i.TIM_GetCapture4), (6 bytes).
    Removing stm32f4xx_tim.o(i.TIM_GetCounter), (6 bytes).
    Removing stm32f4xx_tim.o(i.TIM_GetFlagStatus), (18 bytes).
    Removing stm32f4xx_tim.o(i.TIM_GetPrescaler), (6 bytes).
    Removing stm32f4xx_tim.o(i.TIM_ICInit), (110 bytes).
    Removing stm32f4xx_tim.o(i.TIM_ICStructInit), (18 bytes).
    Removing stm32f4xx_tim.o(i.TIM_ITRxExternalClockConfig), (24 bytes).
    Removing stm32f4xx_tim.o(i.TIM_InternalClockConfig), (12 bytes).
    Removing stm32f4xx_tim.o(i.TIM_OC1FastConfig), (18 bytes).
    Removing stm32f4xx_tim.o(i.TIM_OC1Init), (124 bytes).
    Removing stm32f4xx_tim.o(i.TIM_OC1NPolarityConfig), (18 bytes).
    Removing stm32f4xx_tim.o(i.TIM_OC1PolarityConfig), (18 bytes).
    Removing stm32f4xx_tim.o(i.TIM_OC1PreloadConfig), (18 bytes).
    Removing stm32f4xx_tim.o(i.TIM_OC2FastConfig), (26 bytes).
    Removing stm32f4xx_tim.o(i.TIM_OC2Init), (164 bytes).
    Removing stm32f4xx_tim.o(i.TIM_OC2NPolarityConfig), (26 bytes).
    Removing stm32f4xx_tim.o(i.TIM_OC2PolarityConfig), (26 bytes).
    Removing stm32f4xx_tim.o(i.TIM_OC2PreloadConfig), (26 bytes).
    Removing stm32f4xx_tim.o(i.TIM_OC3FastConfig), (18 bytes).
    Removing stm32f4xx_tim.o(i.TIM_OC3Init), (160 bytes).
    Removing stm32f4xx_tim.o(i.TIM_OC3NPolarityConfig), (26 bytes).
    Removing stm32f4xx_tim.o(i.TIM_OC3PolarityConfig), (26 bytes).
    Removing stm32f4xx_tim.o(i.TIM_OC3PreloadConfig), (18 bytes).
    Removing stm32f4xx_tim.o(i.TIM_OC4FastConfig), (26 bytes).
    Removing stm32f4xx_tim.o(i.TIM_OC4Init), (120 bytes).
    Removing stm32f4xx_tim.o(i.TIM_OC4PolarityConfig), (26 bytes).
    Removing stm32f4xx_tim.o(i.TIM_OC4PreloadConfig), (26 bytes).
    Removing stm32f4xx_tim.o(i.TIM_OCStructInit), (20 bytes).
    Removing stm32f4xx_tim.o(i.TIM_PWMIConfig), (124 bytes).
    Removing stm32f4xx_tim.o(i.TIM_PrescalerConfig), (6 bytes).
    Removing stm32f4xx_tim.o(i.TIM_RemapConfig), (6 bytes).
    Removing stm32f4xx_tim.o(i.TIM_SelectCCDMA), (24 bytes).
    Removing stm32f4xx_tim.o(i.TIM_SelectCOM), (24 bytes).
    Removing stm32f4xx_tim.o(i.TIM_SelectHallSensor), (24 bytes).
    Removing stm32f4xx_tim.o(i.TIM_SelectInputTrigger), (18 bytes).
    Removing stm32f4xx_tim.o(i.TIM_SelectMasterSlaveMode), (18 bytes).
    Removing stm32f4xx_tim.o(i.TIM_SelectOCxM), (86 bytes).
    Removing stm32f4xx_tim.o(i.TIM_SelectOnePulseMode), (18 bytes).
    Removing stm32f4xx_tim.o(i.TIM_SelectOutputTrigger), (18 bytes).
    Removing stm32f4xx_tim.o(i.TIM_SelectSlaveMode), (18 bytes).
    Removing stm32f4xx_tim.o(i.TIM_SetAutoreload), (4 bytes).
    Removing stm32f4xx_tim.o(i.TIM_SetClockDivision), (18 bytes).
    Removing stm32f4xx_tim.o(i.TIM_SetCompare1), (4 bytes).
    Removing stm32f4xx_tim.o(i.TIM_SetCompare2), (4 bytes).
    Removing stm32f4xx_tim.o(i.TIM_SetCompare3), (4 bytes).
    Removing stm32f4xx_tim.o(i.TIM_SetCompare4), (4 bytes).
    Removing stm32f4xx_tim.o(i.TIM_SetCounter), (4 bytes).
    Removing stm32f4xx_tim.o(i.TIM_SetIC1Prescaler), (18 bytes).
    Removing stm32f4xx_tim.o(i.TIM_SetIC2Prescaler), (26 bytes).
    Removing stm32f4xx_tim.o(i.TIM_SetIC3Prescaler), (18 bytes).
    Removing stm32f4xx_tim.o(i.TIM_SetIC4Prescaler), (26 bytes).
    Removing stm32f4xx_tim.o(i.TIM_TIxExternalClockConfig), (62 bytes).
    Removing stm32f4xx_tim.o(i.TIM_TimeBaseStructInit), (18 bytes).
    Removing stm32f4xx_tim.o(i.TIM_UpdateDisableConfig), (24 bytes).
    Removing stm32f4xx_tim.o(i.TIM_UpdateRequestConfig), (24 bytes).
    Removing stm32f4xx_dma.o(.emb_text), (8 bytes).
    Removing stm32f4xx_dma.o(i.DMA_ClearFlag), (52 bytes).
    Removing stm32f4xx_dma.o(i.DMA_ClearITPendingBit), (52 bytes).
    Removing stm32f4xx_dma.o(i.DMA_DoubleBufferModeCmd), (22 bytes).
    Removing stm32f4xx_dma.o(i.DMA_DoubleBufferModeConfig), (24 bytes).
    Removing stm32f4xx_dma.o(i.DMA_FlowControllerConfig), (22 bytes).
    Removing stm32f4xx_dma.o(i.DMA_GetCurrentMemoryTarget), (20 bytes).
    Removing stm32f4xx_dma.o(i.DMA_GetFIFOStatus), (12 bytes).
    Removing stm32f4xx_dma.o(i.DMA_GetFlagStatus), (68 bytes).
    Removing stm32f4xx_dma.o(i.DMA_GetITStatus), (100 bytes).
    Removing stm32f4xx_dma.o(i.DMA_ITConfig), (58 bytes).
    Removing stm32f4xx_dma.o(i.DMA_MemoryTargetConfig), (10 bytes).
    Removing stm32f4xx_dma.o(i.DMA_PeriphIncOffsetSizeConfig), (22 bytes).
    Removing stm32f4xx_dma.o(i.DMA_StructInit), (34 bytes).
    Removing stm32f4xx_dcmi.o(.emb_text), (8 bytes).
    Removing stm32f4xx_dcmi.o(i.DCMI_ClearFlag), (12 bytes).
    Removing stm32f4xx_dcmi.o(i.DCMI_DeInit), (28 bytes).
    Removing stm32f4xx_dcmi.o(i.DCMI_GetFlagStatus), (52 bytes).
    Removing stm32f4xx_dcmi.o(i.DCMI_JPEGCmd), (36 bytes).
    Removing stm32f4xx_dcmi.o(i.DCMI_ReadData), (12 bytes).
    Removing stm32f4xx_dcmi.o(i.DCMI_SetEmbeddedSynchroCodes), (32 bytes).
    Removing stm32f4xx_dcmi.o(i.DCMI_StructInit), (18 bytes).
    Removing stm32f4xx_syscfg.o(.emb_text), (8 bytes).
    Removing stm32f4xx_syscfg.o(i.SYSCFG_CompensationCellCmd), (12 bytes).
    Removing stm32f4xx_syscfg.o(i.SYSCFG_DeInit), (22 bytes).
    Removing stm32f4xx_syscfg.o(i.SYSCFG_ETH_MediaInterfaceConfig), (12 bytes).
    Removing stm32f4xx_syscfg.o(i.SYSCFG_EXTILineConfig), (64 bytes).
    Removing stm32f4xx_syscfg.o(i.SYSCFG_GetCompensationCellStatus), (24 bytes).
    Removing stm32f4xx_syscfg.o(i.SYSCFG_MemoryRemapConfig), (12 bytes).
    Removing system_stm32f4xx.o(.emb_text), (8 bytes).
    Removing system_stm32f4xx.o(i.SystemCoreClockUpdate), (192 bytes).
    Removing startup_stm32f4xx.o(HEAP), (512 bytes).
    Removing dadd.o(.text), (334 bytes).
    Removing dmul.o(.text), (228 bytes).
    Removing dflti.o(.text), (34 bytes).
    Removing cdcmple.o(.text), (48 bytes).
    Removing cdrcmple.o(.text), (48 bytes).
    Removing d2f.o(.text), (56 bytes).
    Removing fepilogue.o(.text), (110 bytes).
    Removing depilogue.o(.text), (186 bytes).

296 unused section(s) (total 14570 bytes) removed from the image.

==============================================================================

Image Symbol Table

    Local Symbols

    Symbol Name                              Value     Ov Type        Size  Object(Section)

    ../clib/microlib/init/entry.s            0x00000000   Number         0  entry2.o ABSOLUTE
    ../clib/microlib/init/entry.s            0x00000000   Number         0  entry.o ABSOLUTE
    ../clib/microlib/init/entry.s            0x00000000   Number         0  entry11b.o ABSOLUTE
    ../clib/microlib/init/entry.s            0x00000000   Number         0  entry11a.o ABSOLUTE
    ../clib/microlib/init/entry.s            0x00000000   Number         0  entry10b.o ABSOLUTE
    ../clib/microlib/init/entry.s            0x00000000   Number         0  entry10a.o ABSOLUTE
    ../clib/microlib/init/entry.s            0x00000000   Number         0  entry7a.o ABSOLUTE
    ../clib/microlib/init/entry.s            0x00000000   Number         0  entry9b.o ABSOLUTE
    ../clib/microlib/init/entry.s            0x00000000   Number         0  entry8b.o ABSOLUTE
    ../clib/microlib/init/entry.s            0x00000000   Number         0  entry8a.o ABSOLUTE
    ../clib/microlib/init/entry.s            0x00000000   Number         0  entry9a.o ABSOLUTE
    ../clib/microlib/init/entry.s            0x00000000   Number         0  entry7b.o ABSOLUTE
    ../clib/microlib/init/entry.s            0x00000000   Number         0  entry5.o ABSOLUTE
    ../clib/microlib/longlong.c              0x00000000   Number         0  llushr.o ABSOLUTE
    ../clib/microlib/longlong.c              0x00000000   Number         0  llsshr.o ABSOLUTE
    ../clib/microlib/longlong.c              0x00000000   Number         0  llshl.o ABSOLUTE
    ../clib/microlib/stubs.s                 0x00000000   Number         0  iusefp.o ABSOLUTE
    ../fplib/microlib/d2f.c                  0x00000000   Number         0  d2f.o ABSOLUTE
    ../fplib/microlib/fpadd.c                0x00000000   Number         0  dadd.o ABSOLUTE
    ../fplib/microlib/fpepilogue.c           0x00000000   Number         0  depilogue.o ABSOLUTE
    ../fplib/microlib/fpepilogue.c           0x00000000   Number         0  fepilogue.o ABSOLUTE
    ../fplib/microlib/fpflt.c                0x00000000   Number         0  dflti.o ABSOLUTE
    ../fplib/microlib/fpmul.c                0x00000000   Number         0  dmul.o ABSOLUTE
    ..\Hardware\delay\delay.c                0x00000000   Number         0  delay.o ABSOLUTE
    ..\Hardware\led\led.c                    0x00000000   Number         0  led.o ABSOLUTE
    ..\Hardware\ov7670\ov7670.c              0x00000000   Number         0  ov7670.o ABSOLUTE
    ..\Hardware\timer.c                      0x00000000   Number         0  timer.o ABSOLUTE
    ..\Hardware\usart\usart.c                0x00000000   Number         0  usart.o ABSOLUTE
    ..\Libraries\CMSIS\src\system_stm32f4xx.c 0x00000000   Number         0  system_stm32f4xx.o ABSOLUTE
    ..\Libraries\FWlib\src\misc.c            0x00000000   Number         0  misc.o ABSOLUTE
    ..\Libraries\FWlib\src\stm32f4xx_dcmi.c  0x00000000   Number         0  stm32f4xx_dcmi.o ABSOLUTE
    ..\Libraries\FWlib\src\stm32f4xx_dma.c   0x00000000   Number         0  stm32f4xx_dma.o ABSOLUTE
    ..\Libraries\FWlib\src\stm32f4xx_exti.c  0x00000000   Number         0  stm32f4xx_exti.o ABSOLUTE
    ..\Libraries\FWlib\src\stm32f4xx_fsmc.c  0x00000000   Number         0  stm32f4xx_fsmc.o ABSOLUTE
    ..\Libraries\FWlib\src\stm32f4xx_gpio.c  0x00000000   Number         0  stm32f4xx_gpio.o ABSOLUTE
    ..\Libraries\FWlib\src\stm32f4xx_rcc.c   0x00000000   Number         0  stm32f4xx_rcc.o ABSOLUTE
    ..\Libraries\FWlib\src\stm32f4xx_spi.c   0x00000000   Number         0  stm32f4xx_spi.o ABSOLUTE
    ..\Libraries\FWlib\src\stm32f4xx_syscfg.c 0x00000000   Number         0  stm32f4xx_syscfg.o ABSOLUTE
    ..\Libraries\FWlib\src\stm32f4xx_tim.c   0x00000000   Number         0  stm32f4xx_tim.o ABSOLUTE
    ..\Libraries\FWlib\src\stm32f4xx_usart.c 0x00000000   Number         0  stm32f4xx_usart.o ABSOLUTE
    ..\Startup\startup_stm32f4xx.s           0x00000000   Number         0  startup_stm32f4xx.o ABSOLUTE
    ..\User\ctrl.c                           0x00000000   Number         0  ctrl.o ABSOLUTE
    ..\User\data_transfer.c                  0x00000000   Number         0  data_transfer.o ABSOLUTE
    ..\User\dgp.c                            0x00000000   Number         0  dgp.o ABSOLUTE
    ..\User\init.c                           0x00000000   Number         0  init.o ABSOLUTE
    ..\User\main.c                           0x00000000   Number         0  main.o ABSOLUTE
    ..\User\mymath.c                         0x00000000   Number         0  mymath.o ABSOLUTE
    ..\User\stm32f4xx_it.c                   0x00000000   Number         0  stm32f4xx_it.o ABSOLUTE
    ..\\Hardware\\delay\\delay.c             0x00000000   Number         0  delay.o ABSOLUTE
    ..\\Hardware\\led\\led.c                 0x00000000   Number         0  led.o ABSOLUTE
    ..\\Hardware\\ov7670\\ov7670.c           0x00000000   Number         0  ov7670.o ABSOLUTE
    ..\\Hardware\\timer.c                    0x00000000   Number         0  timer.o ABSOLUTE
    ..\\Hardware\\usart\\usart.c             0x00000000   Number         0  usart.o ABSOLUTE
    ..\\Libraries\\CMSIS\\src\\system_stm32f4xx.c 0x00000000   Number         0  system_stm32f4xx.o ABSOLUTE
    ..\\Libraries\\FWlib\\src\\misc.c        0x00000000   Number         0  misc.o ABSOLUTE
    ..\\Libraries\\FWlib\\src\\stm32f4xx_dcmi.c 0x00000000   Number         0  stm32f4xx_dcmi.o ABSOLUTE
    ..\\Libraries\\FWlib\\src\\stm32f4xx_dma.c 0x00000000   Number         0  stm32f4xx_dma.o ABSOLUTE
    ..\\Libraries\\FWlib\\src\\stm32f4xx_exti.c 0x00000000   Number         0  stm32f4xx_exti.o ABSOLUTE
    ..\\Libraries\\FWlib\\src\\stm32f4xx_fsmc.c 0x00000000   Number         0  stm32f4xx_fsmc.o ABSOLUTE
    ..\\Libraries\\FWlib\\src\\stm32f4xx_gpio.c 0x00000000   Number         0  stm32f4xx_gpio.o ABSOLUTE
    ..\\Libraries\\FWlib\\src\\stm32f4xx_rcc.c 0x00000000   Number         0  stm32f4xx_rcc.o ABSOLUTE
    ..\\Libraries\\FWlib\\src\\stm32f4xx_spi.c 0x00000000   Number         0  stm32f4xx_spi.o ABSOLUTE
    ..\\Libraries\\FWlib\\src\\stm32f4xx_syscfg.c 0x00000000   Number         0  stm32f4xx_syscfg.o ABSOLUTE
    ..\\Libraries\\FWlib\\src\\stm32f4xx_tim.c 0x00000000   Number         0  stm32f4xx_tim.o ABSOLUTE
    ..\\Libraries\\FWlib\\src\\stm32f4xx_usart.c 0x00000000   Number         0  stm32f4xx_usart.o ABSOLUTE
    ..\\User\\ctrl.c                         0x00000000   Number         0  ctrl.o ABSOLUTE
    ..\\User\\data_transfer.c                0x00000000   Number         0  data_transfer.o ABSOLUTE
    ..\\User\\dgp.c                          0x00000000   Number         0  dgp.o ABSOLUTE
    ..\\User\\init.c                         0x00000000   Number         0  init.o ABSOLUTE
    ..\\User\\main.c                         0x00000000   Number         0  main.o ABSOLUTE
    ..\\User\\mymath.c                       0x00000000   Number         0  mymath.o ABSOLUTE
    ..\\User\\stm32f4xx_it.c                 0x00000000   Number         0  stm32f4xx_it.o ABSOLUTE
    cdcmple.s                                0x00000000   Number         0  cdcmple.o ABSOLUTE
    cdrcmple.s                               0x00000000   Number         0  cdrcmple.o ABSOLUTE
    dc.s                                     0x00000000   Number         0  dc.o ABSOLUTE
    handlers.s                               0x00000000   Number         0  handlers.o ABSOLUTE
    init.s                                   0x00000000   Number         0  init.o ABSOLUTE
    RESET                                    0x08000000   Section      392  startup_stm32f4xx.o(RESET)
    .ARM.Collect$$$$00000000                 0x08000188   Section        0  entry.o(.ARM.Collect$$$$00000000)
    .ARM.Collect$$$$00000001                 0x08000188   Section        4  entry2.o(.ARM.Collect$$$$00000001)
    .ARM.Collect$$$$00000004                 0x0800018c   Section        4  entry5.o(.ARM.Collect$$$$00000004)
    .ARM.Collect$$$$00000008                 0x08000190   Section        0  entry7b.o(.ARM.Collect$$$$00000008)
    .ARM.Collect$$$$0000000A                 0x08000190   Section        0  entry8b.o(.ARM.Collect$$$$0000000A)
    .ARM.Collect$$$$0000000B                 0x08000190   Section        8  entry9a.o(.ARM.Collect$$$$0000000B)
    .ARM.Collect$$$$0000000D                 0x08000198   Section        0  entry10a.o(.ARM.Collect$$$$0000000D)
    .ARM.Collect$$$$0000000F                 0x08000198   Section        0  entry11a.o(.ARM.Collect$$$$0000000F)
    .ARM.Collect$$$$00002712                 0x08000198   Section        4  entry2.o(.ARM.Collect$$$$00002712)
    __lit__00000000                          0x08000198   Data           4  entry2.o(.ARM.Collect$$$$00002712)
    .text                                    0x0800019c   Section       36  startup_stm32f4xx.o(.text)
    $v0                                      0x0800019c   Number         0  startup_stm32f4xx.o(.text)
    .text                                    0x080001c0   Section       36  init.o(.text)
    i.All_Init                               0x080001e4   Section        0  init.o(i.All_Init)
    i.BusFault_Handler                       0x08000264   Section        0  stm32f4xx_it.o(i.BusFault_Handler)
    i.Cam_Init                               0x08000268   Section        0  ov7670.o(i.Cam_Init)
    i.DCMI_CROPCmd                           0x0800049c   Section        0  stm32f4xx_dcmi.o(i.DCMI_CROPCmd)
    i.DCMI_CROPConfig                        0x080004c0   Section        0  stm32f4xx_dcmi.o(i.DCMI_CROPConfig)
    i.DCMI_CaptureCmd                        0x080004e0   Section        0  stm32f4xx_dcmi.o(i.DCMI_CaptureCmd)
    i.DCMI_ClearITPendingBit                 0x08000504   Section        0  stm32f4xx_dcmi.o(i.DCMI_ClearITPendingBit)
    i.DCMI_Cmd                               0x08000510   Section        0  stm32f4xx_dcmi.o(i.DCMI_Cmd)
    i.DCMI_DMA_Init                          0x08000534   Section        0  ov7670.o(i.DCMI_DMA_Init)
    i.DCMI_GetITStatus                       0x080005a4   Section        0  stm32f4xx_dcmi.o(i.DCMI_GetITStatus)
    i.DCMI_IRQHandler                        0x080005c0   Section        0  dgp.o(i.DCMI_IRQHandler)
    i.DCMI_ITConfig                          0x080005e8   Section        0  stm32f4xx_dcmi.o(i.DCMI_ITConfig)
    i.DCMI_Init                              0x0800060c   Section        0  stm32f4xx_dcmi.o(i.DCMI_Init)
    i.DCMI_Start                             0x0800064c   Section        0  ov7670.o(i.DCMI_Start)
    i.DMA_Cmd                                0x08000668   Section        0  stm32f4xx_dma.o(i.DMA_Cmd)
    i.DMA_DeInit                             0x08000680   Section        0  stm32f4xx_dma.o(i.DMA_DeInit)
    i.DMA_GetCmdStatus                       0x080007d8   Section        0  stm32f4xx_dma.o(i.DMA_GetCmdStatus)
    i.DMA_GetCurrDataCounter                 0x080007ec   Section        0  stm32f4xx_dma.o(i.DMA_GetCurrDataCounter)
    i.DMA_Init                               0x080007f4   Section        0  stm32f4xx_dma.o(i.DMA_Init)
    i.DMA_SetCurrDataCounter                 0x0800084c   Section        0  stm32f4xx_dma.o(i.DMA_SetCurrDataCounter)
    i.Data_Receive_Prepare_1                 0x08000850   Section        0  data_transfer.o(i.Data_Receive_Prepare_1)
    i.Data_Receive_Prepare_2                 0x08000938   Section        0  data_transfer.o(i.Data_Receive_Prepare_2)
    i.Data_Receive_deal                      0x08000a20   Section        0  data_transfer.o(i.Data_Receive_deal)
    i.DebugMon_Handler                       0x08000ab8   Section        0  stm32f4xx_it.o(i.DebugMon_Handler)
    i.GPIO_Init                              0x08000aba   Section        0  stm32f4xx_gpio.o(i.GPIO_Init)
    i.GPIO_PinAFConfig                       0x08000b4a   Section        0  stm32f4xx_gpio.o(i.GPIO_PinAFConfig)
    i.GPIO_ResetBits                         0x08000b90   Section        0  stm32f4xx_gpio.o(i.GPIO_ResetBits)
    i.GPIO_SetBits                           0x08000b94   Section        0  stm32f4xx_gpio.o(i.GPIO_SetBits)
    i.HardFault_Handler                      0x08000b98   Section        0  stm32f4xx_it.o(i.HardFault_Handler)
    i.LED_GPIO_Conf                          0x08000b9c   Section        0  led.o(i.LED_GPIO_Conf)
    i.MemManage_Handler                      0x08000bdc   Section        0  stm32f4xx_it.o(i.MemManage_Handler)
    i.NMI_Handler                            0x08000be0   Section        0  stm32f4xx_it.o(i.NMI_Handler)
    i.NVIC_Init                              0x08000be4   Section        0  misc.o(i.NVIC_Init)
    i.NVIC_PriorityGroupConfig               0x08000c5c   Section        0  misc.o(i.NVIC_PriorityGroupConfig)
    i.OV7670_Init                            0x08000c70   Section        0  ov7670.o(i.OV7670_Init)
    i.OV7670_config_window                   0x08000cc0   Section        0  ov7670.o(i.OV7670_config_window)
    i.OV_ReadID                              0x08000d88   Section        0  ov7670.o(i.OV_ReadID)
    i.OV_ReadReg                             0x08000d98   Section        0  ov7670.o(i.OV_ReadReg)
    i.OV_Reset                               0x08000dfe   Section        0  ov7670.o(i.OV_Reset)
    i.OV_WriteReg                            0x08000e0a   Section        0  ov7670.o(i.OV_WriteReg)
    i.PendSV_Handler                         0x08000e58   Section        0  stm32f4xx_it.o(i.PendSV_Handler)
    i.RCC_AHB1PeriphClockCmd                 0x08000e5c   Section        0  stm32f4xx_rcc.o(i.RCC_AHB1PeriphClockCmd)
    i.RCC_AHB2PeriphClockCmd                 0x08000e7c   Section        0  stm32f4xx_rcc.o(i.RCC_AHB2PeriphClockCmd)
    i.RCC_APB1PeriphClockCmd                 0x08000e9c   Section        0  stm32f4xx_rcc.o(i.RCC_APB1PeriphClockCmd)
    i.RCC_APB2PeriphClockCmd                 0x08000ebc   Section        0  stm32f4xx_rcc.o(i.RCC_APB2PeriphClockCmd)
    i.RCC_GetClocksFreq                      0x08000edc   Section        0  stm32f4xx_rcc.o(i.RCC_GetClocksFreq)
    i.RCC_MCO1Config                         0x08000fc4   Section        0  stm32f4xx_rcc.o(i.RCC_MCO1Config)
    i.SCCB_Init                              0x08000fe0   Section        0  ov7670.o(i.SCCB_Init)
    i.SCCB_Read                              0x08001018   Section        0  ov7670.o(i.SCCB_Read)
    i.SCCB_SID_IN                            0x08001070   Section        0  ov7670.o(i.SCCB_SID_IN)
    i.SCCB_SID_OUT                           0x08001098   Section        0  ov7670.o(i.SCCB_SID_OUT)
    i.SCCB_Start                             0x080010c8   Section        0  ov7670.o(i.SCCB_Start)
    i.SCCB_Stop                              0x0800110c   Section        0  ov7670.o(i.SCCB_Stop)
    i.SCCB_Write                             0x08001144   Section        0  ov7670.o(i.SCCB_Write)
    i.SVC_Handler                            0x080011e4   Section        0  stm32f4xx_it.o(i.SVC_Handler)
    i.SetSysClock                            0x080011e8   Section        0  system_stm32f4xx.o(i.SetSysClock)
    SetSysClock                              0x080011e9   Thumb Code   220  system_stm32f4xx.o(i.SetSysClock)
    i.SysTick_Handler                        0x080012d4   Section        0  stm32f4xx_it.o(i.SysTick_Handler)
    i.SysTick_Init                           0x080012dc   Section        0  delay.o(i.SysTick_Init)
    i.SystemInit                             0x08001348   Section        0  system_stm32f4xx.o(i.SystemInit)
    i.TIM3_IRQHandler                        0x080013b0   Section        0  timer.o(i.TIM3_IRQHandler)
    i.TIM3_Int_Init                          0x080013d8   Section        0  timer.o(i.TIM3_Int_Init)
    i.TIM_ClearITPendingBit                  0x08001434   Section        0  stm32f4xx_tim.o(i.TIM_ClearITPendingBit)
    i.TIM_Cmd                                0x0800143a   Section        0  stm32f4xx_tim.o(i.TIM_Cmd)
    i.TIM_GetITStatus                        0x08001452   Section        0  stm32f4xx_tim.o(i.TIM_GetITStatus)
    i.TIM_ITConfig                           0x08001474   Section        0  stm32f4xx_tim.o(i.TIM_ITConfig)
    i.TIM_TimeBaseInit                       0x08001488   Section        0  stm32f4xx_tim.o(i.TIM_TimeBaseInit)
    i.TimeTick_Decrement                     0x0800150c   Section        0  delay.o(i.TimeTick_Decrement)
    i.USART1_IRQHandler                      0x08001524   Section        0  stm32f4xx_it.o(i.USART1_IRQHandler)
    i.USART2_IRQHandler                      0x0800152c   Section        0  stm32f4xx_it.o(i.USART2_IRQHandler)
    i.USART_ClearITPendingBit                0x08001534   Section        0  stm32f4xx_usart.o(i.USART_ClearITPendingBit)
    i.USART_ClockInit                        0x08001552   Section        0  stm32f4xx_usart.o(i.USART_ClockInit)
    i.USART_Cmd                              0x08001572   Section        0  stm32f4xx_usart.o(i.USART_Cmd)
    i.USART_GetITStatus                      0x0800158a   Section        0  stm32f4xx_usart.o(i.USART_GetITStatus)
    i.USART_ITConfig                         0x080015de   Section        0  stm32f4xx_usart.o(i.USART_ITConfig)
    i.USART_Init                             0x08001628   Section        0  stm32f4xx_usart.o(i.USART_Init)
    i.USART_SendData                         0x080016fc   Section        0  stm32f4xx_usart.o(i.USART_SendData)
    i.UsageFault_Handler                     0x08001704   Section        0  stm32f4xx_it.o(i.UsageFault_Handler)
    i.Usart1_IRQ                             0x08001708   Section        0  usart.o(i.Usart1_IRQ)
    i.Usart1_Init                            0x08001788   Section        0  usart.o(i.Usart1_Init)
    i.Usart2_IRQ                             0x0800185c   Section        0  usart.o(i.Usart2_IRQ)
    i.Usart2_Init                            0x080018e4   Section        0  usart.o(i.Usart2_Init)
    i.__scatterload_copy                     0x080019d4   Section       14  handlers.o(i.__scatterload_copy)
    i.__scatterload_null                     0x080019e2   Section        2  handlers.o(i.__scatterload_null)
    i.__scatterload_zeroinit                 0x080019e4   Section       14  handlers.o(i.__scatterload_zeroinit)
    i.delay_1ms                              0x080019f4   Section        0  delay.o(i.delay_1ms)
    i.delay_ms                               0x08001a0c   Section        0  delay.o(i.delay_ms)
    i.delay_us                               0x08001a20   Section        0  delay.o(i.delay_us)
    i.jpeg_data_process                      0x08001a34   Section        0  dgp.o(i.jpeg_data_process)
    i.main                                   0x08001a9c   Section        0  main.o(i.main)
    i.noAck                                  0x08001acc   Section        0  ov7670.o(i.noAck)
    .constdata                               0x08001b10   Section      662  ov7670.o(.constdata)
    OV7670_reg                               0x08001b10   Data         280  ov7670.o(.constdata)
    OV7670_Reg_new                           0x08001c28   Data          48  ov7670.o(.constdata)
    ov7670_init_reg_tbl                      0x08001c58   Data         334  ov7670.o(.constdata)
    .data                                    0x20000000   Section        1  main.o(.data)
    .data                                    0x20000002   Section        8  ctrl.o(.data)
    .data                                    0x2000000a   Section        6  data_transfer.o(.data)
    _data_len                                0x2000000a   Data           1  data_transfer.o(.data)
    _data_cnt                                0x2000000b   Data           1  data_transfer.o(.data)
    state                                    0x2000000c   Data           1  data_transfer.o(.data)
    _data_len                                0x2000000d   Data           1  data_transfer.o(.data)
    _data_cnt                                0x2000000e   Data           1  data_transfer.o(.data)
    state                                    0x2000000f   Data           1  data_transfer.o(.data)
    .data                                    0x20000010   Section       20  dgp.o(.data)
    .data                                    0x20000024   Section        4  delay.o(.data)
    TimingDelay                              0x20000024   Data           4  delay.o(.data)
    .data                                    0x20000028   Section        4  usart.o(.data)
    .data                                    0x2000002c   Section       16  stm32f4xx_rcc.o(.data)
    APBAHBPrescTable                         0x2000002c   Data          16  stm32f4xx_rcc.o(.data)
    .data                                    0x2000003c   Section       20  system_stm32f4xx.o(.data)
    .bss                                     0x20000050   Section      110  data_transfer.o(.bss)
    RxBuffer                                 0x2000005a   Data          50  data_transfer.o(.bss)
    RxBuffer                                 0x2000008c   Data          50  data_transfer.o(.bss)
    .bss                                     0x200000be   Section      512  usart.o(.bss)
    .bss                                     0x200002c0   Section    38400  ov7670.o(.bss)
    STACK                                    0x200098c0   Section     1024  startup_stm32f4xx.o(STACK)

    Global Symbols

    Symbol Name                              Value     Ov Type        Size  Object(Section)

    BuildAttributes$$THM_ISAv4$E$P$D$K$B$S$7EM$VFPi3$EXTD16$VFPS$VFMA$PE$A:L22UL41UL21$X:L11$S22US41US21$IEEE1$IW$USESV6$~STKCKD$USESV7$~SHL$OTIME$ROPI$EBA8$MICROLIB$REQ8$PRES8$EABIv2 0x00000000   Number         0  anon$$obj.o ABSOLUTE
    __ARM_use_no_argv                        0x00000000   Number         0  main.o ABSOLUTE
    __cpp_initialize__aeabi_                  - Undefined Weak Reference
    __cxa_finalize                            - Undefined Weak Reference
    __decompress                              - Undefined Weak Reference
    _clock_init                               - Undefined Weak Reference
    _microlib_exit                            - Undefined Weak Reference
    __Vectors_Size                           0x00000188   Number         0  startup_stm32f4xx.o ABSOLUTE
    __Vectors                                0x08000000   Data           4  startup_stm32f4xx.o(RESET)
    __Vectors_End                            0x08000188   Data           0  startup_stm32f4xx.o(RESET)
    __main                                   0x08000189   Thumb Code     0  entry.o(.ARM.Collect$$$$00000000)
    _main_stk                                0x08000189   Thumb Code     0  entry2.o(.ARM.Collect$$$$00000001)
    _main_scatterload                        0x0800018d   Thumb Code     0  entry5.o(.ARM.Collect$$$$00000004)
    __main_after_scatterload                 0x08000191   Thumb Code     0  entry5.o(.ARM.Collect$$$$00000004)
    _main_clock                              0x08000191   Thumb Code     0  entry7b.o(.ARM.Collect$$$$00000008)
    _main_cpp_init                           0x08000191   Thumb Code     0  entry8b.o(.ARM.Collect$$$$0000000A)
    _main_init                               0x08000191   Thumb Code     0  entry9a.o(.ARM.Collect$$$$0000000B)
    __rt_final_cpp                           0x08000199   Thumb Code     0  entry10a.o(.ARM.Collect$$$$0000000D)
    __rt_final_exit                          0x08000199   Thumb Code     0  entry11a.o(.ARM.Collect$$$$0000000F)
    Reset_Handler                            0x0800019d   Thumb Code     8  startup_stm32f4xx.o(.text)
    ADC_IRQHandler                           0x080001b7   Thumb Code     0  startup_stm32f4xx.o(.text)
    CAN1_RX0_IRQHandler                      0x080001b7   Thumb Code     0  startup_stm32f4xx.o(.text)
    CAN1_RX1_IRQHandler                      0x080001b7   Thumb Code     0  startup_stm32f4xx.o(.text)
    CAN1_SCE_IRQHandler                      0x080001b7   Thumb Code     0  startup_stm32f4xx.o(.text)
    CAN1_TX_IRQHandler                       0x080001b7   Thumb Code     0  startup_stm32f4xx.o(.text)
    CAN2_RX0_IRQHandler                      0x080001b7   Thumb Code     0  startup_stm32f4xx.o(.text)
    CAN2_RX1_IRQHandler                      0x080001b7   Thumb Code     0  startup_stm32f4xx.o(.text)
    CAN2_SCE_IRQHandler                      0x080001b7   Thumb Code     0  startup_stm32f4xx.o(.text)
    CAN2_TX_IRQHandler                       0x080001b7   Thumb Code     0  startup_stm32f4xx.o(.text)
    CRYP_IRQHandler                          0x080001b7   Thumb Code     0  startup_stm32f4xx.o(.text)
    DMA1_Stream0_IRQHandler                  0x080001b7   Thumb Code     0  startup_stm32f4xx.o(.text)
    DMA1_Stream1_IRQHandler                  0x080001b7   Thumb Code     0  startup_stm32f4xx.o(.text)
    DMA1_Stream2_IRQHandler                  0x080001b7   Thumb Code     0  startup_stm32f4xx.o(.text)
    DMA1_Stream3_IRQHandler                  0x080001b7   Thumb Code     0  startup_stm32f4xx.o(.text)
    DMA1_Stream4_IRQHandler                  0x080001b7   Thumb Code     0  startup_stm32f4xx.o(.text)
    DMA1_Stream5_IRQHandler                  0x080001b7   Thumb Code     0  startup_stm32f4xx.o(.text)
    DMA1_Stream6_IRQHandler                  0x080001b7   Thumb Code     0  startup_stm32f4xx.o(.text)
    DMA1_Stream7_IRQHandler                  0x080001b7   Thumb Code     0  startup_stm32f4xx.o(.text)
    DMA2_Stream0_IRQHandler                  0x080001b7   Thumb Code     0  startup_stm32f4xx.o(.text)
    DMA2_Stream1_IRQHandler                  0x080001b7   Thumb Code     0  startup_stm32f4xx.o(.text)
    DMA2_Stream2_IRQHandler                  0x080001b7   Thumb Code     0  startup_stm32f4xx.o(.text)
    DMA2_Stream3_IRQHandler                  0x080001b7   Thumb Code     0  startup_stm32f4xx.o(.text)
    DMA2_Stream4_IRQHandler                  0x080001b7   Thumb Code     0  startup_stm32f4xx.o(.text)
    DMA2_Stream5_IRQHandler                  0x080001b7   Thumb Code     0  startup_stm32f4xx.o(.text)
    DMA2_Stream6_IRQHandler                  0x080001b7   Thumb Code     0  startup_stm32f4xx.o(.text)
    DMA2_Stream7_IRQHandler                  0x080001b7   Thumb Code     0  startup_stm32f4xx.o(.text)
    ETH_IRQHandler                           0x080001b7   Thumb Code     0  startup_stm32f4xx.o(.text)
    ETH_WKUP_IRQHandler                      0x080001b7   Thumb Code     0  startup_stm32f4xx.o(.text)
    EXTI0_IRQHandler                         0x080001b7   Thumb Code     0  startup_stm32f4xx.o(.text)
    EXTI15_10_IRQHandler                     0x080001b7   Thumb Code     0  startup_stm32f4xx.o(.text)
    EXTI1_IRQHandler                         0x080001b7   Thumb Code     0  startup_stm32f4xx.o(.text)
    EXTI2_IRQHandler                         0x080001b7   Thumb Code     0  startup_stm32f4xx.o(.text)
    EXTI3_IRQHandler                         0x080001b7   Thumb Code     0  startup_stm32f4xx.o(.text)
    EXTI4_IRQHandler                         0x080001b7   Thumb Code     0  startup_stm32f4xx.o(.text)
    EXTI9_5_IRQHandler                       0x080001b7   Thumb Code     0  startup_stm32f4xx.o(.text)
    FLASH_IRQHandler                         0x080001b7   Thumb Code     0  startup_stm32f4xx.o(.text)
    FPU_IRQHandler                           0x080001b7   Thumb Code     0  startup_stm32f4xx.o(.text)
    FSMC_IRQHandler                          0x080001b7   Thumb Code     0  startup_stm32f4xx.o(.text)
    HASH_RNG_IRQHandler                      0x080001b7   Thumb Code     0  startup_stm32f4xx.o(.text)
    I2C1_ER_IRQHandler                       0x080001b7   Thumb Code     0  startup_stm32f4xx.o(.text)
    I2C1_EV_IRQHandler                       0x080001b7   Thumb Code     0  startup_stm32f4xx.o(.text)
    I2C2_ER_IRQHandler                       0x080001b7   Thumb Code     0  startup_stm32f4xx.o(.text)
    I2C2_EV_IRQHandler                       0x080001b7   Thumb Code     0  startup_stm32f4xx.o(.text)
    I2C3_ER_IRQHandler                       0x080001b7   Thumb Code     0  startup_stm32f4xx.o(.text)
    I2C3_EV_IRQHandler                       0x080001b7   Thumb Code     0  startup_stm32f4xx.o(.text)
    OTG_FS_IRQHandler                        0x080001b7   Thumb Code     0  startup_stm32f4xx.o(.text)
    OTG_FS_WKUP_IRQHandler                   0x080001b7   Thumb Code     0  startup_stm32f4xx.o(.text)
    OTG_HS_EP1_IN_IRQHandler                 0x080001b7   Thumb Code     0  startup_stm32f4xx.o(.text)
    OTG_HS_EP1_OUT_IRQHandler                0x080001b7   Thumb Code     0  startup_stm32f4xx.o(.text)
    OTG_HS_IRQHandler                        0x080001b7   Thumb Code     0  startup_stm32f4xx.o(.text)
    OTG_HS_WKUP_IRQHandler                   0x080001b7   Thumb Code     0  startup_stm32f4xx.o(.text)
    PVD_IRQHandler                           0x080001b7   Thumb Code     0  startup_stm32f4xx.o(.text)
    RCC_IRQHandler                           0x080001b7   Thumb Code     0  startup_stm32f4xx.o(.text)
    RTC_Alarm_IRQHandler                     0x080001b7   Thumb Code     0  startup_stm32f4xx.o(.text)
    RTC_WKUP_IRQHandler                      0x080001b7   Thumb Code     0  startup_stm32f4xx.o(.text)
    SDIO_IRQHandler                          0x080001b7   Thumb Code     0  startup_stm32f4xx.o(.text)
    SPI1_IRQHandler                          0x080001b7   Thumb Code     0  startup_stm32f4xx.o(.text)
    SPI2_IRQHandler                          0x080001b7   Thumb Code     0  startup_stm32f4xx.o(.text)
    SPI3_IRQHandler                          0x080001b7   Thumb Code     0  startup_stm32f4xx.o(.text)
    TAMP_STAMP_IRQHandler                    0x080001b7   Thumb Code     0  startup_stm32f4xx.o(.text)
    TIM1_BRK_TIM9_IRQHandler                 0x080001b7   Thumb Code     0  startup_stm32f4xx.o(.text)
    TIM1_CC_IRQHandler                       0x080001b7   Thumb Code     0  startup_stm32f4xx.o(.text)
    TIM1_TRG_COM_TIM11_IRQHandler            0x080001b7   Thumb Code     0  startup_stm32f4xx.o(.text)
    TIM1_UP_TIM10_IRQHandler                 0x080001b7   Thumb Code     0  startup_stm32f4xx.o(.text)
    TIM2_IRQHandler                          0x080001b7   Thumb Code     0  startup_stm32f4xx.o(.text)
    TIM4_IRQHandler                          0x080001b7   Thumb Code     0  startup_stm32f4xx.o(.text)
    TIM5_IRQHandler                          0x080001b7   Thumb Code     0  startup_stm32f4xx.o(.text)
    TIM6_DAC_IRQHandler                      0x080001b7   Thumb Code     0  startup_stm32f4xx.o(.text)
    TIM7_IRQHandler                          0x080001b7   Thumb Code     0  startup_stm32f4xx.o(.text)
    TIM8_BRK_TIM12_IRQHandler                0x080001b7   Thumb Code     0  startup_stm32f4xx.o(.text)
    TIM8_CC_IRQHandler                       0x080001b7   Thumb Code     0  startup_stm32f4xx.o(.text)
    TIM8_TRG_COM_TIM14_IRQHandler            0x080001b7   Thumb Code     0  startup_stm32f4xx.o(.text)
    TIM8_UP_TIM13_IRQHandler                 0x080001b7   Thumb Code     0  startup_stm32f4xx.o(.text)
    UART4_IRQHandler                         0x080001b7   Thumb Code     0  startup_stm32f4xx.o(.text)
    UART5_IRQHandler                         0x080001b7   Thumb Code     0  startup_stm32f4xx.o(.text)
    USART3_IRQHandler                        0x080001b7   Thumb Code     0  startup_stm32f4xx.o(.text)
    USART6_IRQHandler                        0x080001b7   Thumb Code     0  startup_stm32f4xx.o(.text)
    WWDG_IRQHandler                          0x080001b7   Thumb Code     0  startup_stm32f4xx.o(.text)
    __scatterload                            0x080001c1   Thumb Code    28  init.o(.text)
    __scatterload_rt2                        0x080001c1   Thumb Code     0  init.o(.text)
    All_Init                                 0x080001e5   Thumb Code   120  init.o(i.All_Init)
    BusFault_Handler                         0x08000265   Thumb Code     4  stm32f4xx_it.o(i.BusFault_Handler)
    Cam_Init                                 0x08000269   Thumb Code   538  ov7670.o(i.Cam_Init)
    DCMI_CROPCmd                             0x0800049d   Thumb Code    30  stm32f4xx_dcmi.o(i.DCMI_CROPCmd)
    DCMI_CROPConfig                          0x080004c1   Thumb Code    26  stm32f4xx_dcmi.o(i.DCMI_CROPConfig)
    DCMI_CaptureCmd                          0x080004e1   Thumb Code    30  stm32f4xx_dcmi.o(i.DCMI_CaptureCmd)
    DCMI_ClearITPendingBit                   0x08000505   Thumb Code     6  stm32f4xx_dcmi.o(i.DCMI_ClearITPendingBit)
    DCMI_Cmd                                 0x08000511   Thumb Code    30  stm32f4xx_dcmi.o(i.DCMI_Cmd)
    DCMI_DMA_Init                            0x08000535   Thumb Code   102  ov7670.o(i.DCMI_DMA_Init)
    DCMI_GetITStatus                         0x080005a5   Thumb Code    24  stm32f4xx_dcmi.o(i.DCMI_GetITStatus)
    DCMI_IRQHandler                          0x080005c1   Thumb Code    34  dgp.o(i.DCMI_IRQHandler)
    DCMI_ITConfig                            0x080005e9   Thumb Code    30  stm32f4xx_dcmi.o(i.DCMI_ITConfig)
    DCMI_Init                                0x0800060d   Thumb Code    60  stm32f4xx_dcmi.o(i.DCMI_Init)
    DCMI_Start                               0x0800064d   Thumb Code    24  ov7670.o(i.DCMI_Start)
    DMA_Cmd                                  0x08000669   Thumb Code    22  stm32f4xx_dma.o(i.DMA_Cmd)
    DMA_DeInit                               0x08000681   Thumb Code   324  stm32f4xx_dma.o(i.DMA_DeInit)
    DMA_GetCmdStatus                         0x080007d9   Thumb Code    20  stm32f4xx_dma.o(i.DMA_GetCmdStatus)
    DMA_GetCurrDataCounter                   0x080007ed   Thumb Code     8  stm32f4xx_dma.o(i.DMA_GetCurrDataCounter)
    DMA_Init                                 0x080007f5   Thumb Code    82  stm32f4xx_dma.o(i.DMA_Init)
    DMA_SetCurrDataCounter                   0x0800084d   Thumb Code     4  stm32f4xx_dma.o(i.DMA_SetCurrDataCounter)
    Data_Receive_Prepare_1                   0x08000851   Thumb Code   216  data_transfer.o(i.Data_Receive_Prepare_1)
    Data_Receive_Prepare_2                   0x08000939   Thumb Code   216  data_transfer.o(i.Data_Receive_Prepare_2)
    Data_Receive_deal                        0x08000a21   Thumb Code   142  data_transfer.o(i.Data_Receive_deal)
    DebugMon_Handler                         0x08000ab9   Thumb Code     2  stm32f4xx_it.o(i.DebugMon_Handler)
    GPIO_Init                                0x08000abb   Thumb Code   144  stm32f4xx_gpio.o(i.GPIO_Init)
    GPIO_PinAFConfig                         0x08000b4b   Thumb Code    70  stm32f4xx_gpio.o(i.GPIO_PinAFConfig)
    GPIO_ResetBits                           0x08000b91   Thumb Code     4  stm32f4xx_gpio.o(i.GPIO_ResetBits)
    GPIO_SetBits                             0x08000b95   Thumb Code     4  stm32f4xx_gpio.o(i.GPIO_SetBits)
    HardFault_Handler                        0x08000b99   Thumb Code     4  stm32f4xx_it.o(i.HardFault_Handler)
    LED_GPIO_Conf                            0x08000b9d   Thumb Code    60  led.o(i.LED_GPIO_Conf)
    MemManage_Handler                        0x08000bdd   Thumb Code     4  stm32f4xx_it.o(i.MemManage_Handler)
    NMI_Handler                              0x08000be1   Thumb Code     2  stm32f4xx_it.o(i.NMI_Handler)
    NVIC_Init                                0x08000be5   Thumb Code   106  misc.o(i.NVIC_Init)
    NVIC_PriorityGroupConfig                 0x08000c5d   Thumb Code    10  misc.o(i.NVIC_PriorityGroupConfig)
    OV7670_Init                              0x08000c71   Thumb Code    74  ov7670.o(i.OV7670_Init)
    OV7670_config_window                     0x08000cc1   Thumb Code   200  ov7670.o(i.OV7670_config_window)
    OV_ReadID                                0x08000d89   Thumb Code    16  ov7670.o(i.OV_ReadID)
    OV_ReadReg                               0x08000d99   Thumb Code   102  ov7670.o(i.OV_ReadReg)
    OV_Reset                                 0x08000dff   Thumb Code    12  ov7670.o(i.OV_Reset)
    OV_WriteReg                              0x08000e0b   Thumb Code    78  ov7670.o(i.OV_WriteReg)
    PendSV_Handler                           0x08000e59   Thumb Code     2  stm32f4xx_it.o(i.PendSV_Handler)
    RCC_AHB1PeriphClockCmd                   0x08000e5d   Thumb Code    26  stm32f4xx_rcc.o(i.RCC_AHB1PeriphClockCmd)
    RCC_AHB2PeriphClockCmd                   0x08000e7d   Thumb Code    26  stm32f4xx_rcc.o(i.RCC_AHB2PeriphClockCmd)
    RCC_APB1PeriphClockCmd                   0x08000e9d   Thumb Code    26  stm32f4xx_rcc.o(i.RCC_APB1PeriphClockCmd)
    RCC_APB2PeriphClockCmd                   0x08000ebd   Thumb Code    26  stm32f4xx_rcc.o(i.RCC_APB2PeriphClockCmd)
    RCC_GetClocksFreq                        0x08000edd   Thumb Code   214  stm32f4xx_rcc.o(i.RCC_GetClocksFreq)
    RCC_MCO1Config                           0x08000fc5   Thumb Code    24  stm32f4xx_rcc.o(i.RCC_MCO1Config)
    SCCB_Init                                0x08000fe1   Thumb Code    50  ov7670.o(i.SCCB_Init)
    SCCB_Read                                0x08001019   Thumb Code    84  ov7670.o(i.SCCB_Read)
    SCCB_SID_IN                              0x08001071   Thumb Code    36  ov7670.o(i.SCCB_SID_IN)
    SCCB_SID_OUT                             0x08001099   Thumb Code    42  ov7670.o(i.SCCB_SID_OUT)
    SCCB_Start                               0x080010c9   Thumb Code    64  ov7670.o(i.SCCB_Start)
    SCCB_Stop                                0x0800110d   Thumb Code    50  ov7670.o(i.SCCB_Stop)
    SCCB_Write                               0x08001145   Thumb Code   154  ov7670.o(i.SCCB_Write)
    SVC_Handler                              0x080011e5   Thumb Code     2  stm32f4xx_it.o(i.SVC_Handler)
    SysTick_Handler                          0x080012d5   Thumb Code     8  stm32f4xx_it.o(i.SysTick_Handler)
    SysTick_Init                             0x080012dd   Thumb Code    90  delay.o(i.SysTick_Init)
    SystemInit                               0x08001349   Thumb Code    88  system_stm32f4xx.o(i.SystemInit)
    TIM3_IRQHandler                          0x080013b1   Thumb Code    30  timer.o(i.TIM3_IRQHandler)
    TIM3_Int_Init                            0x080013d9   Thumb Code    88  timer.o(i.TIM3_Int_Init)
    TIM_ClearITPendingBit                    0x08001435   Thumb Code     6  stm32f4xx_tim.o(i.TIM_ClearITPendingBit)
    TIM_Cmd                                  0x0800143b   Thumb Code    24  stm32f4xx_tim.o(i.TIM_Cmd)
    TIM_GetITStatus                          0x08001453   Thumb Code    34  stm32f4xx_tim.o(i.TIM_GetITStatus)
    TIM_ITConfig                             0x08001475   Thumb Code    18  stm32f4xx_tim.o(i.TIM_ITConfig)
    TIM_TimeBaseInit                         0x08001489   Thumb Code   104  stm32f4xx_tim.o(i.TIM_TimeBaseInit)
    TimeTick_Decrement                       0x0800150d   Thumb Code    18  delay.o(i.TimeTick_Decrement)
    USART1_IRQHandler                        0x08001525   Thumb Code     8  stm32f4xx_it.o(i.USART1_IRQHandler)
    USART2_IRQHandler                        0x0800152d   Thumb Code     8  stm32f4xx_it.o(i.USART2_IRQHandler)
    USART_ClearITPendingBit                  0x08001535   Thumb Code    30  stm32f4xx_usart.o(i.USART_ClearITPendingBit)
    USART_ClockInit                          0x08001553   Thumb Code    32  stm32f4xx_usart.o(i.USART_ClockInit)
    USART_Cmd                                0x08001573   Thumb Code    24  stm32f4xx_usart.o(i.USART_Cmd)
    USART_GetITStatus                        0x0800158b   Thumb Code    84  stm32f4xx_usart.o(i.USART_GetITStatus)
    USART_ITConfig                           0x080015df   Thumb Code    74  stm32f4xx_usart.o(i.USART_ITConfig)
    USART_Init                               0x08001629   Thumb Code   204  stm32f4xx_usart.o(i.USART_Init)
    USART_SendData                           0x080016fd   Thumb Code     8  stm32f4xx_usart.o(i.USART_SendData)
    UsageFault_Handler                       0x08001705   Thumb Code     4  stm32f4xx_it.o(i.UsageFault_Handler)
    Usart1_IRQ                               0x08001709   Thumb Code   110  usart.o(i.Usart1_IRQ)
    Usart1_Init                              0x08001789   Thumb Code   204  usart.o(i.Usart1_Init)
    Usart2_IRQ                               0x0800185d   Thumb Code   120  usart.o(i.Usart2_IRQ)
    Usart2_Init                              0x080018e5   Thumb Code   230  usart.o(i.Usart2_Init)
    __scatterload_copy                       0x080019d5   Thumb Code    14  handlers.o(i.__scatterload_copy)
    __scatterload_null                       0x080019e3   Thumb Code     2  handlers.o(i.__scatterload_null)
    __scatterload_zeroinit                   0x080019e5   Thumb Code    14  handlers.o(i.__scatterload_zeroinit)
    delay_1ms                                0x080019f5   Thumb Code    20  delay.o(i.delay_1ms)
    delay_ms                                 0x08001a0d   Thumb Code    20  delay.o(i.delay_ms)
    delay_us                                 0x08001a21   Thumb Code    16  delay.o(i.delay_us)
    jpeg_data_process                        0x08001a35   Thumb Code    90  dgp.o(i.jpeg_data_process)
    main                                     0x08001a9d   Thumb Code    40  main.o(i.main)
    noAck                                    0x08001acd   Thumb Code    64  ov7670.o(i.noAck)
    Region$$Table$$Base                      0x08001da8   Number         0  anon$$obj.o(Region$$Table)
    Region$$Table$$Limit                     0x08001dc8   Number         0  anon$$obj.o(Region$$Table)
    Init_Finish                              0x20000000   Data           1  main.o(.data)
    Rc                                       0x20000002   Data           8  ctrl.o(.data)
    ov_frame                                 0x20000010   Data           1  dgp.o(.data)
    jpeg_data_len                            0x20000014   Data           4  dgp.o(.data)
    jpeg_data_ok                             0x20000018   Data           1  dgp.o(.data)
    target_info                              0x2000001c   Data           8  dgp.o(.data)
    Tx1Counter                               0x20000028   Data           1  usart.o(.data)
    count_1                                  0x20000029   Data           1  usart.o(.data)
    Tx2Counter                               0x2000002a   Data           1  usart.o(.data)
    count_2                                  0x2000002b   Data           1  usart.o(.data)
    SystemCoreClock                          0x2000003c   Data           4  system_stm32f4xx.o(.data)
    AHBPrescTable                            0x20000040   Data          16  system_stm32f4xx.o(.data)
    data_to_send                             0x20000050   Data          10  data_transfer.o(.bss)
    Tx1Buffer                                0x200000be   Data         256  usart.o(.bss)
    Tx2Buffer                                0x200001be   Data         256  usart.o(.bss)
    jpeg_buf                                 0x200002c0   Data       38400  ov7670.o(.bss)
    __initial_sp                             0x20009cc0   Data           0  startup_stm32f4xx.o(STACK)



==============================================================================

Memory Map of the image

  Image Entry point : 0x08000189

  Load Region LR_IROM1 (Base: 0x08000000, Size: 0x00001e18, Max: 0x00080000, ABSOLUTE)

    Execution Region ER_IROM1 (Base: 0x08000000, Size: 0x00001dc8, Max: 0x00080000, ABSOLUTE)

    Base Addr    Size         Type   Attr      Idx    E Section Name        Object

    0x08000000   0x00000188   Data   RO         2489    RESET               startup_stm32f4xx.o
    0x08000188   0x00000000   Code   RO         2494  * .ARM.Collect$$$$00000000  mc_w.l(entry.o)
    0x08000188   0x00000004   Code   RO         2509    .ARM.Collect$$$$00000001  mc_w.l(entry2.o)
    0x0800018c   0x00000004   Code   RO         2512    .ARM.Collect$$$$00000004  mc_w.l(entry5.o)
    0x08000190   0x00000000   Code   RO         2514    .ARM.Collect$$$$00000008  mc_w.l(entry7b.o)
    0x08000190   0x00000000   Code   RO         2516    .ARM.Collect$$$$0000000A  mc_w.l(entry8b.o)
    0x08000190   0x00000008   Code   RO         2517    .ARM.Collect$$$$0000000B  mc_w.l(entry9a.o)
    0x08000198   0x00000000   Code   RO         2519    .ARM.Collect$$$$0000000D  mc_w.l(entry10a.o)
    0x08000198   0x00000000   Code   RO         2521    .ARM.Collect$$$$0000000F  mc_w.l(entry11a.o)
    0x08000198   0x00000004   Code   RO         2510    .ARM.Collect$$$$00002712  mc_w.l(entry2.o)
    0x0800019c   0x00000024   Code   RO         2490    .text               startup_stm32f4xx.o
    0x080001c0   0x00000024   Code   RO         2532    .text               mc_w.l(init.o)
    0x080001e4   0x00000080   Code   RO          259    i.All_Init          init.o
    0x08000264   0x00000004   Code   RO          104    i.BusFault_Handler  stm32f4xx_it.o
    0x08000268   0x00000234   Code   RO          519    i.Cam_Init          ov7670.o
    0x0800049c   0x00000024   Code   RO         2309    i.DCMI_CROPCmd      stm32f4xx_dcmi.o
    0x080004c0   0x00000020   Code   RO         2310    i.DCMI_CROPConfig   stm32f4xx_dcmi.o
    0x080004e0   0x00000024   Code   RO         2311    i.DCMI_CaptureCmd   stm32f4xx_dcmi.o
    0x08000504   0x0000000c   Code   RO         2313    i.DCMI_ClearITPendingBit  stm32f4xx_dcmi.o
    0x08000510   0x00000024   Code   RO         2314    i.DCMI_Cmd          stm32f4xx_dcmi.o
    0x08000534   0x00000070   Code   RO          520    i.DCMI_DMA_Init     ov7670.o
    0x080005a4   0x0000001c   Code   RO         2317    i.DCMI_GetITStatus  stm32f4xx_dcmi.o
    0x080005c0   0x00000028   Code   RO          279    i.DCMI_IRQHandler   dgp.o
    0x080005e8   0x00000024   Code   RO         2318    i.DCMI_ITConfig     stm32f4xx_dcmi.o
    0x0800060c   0x00000040   Code   RO         2319    i.DCMI_Init         stm32f4xx_dcmi.o
    0x0800064c   0x0000001c   Code   RO          521    i.DCMI_Start        ov7670.o
    0x08000668   0x00000016   Code   RO         2187    i.DMA_Cmd           stm32f4xx_dma.o
    0x0800067e   0x00000002   PAD
    0x08000680   0x00000158   Code   RO         2188    i.DMA_DeInit        stm32f4xx_dma.o
    0x080007d8   0x00000014   Code   RO         2192    i.DMA_GetCmdStatus  stm32f4xx_dma.o
    0x080007ec   0x00000008   Code   RO         2193    i.DMA_GetCurrDataCounter  stm32f4xx_dma.o
    0x080007f4   0x00000058   Code   RO         2199    i.DMA_Init          stm32f4xx_dma.o
    0x0800084c   0x00000004   Code   RO         2202    i.DMA_SetCurrDataCounter  stm32f4xx_dma.o
    0x08000850   0x000000e8   Code   RO          206    i.Data_Receive_Prepare_1  data_transfer.o
    0x08000938   0x000000e8   Code   RO          207    i.Data_Receive_Prepare_2  data_transfer.o
    0x08000a20   0x00000098   Code   RO          208    i.Data_Receive_deal  data_transfer.o
    0x08000ab8   0x00000002   Code   RO          105    i.DebugMon_Handler  stm32f4xx_it.o
    0x08000aba   0x00000090   Code   RO          911    i.GPIO_Init         stm32f4xx_gpio.o
    0x08000b4a   0x00000046   Code   RO          912    i.GPIO_PinAFConfig  stm32f4xx_gpio.o
    0x08000b90   0x00000004   Code   RO          918    i.GPIO_ResetBits    stm32f4xx_gpio.o
    0x08000b94   0x00000004   Code   RO          919    i.GPIO_SetBits      stm32f4xx_gpio.o
    0x08000b98   0x00000004   Code   RO          106    i.HardFault_Handler  stm32f4xx_it.o
    0x08000b9c   0x00000040   Code   RO          447    i.LED_GPIO_Conf     led.o
    0x08000bdc   0x00000004   Code   RO          107    i.MemManage_Handler  stm32f4xx_it.o
    0x08000be0   0x00000002   Code   RO          108    i.NMI_Handler       stm32f4xx_it.o
    0x08000be2   0x00000002   PAD
    0x08000be4   0x00000078   Code   RO          685    i.NVIC_Init         misc.o
    0x08000c5c   0x00000014   Code   RO          686    i.NVIC_PriorityGroupConfig  misc.o
    0x08000c70   0x00000050   Code   RO          524    i.OV7670_Init       ov7670.o
    0x08000cc0   0x000000c8   Code   RO          525    i.OV7670_config_window  ov7670.o
    0x08000d88   0x00000010   Code   RO          526    i.OV_ReadID         ov7670.o
    0x08000d98   0x00000066   Code   RO          527    i.OV_ReadReg        ov7670.o
    0x08000dfe   0x0000000c   Code   RO          528    i.OV_Reset          ov7670.o
    0x08000e0a   0x0000004e   Code   RO          529    i.OV_WriteReg       ov7670.o
    0x08000e58   0x00000002   Code   RO          109    i.PendSV_Handler    stm32f4xx_it.o
    0x08000e5a   0x00000002   PAD
    0x08000e5c   0x00000020   Code   RO         1188    i.RCC_AHB1PeriphClockCmd  stm32f4xx_rcc.o
    0x08000e7c   0x00000020   Code   RO         1191    i.RCC_AHB2PeriphClockCmd  stm32f4xx_rcc.o
    0x08000e9c   0x00000020   Code   RO         1197    i.RCC_APB1PeriphClockCmd  stm32f4xx_rcc.o
    0x08000ebc   0x00000020   Code   RO         1200    i.RCC_APB2PeriphClockCmd  stm32f4xx_rcc.o
    0x08000edc   0x000000e8   Code   RO         1209    i.RCC_GetClocksFreq  stm32f4xx_rcc.o
    0x08000fc4   0x0000001c   Code   RO         1220    i.RCC_MCO1Config    stm32f4xx_rcc.o
    0x08000fe0   0x00000038   Code   RO          530    i.SCCB_Init         ov7670.o
    0x08001018   0x00000058   Code   RO          531    i.SCCB_Read         ov7670.o
    0x08001070   0x00000028   Code   RO          532    i.SCCB_SID_IN       ov7670.o
    0x08001098   0x00000030   Code   RO          533    i.SCCB_SID_OUT      ov7670.o
    0x080010c8   0x00000044   Code   RO          534    i.SCCB_Start        ov7670.o
    0x0800110c   0x00000038   Code   RO          535    i.SCCB_Stop         ov7670.o
    0x08001144   0x000000a0   Code   RO          536    i.SCCB_Write        ov7670.o
    0x080011e4   0x00000002   Code   RO          110    i.SVC_Handler       stm32f4xx_it.o
    0x080011e6   0x00000002   PAD
    0x080011e8   0x000000ec   Code   RO         2455    i.SetSysClock       system_stm32f4xx.o
    0x080012d4   0x00000008   Code   RO          111    i.SysTick_Handler   stm32f4xx_it.o
    0x080012dc   0x0000006c   Code   RO          401    i.SysTick_Init      delay.o
    0x08001348   0x00000068   Code   RO         2457    i.SystemInit        system_stm32f4xx.o
    0x080013b0   0x00000028   Code   RO          656    i.TIM3_IRQHandler   timer.o
    0x080013d8   0x0000005c   Code   RO          657    i.TIM3_Int_Init     timer.o
    0x08001434   0x00000006   Code   RO         1638    i.TIM_ClearITPendingBit  stm32f4xx_tim.o
    0x0800143a   0x00000018   Code   RO         1643    i.TIM_Cmd           stm32f4xx_tim.o
    0x08001452   0x00000022   Code   RO         1664    i.TIM_GetITStatus   stm32f4xx_tim.o
    0x08001474   0x00000012   Code   RO         1668    i.TIM_ITConfig      stm32f4xx_tim.o
    0x08001486   0x00000002   PAD
    0x08001488   0x00000084   Code   RO         1715    i.TIM_TimeBaseInit  stm32f4xx_tim.o
    0x0800150c   0x00000018   Code   RO          402    i.TimeTick_Decrement  delay.o
    0x08001524   0x00000008   Code   RO          112    i.USART1_IRQHandler  stm32f4xx_it.o
    0x0800152c   0x00000008   Code   RO          113    i.USART2_IRQHandler  stm32f4xx_it.o
    0x08001534   0x0000001e   Code   RO         1005    i.USART_ClearITPendingBit  stm32f4xx_usart.o
    0x08001552   0x00000020   Code   RO         1006    i.USART_ClockInit   stm32f4xx_usart.o
    0x08001572   0x00000018   Code   RO         1008    i.USART_Cmd         stm32f4xx_usart.o
    0x0800158a   0x00000054   Code   RO         1012    i.USART_GetITStatus  stm32f4xx_usart.o
    0x080015de   0x0000004a   Code   RO         1014    i.USART_ITConfig    stm32f4xx_usart.o
    0x08001628   0x000000d4   Code   RO         1015    i.USART_Init        stm32f4xx_usart.o
    0x080016fc   0x00000008   Code   RO         1025    i.USART_SendData    stm32f4xx_usart.o
    0x08001704   0x00000004   Code   RO          114    i.UsageFault_Handler  stm32f4xx_it.o
    0x08001708   0x00000080   Code   RO          469    i.Usart1_IRQ        usart.o
    0x08001788   0x000000d4   Code   RO          470    i.Usart1_Init       usart.o
    0x0800185c   0x00000088   Code   RO          472    i.Usart2_IRQ        usart.o
    0x080018e4   0x000000f0   Code   RO          473    i.Usart2_Init       usart.o
    0x080019d4   0x0000000e   Code   RO         2538    i.__scatterload_copy  mc_w.l(handlers.o)
    0x080019e2   0x00000002   Code   RO         2539    i.__scatterload_null  mc_w.l(handlers.o)
    0x080019e4   0x0000000e   Code   RO         2540    i.__scatterload_zeroinit  mc_w.l(handlers.o)
    0x080019f2   0x00000002   PAD
    0x080019f4   0x00000018   Code   RO          403    i.delay_1ms         delay.o
    0x08001a0c   0x00000014   Code   RO          404    i.delay_ms          delay.o
    0x08001a20   0x00000014   Code   RO          405    i.delay_us          delay.o
    0x08001a34   0x00000068   Code   RO          281    i.jpeg_data_process  dgp.o
    0x08001a9c   0x00000030   Code   RO            2    i.main              main.o
    0x08001acc   0x00000044   Code   RO          537    i.noAck             ov7670.o
    0x08001b10   0x00000296   Data   RO          539    .constdata          ov7670.o
    0x08001da6   0x00000002   PAD
    0x08001da8   0x00000020   Data   RO         2536    Region$$Table       anon$$obj.o


    Execution Region RW_IRAM1 (Base: 0x20000000, Size: 0x00009cc0, Max: 0x00020000, ABSOLUTE)

    Base Addr    Size         Type   Attr      Idx    E Section Name        Object

    0x20000000   0x00000001   Data   RW            3    .data               main.o
    0x20000001   0x00000001   PAD
    0x20000002   0x00000008   Data   RW          185    .data               ctrl.o
    0x2000000a   0x00000006   Data   RW          213    .data               data_transfer.o
    0x20000010   0x00000014   Data   RW          282    .data               dgp.o
    0x20000024   0x00000004   Data   RW          406    .data               delay.o
    0x20000028   0x00000004   Data   RW          476    .data               usart.o
    0x2000002c   0x00000010   Data   RW         1232    .data               stm32f4xx_rcc.o
    0x2000003c   0x00000014   Data   RW         2458    .data               system_stm32f4xx.o
    0x20000050   0x0000006e   Zero   RW          212    .bss                data_transfer.o
    0x200000be   0x00000200   Zero   RW          475    .bss                usart.o
    0x200002be   0x00000002   PAD
    0x200002c0   0x00009600   Zero   RW          538    .bss                ov7670.o
    0x200098c0   0x00000400   Zero   RW         2487    STACK               startup_stm32f4xx.o


==============================================================================

Image component sizes


      Code (inc. data)   RO Data    RW Data    ZI Data      Debug   Object Name

         0          0          0          8          0        656   ctrl.o
       616         42          0          6        110       3161   data_transfer.o
       196         32          0          4          0      21509   delay.o
       144         20          0         20          0       2148   dgp.o
       128          8          0          0          0        571   init.o
        64          4          0          0          0        552   led.o
        48          8          0          1          0     276457   main.o
       140         24          0          0          0       1639   misc.o
      1776         86        662          0      38400      11981   ov7670.o
        36          8        392          0       1024        840   startup_stm32f4xx.o
       280         44          0          0          0       5010   stm32f4xx_dcmi.o
       486         26          0          0          0       5031   stm32f4xx_dma.o
       222          0          0          0          0       3035   stm32f4xx_gpio.o
        48          0          0          0          0       5366   stm32f4xx_it.o
       388         46          0         16          0       5805   stm32f4xx_rcc.o
       214         28          0          0          0       3854   stm32f4xx_tim.o
       464          8          0          0          0       5759   stm32f4xx_usart.o
       340         32          0         20          0       1973   system_stm32f4xx.o
       132         14          0          0          0       1186   timer.o
       716         52          0          4        512       3642   usart.o

    ----------------------------------------------------------------------
      6448        482       1088         80      40048     360175   Object Totals
         0          0         32          0          0          0   (incl. Generated)
        10          0          2          1          2          0   (incl. Padding)

    ----------------------------------------------------------------------

      Code (inc. data)   RO Data    RW Data    ZI Data      Debug   Library Member Name

         0          0          0          0          0          0   entry.o
         0          0          0          0          0          0   entry10a.o
         0          0          0          0          0          0   entry11a.o
         8          4          0          0          0          0   entry2.o
         4          0          0          0          0          0   entry5.o
         0          0          0          0          0          0   entry7b.o
         0          0          0          0          0          0   entry8b.o
         8          4          0          0          0          0   entry9a.o
        30          0          0          0          0          0   handlers.o
        36          8          0          0          0         68   init.o

    ----------------------------------------------------------------------
        88         16          0          0          0         68   Library Totals
         2          0          0          0          0          0   (incl. Padding)

    ----------------------------------------------------------------------

      Code (inc. data)   RO Data    RW Data    ZI Data      Debug   Library Name

        86         16          0          0          0         68   mc_w.l

    ----------------------------------------------------------------------
        88         16          0          0          0         68   Library Totals

    ----------------------------------------------------------------------

==============================================================================


      Code (inc. data)   RO Data    RW Data    ZI Data      Debug   

      6536        498       1088         80      40048     352247   Grand Totals
      6536        498       1088         80      40048     352247   ELF Image Totals
      6536        498       1088         80          0          0   ROM Totals

==============================================================================

    Total RO  Size (Code + RO Data)                 7624 (   7.45kB)
    Total RW  Size (RW Data + ZI Data)             40128 (  39.19kB)
    Total ROM Size (Code + RO Data + RW Data)       7704 (   7.52kB)

==============================================================================

