Component: ARM Compiler 5.05 update 2 (build 169) Tool: armlink [4d0f33]

==============================================================================

Section Cross References

    main.o(i.main) refers to init.o(i.All_Init) for All_Init
    main.o(i.main) refers to data_transfer.o(i.Send_ready) for Send_ready
    main.o(i.main) refers to stm32f4xx_gpio.o(i.GPIO_ResetBits) for GPIO_ResetBits
    main.o(i.main) refers to dgp.o(i.get_target2) for get_target2
    main.o(i.main) refers to stm32f4xx_gpio.o(i.GPIO_SetBits) for GPIO_SetBits
    main.o(i.main) refers to ctrl.o(i.back_duty) for back_duty
    main.o(i.main) refers to ctrl.o(i.front_duty) for front_duty
    main.o(i.main) refers to init.o(.data) for ready_2
    main.o(i.main) refers to ov7670.o(.bss) for jpeg_buf
    main.o(i.main) refers to dgp.o(.data) for jpeg_data_ok
    main.o(i.main) refers to ctrl.o(.data) for back_ctrl_finish
    main.o(i.main) refers to data_transfer.o(.data) for front_data_ok
    stm32f4xx_it.o(i.SysTick_Handler) refers to delay.o(i.TimeTick_Decrement) for TimeTick_Decrement
    stm32f4xx_it.o(i.USART1_IRQHandler) refers to usart.o(i.Usart1_IRQ) for Usart1_IRQ
    stm32f4xx_it.o(i.USART2_IRQHandler) refers to usart.o(i.Usart2_IRQ) for Usart2_IRQ
    ctrl.o(i.back_duty) refers to data_transfer.o(i.Send_ready) for Send_ready
    ctrl.o(i.back_duty) refers to data_transfer.o(i.Send_Back_Target) for Send_Back_Target
    ctrl.o(i.back_duty) refers to ctrl.o(i.control_back_output) for control_back_output
    ctrl.o(i.back_duty) refers to init.o(.data) for ready_2
    ctrl.o(i.back_duty) refers to dgp.o(.data) for back_measure_info
    ctrl.o(i.control_back_output) refers to ctrl.o(i.control_go_roll) for control_go_roll
    ctrl.o(i.control_back_output) refers to data_transfer.o(i.Send_Front_Rc) for Send_Front_Rc
    ctrl.o(i.control_back_output) refers to ctrl.o(.bss) for roll_pid
    ctrl.o(i.control_back_output) refers to ctrl.o(.data) for Rc_back
    ctrl.o(i.control_back_roll) refers to ctrl.o(i.PID_Position) for PID_Position
    ctrl.o(i.control_back_roll) refers to ctrl.o(.data) for back_info_y_last
    ctrl.o(i.control_go_output) refers to ctrl.o(i.control_go_roll) for control_go_roll
    ctrl.o(i.control_go_output) refers to data_transfer.o(i.Send_Front_Rc) for Send_Front_Rc
    ctrl.o(i.control_go_output) refers to ctrl.o(.bss) for roll_pid
    ctrl.o(i.control_go_output) refers to ctrl.o(.data) for Rc_front
    ctrl.o(i.control_go_roll) refers to ctrl.o(i.PID_Position) for PID_Position
    ctrl.o(i.control_go_roll) refers to ctrl.o(.data) for front_info_y_last
    ctrl.o(i.control_yaw) refers to ctrl.o(i.PID_Position) for PID_Position
    ctrl.o(i.front_duty) refers to data_transfer.o(i.Send_ready) for Send_ready
    ctrl.o(i.front_duty) refers to data_transfer.o(i.Send_Front_Target) for Send_Front_Target
    ctrl.o(i.front_duty) refers to ctrl.o(i.control_go_output) for control_go_output
    ctrl.o(i.front_duty) refers to init.o(.data) for ready_1
    ctrl.o(i.front_duty) refers to dgp.o(.data) for front_measure_info
    ctrl.o(i.pid_set) refers to ctrl.o(.bss) for roll_pid
    data_transfer.o(i.Data_Receive_Prepare_1) refers to data_transfer.o(i.Data_Receive_deal) for Data_Receive_deal
    data_transfer.o(i.Data_Receive_Prepare_1) refers to data_transfer.o(.data) for state
    data_transfer.o(i.Data_Receive_Prepare_1) refers to data_transfer.o(.bss) for RxBuffer
    data_transfer.o(i.Data_Receive_Prepare_2) refers to data_transfer.o(i.Data_Receive_deal) for Data_Receive_deal
    data_transfer.o(i.Data_Receive_Prepare_2) refers to data_transfer.o(.data) for state
    data_transfer.o(i.Data_Receive_Prepare_2) refers to data_transfer.o(.bss) for RxBuffer
    data_transfer.o(i.Data_Receive_deal) refers to dgp.o(.data) for front_measure_info
    data_transfer.o(i.Data_Receive_deal) refers to data_transfer.o(.data) for front_data_ok
    data_transfer.o(i.Data_Receive_deal) refers to ctrl.o(.data) for Rc_front
    data_transfer.o(i.Data_Receive_deal) refers to init.o(.data) for ready_1
    data_transfer.o(i.Send_Back_Rc) refers to data_transfer.o(i.Send_Data) for Send_Data
    data_transfer.o(i.Send_Back_Rc) refers to data_transfer.o(.bss) for data_to_send
    data_transfer.o(i.Send_Back_Target) refers to data_transfer.o(i.Send_Data) for Send_Data
    data_transfer.o(i.Send_Back_Target) refers to data_transfer.o(.bss) for data_to_send
    data_transfer.o(i.Send_Data) refers to usart.o(i.Usart1_Send) for Usart1_Send
    data_transfer.o(i.Send_Data) refers to data_transfer.o(.bss) for data_to_send
    data_transfer.o(i.Send_Front_Rc) refers to data_transfer.o(i.Send_Data) for Send_Data
    data_transfer.o(i.Send_Front_Rc) refers to data_transfer.o(.bss) for data_to_send
    data_transfer.o(i.Send_Front_Target) refers to data_transfer.o(i.Send_Data) for Send_Data
    data_transfer.o(i.Send_Front_Target) refers to data_transfer.o(.bss) for data_to_send
[...]
    ov7670.o(i.Cam_Init) refers to stm32f4xx_gpio.o(i.GPIO_SetBits) for GPIO_SetBits
    ov7670.o(i.Cam_Init) refers to delay.o(i.delay_ms) for delay_ms
    ov7670.o(i.Cam_Init) refers to stm32f4xx_dcmi.o(i.DCMI_CROPConfig) for DCMI_CROPConfig
    ov7670.o(i.Cam_Init) refers to stm32f4xx_dcmi.o(i.DCMI_CROPCmd) for DCMI_CROPCmd
    ov7670.o(i.Cam_Init) refers to stm32f4xx_dcmi.o(i.DCMI_Init) for DCMI_Init
    ov7670.o(i.Cam_Init) refers to stm32f4xx_dcmi.o(i.DCMI_ITConfig) for DCMI_ITConfig
    ov7670.o(i.Cam_Init) refers to stm32f4xx_dcmi.o(i.DCMI_Cmd) for DCMI_Cmd
    ov7670.o(i.Cam_Init) refers to ov7670.o(i.DCMI_DMA_Init) for DCMI_DMA_Init
    ov7670.o(i.Cam_Init) refers to misc.o(i.NVIC_Init) for NVIC_Init
    ov7670.o(i.Cam_Init) refers to ov7670.o(.bss) for jpeg_buf
    ov7670.o(i.DCMI_DMA_Init) refers to stm32f4xx_rcc.o(i.RCC_AHB1PeriphClockCmd) for RCC_AHB1PeriphClockCmd
    ov7670.o(i.DCMI_DMA_Init) refers to stm32f4xx_dma.o(i.DMA_DeInit) for DMA_DeInit
    ov7670.o(i.DCMI_DMA_Init) refers to stm32f4xx_dma.o(i.DMA_GetCmdStatus) for DMA_GetCmdStatus
    ov7670.o(i.DCMI_DMA_Init) refers to stm32f4xx_dma.o(i.DMA_Init) for DMA_Init
    ov7670.o(i.DCMI_Start) refers to stm32f4xx_dma.o(i.DMA_Cmd) for DMA_Cmd
    ov7670.o(i.DCMI_Start) refers to delay.o(i.delay_ms) for delay_ms
    ov7670.o(i.DCMI_Start) refers to stm32f4xx_dcmi.o(i.DCMI_CaptureCmd) for DCMI_CaptureCmd
    ov7670.o(i.DCMI_Stop) refers to stm32f4xx_dcmi.o(i.DCMI_CaptureCmd) for DCMI_CaptureCmd
    ov7670.o(i.DCMI_Stop) refers to stm32f4xx_dma.o(i.DMA_Cmd) for DMA_Cmd
    ov7670.o(i.OV7670_Init) refers to ov7670.o(i.Cam_Init) for Cam_Init
    ov7670.o(i.OV7670_Init) refers to ov7670.o(i.SCCB_Init) for SCCB_Init
    ov7670.o(i.OV7670_Init) refers to ov7670.o(i.OV_Reset) for OV_Reset
    ov7670.o(i.OV7670_Init) refers to delay.o(i.delay_ms) for delay_ms
    ov7670.o(i.OV7670_Init) refers to ov7670.o(i.OV_ReadID) for OV_ReadID
    ov7670.o(i.OV7670_Init) refers to ov7670.o(i.OV_WriteReg) for OV_WriteReg
    ov7670.o(i.OV7670_Init) refers to ov7670.o(i.OV7670_config_window) for OV7670_config_window
    ov7670.o(i.OV7670_Init) refers to ov7670.o(.constdata) for ov7670_init_reg_tbl
    ov7670.o(i.OV7670_config_window) refers to ov7670.o(i.OV_ReadReg) for OV_ReadReg
    ov7670.o(i.OV7670_config_window) refers to ov7670.o(i.OV_WriteReg) for OV_WriteReg
    ov7670.o(i.OV_ReadID) refers to ov7670.o(i.OV_ReadReg) for OV_ReadReg
    ov7670.o(i.OV_ReadReg) refers to ov7670.o(i.SCCB_Start) for SCCB_Start
    ov7670.o(i.OV_ReadReg) refers to ov7670.o(i.SCCB_Write) for SCCB_Write
    ov7670.o(i.OV_ReadReg) refers to ov7670.o(i.SCCB_Stop) for SCCB_Stop
    ov7670.o(i.OV_ReadReg) refers to delay.o(i.delay_us) for delay_us
    ov7670.o(i.OV_ReadReg) refers to ov7670.o(i.SCCB_Read) for SCCB_Read
    ov7670.o(i.OV_ReadReg) refers to ov7670.o(i.noAck) for noAck
    ov7670.o(i.OV_Reset) refers to ov7670.o(i.OV_WriteReg) for OV_WriteReg
    ov7670.o(i.OV_WriteReg) refers to ov7670.o(i.SCCB_Start) for SCCB_Start
    ov7670.o(i.OV_WriteReg) refers to ov7670.o(i.SCCB_Write) for SCCB_Write
    ov7670.o(i.OV_WriteReg) refers to ov7670.o(i.SCCB_Stop) for SCCB_Stop
    ov7670.o(i.OV_WriteReg) refers to delay.o(i.delay_us) for delay_us
    ov7670.o(i.SCCB_Init) refers to stm32f4xx_rcc.o(i.RCC_AHB1PeriphClockCmd) for RCC_AHB1PeriphClockCmd
    ov7670.o(i.SCCB_Init) refers to stm32f4xx_gpio.o(i.GPIO_Init) for GPIO_Init
    ov7670.o(i.SCCB_Read) refers to ov7670.o(i.SCCB_SID_IN) for SCCB_SID_IN
    ov7670.o(i.SCCB_Read) refers to delay.o(i.delay_us) for delay_us
    ov7670.o(i.SCCB_Read) refers to ov7670.o(i.SCCB_SID_OUT) for SCCB_SID_OUT
    ov7670.o(i.SCCB_SID_IN) refers to stm32f4xx_gpio.o(i.GPIO_Init) for GPIO_Init
    ov7670.o(i.SCCB_SID_OUT) refers to stm32f4xx_gpio.o(i.GPIO_Init) for GPIO_Init
    ov7670.o(i.SCCB_Start) refers to delay.o(i.delay_us) for delay_us
    ov7670.o(i.SCCB_Stop) refers to delay.o(i.delay_us) for delay_us
    ov7670.o(i.SCCB_Write) refers to delay.o(i.delay_us) for delay_us
    ov7670.o(i.SCCB_Write) refers to ov7670.o(i.SCCB_SID_IN) for SCCB_SID_IN
    ov7670.o(i.SCCB_Write) refers to ov7670.o(i.SCCB_SID_OUT) for SCCB_SID_OUT
    ov7670.o(i.noAck) refers to delay.o(i.delay_us) for delay_us
    timer.o(i.TIM3_IRQHandler) refers to stm32f4xx_tim.o(i.TIM_GetITStatus) for TIM_GetITStatus
    timer.o(i.TIM3_IRQHandler) refers to data_transfer.o(i.Send_ready) for Send_ready
    timer.o(i.TIM3_IRQHandler) refers to stm32f4xx_tim.o(i.TIM_ClearITPendingBit) for TIM_ClearITPendingBit
    timer.o(i.TIM3_IRQHandler) refers to init.o(.data) for ready_1
    timer.o(i.TIM3_IRQHandler) refers to dgp.o(.data) for ov_frame
    timer.o(i.TIM3_Int_Init) refers to stm32f4xx_rcc.o(i.RCC_APB1PeriphClockCmd) for RCC_APB1PeriphClockCmd
    timer.o(i.TIM3_Int_Init) refers to stm32f4xx_tim.o(i.TIM_TimeBaseInit) for TIM_TimeBaseInit
    timer.o(i.TIM3_Int_Init) refers to stm32f4xx_tim.o(i.TIM_ITConfig) for TIM_ITConfig
    timer.o(i.TIM3_Int_Init) refers to stm32f4xx_tim.o(i.TIM_Cmd) for TIM_Cmd
    timer.o(i.TIM3_Int_Init) refers to misc.o(i.NVIC_Init) for NVIC_Init
    stm32f4xx_gpio.o(i.GPIO_DeInit) refers to stm32f4xx_rcc.o(i.RCC_AHB1PeriphResetCmd) for RCC_AHB1PeriphResetCmd
    stm32f4xx_usart.o(i.USART_DeInit) refers to stm32f4xx_rcc.o(i.RCC_APB2PeriphResetCmd) for RCC_APB2PeriphResetCmd
    stm32f4xx_usart.o(i.USART_DeInit) refers to stm32f4xx_rcc.o(i.RCC_APB1PeriphResetCmd) for RCC_APB1PeriphResetCmd
    stm32f4xx_usart.o(i.USART_Init) refers to stm32f4xx_rcc.o(i.RCC_GetClocksFreq) for RCC_GetClocksFreq
    stm32f4xx_rcc.o(i.RCC_GetClocksFreq) refers to stm32f4xx_rcc.o(.data) for APBAHBPrescTable
    stm32f4xx_rcc.o(i.RCC_WaitForHSEStartUp) refers to stm32f4xx_rcc.o(i.RCC_GetFlagStatus) for RCC_GetFlagStatus
    stm32f4xx_spi.o(i.SPI_I2S_DeInit) refers to stm32f4xx_rcc.o(i.RCC_APB2PeriphResetCmd) for RCC_APB2PeriphResetCmd
    stm32f4xx_spi.o(i.SPI_I2S_DeInit) refers to stm32f4xx_rcc.o(i.RCC_APB1PeriphResetCmd) for RCC_APB1PeriphResetCmd
    stm32f4xx_tim.o(i.TIM_DeInit) refers to stm32f4xx_rcc.o(i.RCC_APB2PeriphResetCmd) for RCC_APB2PeriphResetCmd
    stm32f4xx_tim.o(i.TIM_DeInit) refers to stm32f4xx_rcc.o(i.RCC_APB1PeriphResetCmd) for RCC_APB1PeriphResetCmd
    stm32f4xx_tim.o(i.TIM_ETRClockMode1Config) refers to stm32f4xx_tim.o(i.TIM_ETRConfig) for TIM_ETRConfig
    stm32f4xx_tim.o(i.TIM_ETRClockMode2Config) refers to stm32f4xx_tim.o(i.TIM_ETRConfig) for TIM_ETRConfig
    stm32f4xx_tim.o(i.TIM_ICInit) refers to stm32f4xx_tim.o(i.TI1_Config) for TI1_Config
    stm32f4xx_tim.o(i.TIM_ICInit) refers to stm32f4xx_tim.o(i.TIM_SetIC1Prescaler) for TIM_SetIC1Prescaler
    stm32f4xx_tim.o(i.TIM_ICInit) refers to stm32f4xx_tim.o(i.TI2_Config) for TI2_Config
    stm32f4xx_tim.o(i.TIM_ICInit) refers to stm32f4xx_tim.o(i.TIM_SetIC2Prescaler) for TIM_SetIC2Prescaler
    stm32f4xx_tim.o(i.TIM_ICInit) refers to stm32f4xx_tim.o(i.TI3_Config) for TI3_Config
    stm32f4xx_tim.o(i.TIM_ICInit) refers to stm32f4xx_tim.o(i.TIM_SetIC3Prescaler) for TIM_SetIC3Prescaler
    stm32f4xx_tim.o(i.TIM_ICInit) refers to stm32f4xx_tim.o(i.TI4_Config) for TI4_Config
    stm32f4xx_tim.o(i.TIM_ICInit) refers to stm32f4xx_tim.o(i.TIM_SetIC4Prescaler) for TIM_SetIC4Prescaler
    stm32f4xx_tim.o(i.TIM_ITRxExternalClockConfig) refers to stm32f4xx_tim.o(i.TIM_SelectInputTrigger) for TIM_SelectInputTrigger
    stm32f4xx_tim.o(i.TIM_PWMIConfig) refers to stm32f4xx_tim.o(i.TI1_Config) for TI1_Config
    stm32f4xx_tim.o(i.TIM_PWMIConfig) refers to stm32f4xx_tim.o(i.TIM_SetIC1Prescaler) for TIM_SetIC1Prescaler
    stm32f4xx_tim.o(i.TIM_PWMIConfig) refers to stm32f4xx_tim.o(i.TI2_Config) for TI2_Config
    stm32f4xx_tim.o(i.TIM_PWMIConfig) refers to stm32f4xx_tim.o(i.TIM_SetIC2Prescaler) for TIM_SetIC2Prescaler
    stm32f4xx_tim.o(i.TIM_TIxExternalClockConfig) refers to stm32f4xx_tim.o(i.TI2_Config) for TI2_Config
    stm32f4xx_tim.o(i.TIM_TIxExternalClockConfig) refers to stm32f4xx_tim.o(i.TI1_Config) for TI1_Config
    stm32f4xx_tim.o(i.TIM_TIxExternalClockConfig) refers to stm32f4xx_tim.o(i.TIM_SelectInputTrigger) for TIM_SelectInputTrigger
    stm32f4xx_syscfg.o(i.SYSCFG_DeInit) refers to stm32f4xx_rcc.o(i.RCC_APB2PeriphResetCmd) for RCC_APB2PeriphResetCmd
    system_stm32f4xx.o(i.SystemCoreClockUpdate) refers to system_stm32f4xx.o(.data) for SystemCoreClock
    system_stm32f4xx.o(i.SystemInit) refers to system_stm32f4xx.o(i.SetSysClock) for SetSysClock
    startup_stm32f4xx.o(RESET) refers to startup_stm32f4xx.o(STACK) for __initial_sp
    startup_stm32f4xx.o(RESET) refers to startup_stm32f4xx.o(.text) for Reset_Handler
    startup_stm32f4xx.o(RESET) refers to stm32f4xx_it.o(i.NMI_Handler) for NMI_Handler
    startup_stm32f4xx.o(RESET) refers to stm32f4xx_it.o(i.HardFault_Handler) for HardFault_Handler
    startup_stm32f4xx.o(RESET) refers to stm32f4xx_it.o(i.MemManage_Handler) for MemManage_Handler
    startup_stm32f4xx.o(RESET) refers to stm32f4xx_it.o(i.BusFault_Handler) for BusFault_Handler
    startup_stm32f4xx.o(RESET) refers to stm32f4xx_it.o(i.UsageFault_Handler) for UsageFault_Handler
    startup_stm32f4xx.o(RESET) refers to stm32f4xx_it.o(i.SVC_Handler) for SVC_Handler
    startup_stm32f4xx.o(RESET) refers to stm32f4xx_it.o(i.DebugMon_Handler) for DebugMon_Handler
    startup_stm32f4xx.o(RESET) refers to stm32f4xx_it.o(i.PendSV_Handler) for PendSV_Handler
    startup_stm32f4xx.o(RESET) refers to stm32f4xx_it.o(i.SysTick_Handler) for SysTick_Handler
    startup_stm32f4xx.o(RESET) refers to timer.o(i.TIM3_IRQHandler) for TIM3_IRQHandler
    startup_stm32f4xx.o(RESET) refers to stm32f4xx_it.o(i.USART1_IRQHandler) for USART1_IRQHandler
    startup_stm32f4xx.o(RESET) refers to stm32f4xx_it.o(i.USART2_IRQHandler) for USART2_IRQHandler
    startup_stm32f4xx.o(RESET) refers to dgp.o(i.DCMI_IRQHandler) for DCMI_IRQHandler
    startup_stm32f4xx.o(.text) refers to system_stm32f4xx.o(i.SystemInit) for SystemInit
    startup_stm32f4xx.o(.text) refers to entry.o(.ARM.Collect$$$$00000000) for __main
    entry.o(.ARM.Collect$$$$00000000) refers (Special) to entry10a.o(.ARM.Collect$$$$0000000D) for __rt_final_cpp
    entry.o(.ARM.Collect$$$$00000000) refers (Special) to entry11a.o(.ARM.Collect$$$$0000000F) for __rt_final_exit
    entry.o(.ARM.Collect$$$$00000000) refers (Special) to entry7b.o(.ARM.Collect$$$$00000008) for _main_clock
    entry.o(.ARM.Collect$$$$00000000) refers (Special) to entry8b.o(.ARM.Collect$$$$0000000A) for _main_cpp_init
    entry.o(.ARM.Collect$$$$00000000) refers (Special) to entry9a.o(.ARM.Collect$$$$0000000B) for _main_init
    entry.o(.ARM.Collect$$$$00000000) refers (Special) to entry5.o(.ARM.Collect$$$$00000004) for _main_scatterload
    entry.o(.ARM.Collect$$$$00000000) refers (Special) to entry2.o(.ARM.Collect$$$$00000001) for _main_stk
    dadd.o(.text) refers (Special) to iusefp.o(.text) for __I$use$fp
    dadd.o(.text) refers to llshl.o(.text) for __aeabi_llsl
    dadd.o(.text) refers to llsshr.o(.text) for __aeabi_lasr
    dadd.o(.text) refers to depilogue.o(.text) for _double_epilogue
    dmul.o(.text) refers (Special) to iusefp.o(.text) for __I$use$fp
    dmul.o(.text) refers to depilogue.o(.text) for _double_epilogue
    dflti.o(.text) refers (Special) to iusefp.o(.text) for __I$use$fp
    dflti.o(.text) refers to depilogue.o(.text) for _double_epilogue
    f2d.o(.text) refers (Special) to iusefp.o(.text) for __I$use$fp
    cdcmple.o(.text) refers (Special) to iusefp.o(.text) for __I$use$fp
    cdrcmple.o(.text) refers (Special) to iusefp.o(.text) for __I$use$fp
    d2f.o(.text) refers (Special) to iusefp.o(.text) for __I$use$fp
    d2f.o(.text) refers to fepilogue.o(.text) for _float_round
    entry2.o(.ARM.Collect$$$$00000001) refers to entry2.o(.ARM.Collect$$$$00002712) for __lit__00000000
    entry2.o(.ARM.Collect$$$$00002712) refers to startup_stm32f4xx.o(STACK) for __initial_sp
    entry2.o(__vectab_stack_and_reset_area) refers to startup_stm32f4xx.o(STACK) for __initial_sp
    entry2.o(__vectab_stack_and_reset_area) refers to entry.o(.ARM.Collect$$$$00000000) for __main
    entry5.o(.ARM.Collect$$$$00000004) refers to init.o(.text) for __scatterload
    entry9a.o(.ARM.Collect$$$$0000000B) refers to main.o(i.main) for main
    entry9b.o(.ARM.Collect$$$$0000000C) refers to main.o(i.main) for main
    depilogue.o(.text) refers to llshl.o(.text) for __aeabi_llsl
    depilogue.o(.text) refers to llushr.o(.text) for __aeabi_llsr
    init.o(.text) refers to entry5.o(.ARM.Collect$$$$00000004) for __main_after_scatterload


==============================================================================

Removing Unused input sections from the image.

    Removing main.o(.emb_text), (8 bytes).
    Removing stm32f4xx_it.o(.emb_text), (8 bytes).
    Removing ctrl.o(.emb_text), (8 bytes).
    Removing ctrl.o(i.control_back_roll), (108 bytes).
    Removing ctrl.o(i.control_yaw), (60 bytes).
    Removing data_transfer.o(.emb_text), (8 bytes).
    Removing data_transfer.o(i.Send_Back_Rc), (192 bytes).
    Removing init.o(.emb_text), (8 bytes).
    Removing dgp.o(.emb_text), (8 bytes).
    Removing dgp.o(i.get_H), (166 bytes).
    Removing dgp.o(i.get_info), (648 bytes).
    Removing dgp.o(i.test), (80 bytes).
    Removing dgp.o(i.test_Y), (80 bytes).
    Removing mymath.o(.emb_text), (8 bytes).
    Removing mymath.o(i.To_180_degrees), (72 bytes).
    Removing mymath.o(i.fast_atan2), (380 bytes).
    Removing mymath.o(i.mx_sin), (340 bytes).
    Removing mymath.o(i.my_abs), (26 bytes).
    Removing mymath.o(i.my_atan), (24 bytes).
    Removing mymath.o(i.my_cos), (152 bytes).
    Removing mymath.o(i.my_deathzoom), (68 bytes).
    Removing mymath.o(i.my_deathzoom_2), (44 bytes).
    Removing mymath.o(i.my_pow), (10 bytes).
    Removing mymath.o(i.my_pow_2_curve), (84 bytes).
    Removing mymath.o(i.my_sin), (116 bytes).
    Removing mymath.o(i.my_sqrt), (92 bytes).
    Removing mymath.o(.data), (1028 bytes).
    Removing delay.o(.emb_text), (8 bytes).
    Removing led.o(.emb_text), (8 bytes).
    Removing led.o(i.LED_SET), (36 bytes).
    Removing usart.o(.emb_text), (8 bytes).
    Removing usart.o(i.USART_SendString_bysize), (50 bytes).
    Removing usart.o(i.Usart2_Send), (76 bytes).
    Removing ov7670.o(.emb_text), (8 bytes).
    Removing ov7670.o(i.DCMI_Stop), (40 bytes).
    Removing timer.o(.emb_text), (8 bytes).
    Removing misc.o(.emb_text), (8 bytes).
    Removing misc.o(i.NVIC_SetVectorTable), (20 bytes).
    Removing misc.o(i.NVIC_SystemLPConfig), (32 bytes).
    Removing misc.o(i.SysTick_CLKSourceConfig), (40 bytes).
    Removing stm32f4xx_exti.o(.emb_text), (8 bytes).
    Removing stm32f4xx_exti.o(i.EXTI_ClearFlag), (12 bytes).
    Removing stm32f4xx_exti.o(i.EXTI_ClearITPendingBit), (12 bytes).
    Removing stm32f4xx_exti.o(i.EXTI_DeInit), (36 bytes).
    Removing stm32f4xx_exti.o(i.EXTI_GenerateSWInterrupt), (16 bytes).
    Removing stm32f4xx_exti.o(i.EXTI_GetFlagStatus), (24 bytes).
    Removing stm32f4xx_exti.o(i.EXTI_GetITStatus), (40 bytes).
    Removing stm32f4xx_exti.o(i.EXTI_Init), (148 bytes).
    Removing stm32f4xx_exti.o(i.EXTI_StructInit), (16 bytes).
    Removing stm32f4xx_fsmc.o(.emb_text), (8 bytes).
    Removing stm32f4xx_fsmc.o(i.FSMC_ClearFlag), (64 bytes).
    Removing stm32f4xx_fsmc.o(i.FSMC_ClearITPendingBit), (72 bytes).
    Removing stm32f4xx_fsmc.o(i.FSMC_GetECC), (28 bytes).
    Removing stm32f4xx_fsmc.o(i.FSMC_GetFlagStatus), (56 bytes).
    Removing stm32f4xx_fsmc.o(i.FSMC_GetITStatus), (68 bytes).
    Removing stm32f4xx_fsmc.o(i.FSMC_ITConfig), (128 bytes).
    Removing stm32f4xx_fsmc.o(i.FSMC_NANDCmd), (92 bytes).
    Removing stm32f4xx_fsmc.o(i.FSMC_NANDDeInit), (68 bytes).
    Removing stm32f4xx_fsmc.o(i.FSMC_NANDECCCmd), (92 bytes).
    Removing stm32f4xx_fsmc.o(i.FSMC_NANDInit), (136 bytes).
    Removing stm32f4xx_fsmc.o(i.FSMC_NANDStructInit), (54 bytes).
    Removing stm32f4xx_fsmc.o(i.FSMC_NORSRAMCmd), (52 bytes).
    Removing stm32f4xx_fsmc.o(i.FSMC_NORSRAMDeInit), (54 bytes).
    Removing stm32f4xx_fsmc.o(i.FSMC_NORSRAMInit), (230 bytes).
    Removing stm32f4xx_fsmc.o(i.FSMC_NORSRAMStructInit), (114 bytes).
    Removing stm32f4xx_fsmc.o(i.FSMC_PCCARDCmd), (48 bytes).
    Removing stm32f4xx_fsmc.o(i.FSMC_PCCARDDeInit), (40 bytes).
    Removing stm32f4xx_fsmc.o(i.FSMC_PCCARDInit), (132 bytes).
    Removing stm32f4xx_fsmc.o(i.FSMC_PCCARDStructInit), (60 bytes).
    Removing stm32f4xx_gpio.o(.emb_text), (8 bytes).
    Removing stm32f4xx_gpio.o(i.GPIO_DeInit), (256 bytes).
    Removing stm32f4xx_gpio.o(i.GPIO_PinLockConfig), (34 bytes).
    Removing stm32f4xx_gpio.o(i.GPIO_ReadInputData), (8 bytes).
    Removing stm32f4xx_gpio.o(i.GPIO_ReadInputDataBit), (18 bytes).
    Removing stm32f4xx_gpio.o(i.GPIO_ReadOutputData), (8 bytes).
    Removing stm32f4xx_gpio.o(i.GPIO_ReadOutputDataBit), (18 bytes).
    Removing stm32f4xx_gpio.o(i.GPIO_StructInit), (18 bytes).
    Removing stm32f4xx_gpio.o(i.GPIO_ToggleBits), (8 bytes).
    Removing stm32f4xx_gpio.o(i.GPIO_Write), (4 bytes).
    Removing stm32f4xx_gpio.o(i.GPIO_WriteBit), (10 bytes).
    Removing stm32f4xx_usart.o(.emb_text), (8 bytes).
    Removing stm32f4xx_usart.o(i.USART_ClearFlag), (18 bytes).
    Removing stm32f4xx_usart.o(i.USART_ClockStructInit), (12 bytes).
    Removing stm32f4xx_usart.o(i.USART_DMACmd), (18 bytes).
    Removing stm32f4xx_usart.o(i.USART_DeInit), (180 bytes).
    Removing stm32f4xx_usart.o(i.USART_GetFlagStatus), (26 bytes).
    Removing stm32f4xx_usart.o(i.USART_HalfDuplexCmd), (24 bytes).
    Removing stm32f4xx_usart.o(i.USART_IrDACmd), (24 bytes).
    Removing stm32f4xx_usart.o(i.USART_IrDAConfig), (18 bytes).
    Removing stm32f4xx_usart.o(i.USART_LINBreakDetectLengthConfig), (18 bytes).
    Removing stm32f4xx_usart.o(i.USART_LINCmd), (24 bytes).
    Removing stm32f4xx_usart.o(i.USART_OneBitMethodCmd), (24 bytes).
    Removing stm32f4xx_usart.o(i.USART_OverSampling8Cmd), (22 bytes).
    Removing stm32f4xx_usart.o(i.USART_ReceiveData), (10 bytes).
    Removing stm32f4xx_usart.o(i.USART_ReceiverWakeUpCmd), (24 bytes).
    Removing stm32f4xx_usart.o(i.USART_SendBreak), (10 bytes).
    Removing stm32f4xx_usart.o(i.USART_SetAddress), (18 bytes).
    Removing stm32f4xx_usart.o(i.USART_SetGuardTime), (16 bytes).
    Removing stm32f4xx_usart.o(i.USART_SetPrescaler), (16 bytes).
    Removing stm32f4xx_usart.o(i.USART_SmartCardCmd), (24 bytes).
    Removing stm32f4xx_usart.o(i.USART_SmartCardNACKCmd), (24 bytes).
    Removing stm32f4xx_usart.o(i.USART_StructInit), (24 bytes).
    Removing stm32f4xx_usart.o(i.USART_WakeUpConfig), (18 bytes).
    Removing stm32f4xx_rcc.o(.emb_text), (8 bytes).
    Removing stm32f4xx_rcc.o(i.RCC_AHB1PeriphClockLPModeCmd), (32 bytes).
    Removing stm32f4xx_rcc.o(i.RCC_AHB1PeriphResetCmd), (32 bytes).
    Removing stm32f4xx_rcc.o(i.RCC_AHB2PeriphClockLPModeCmd), (32 bytes).
    Removing stm32f4xx_rcc.o(i.RCC_AHB2PeriphResetCmd), (32 bytes).
    Removing stm32f4xx_rcc.o(i.RCC_AHB3PeriphClockCmd), (32 bytes).
    Removing stm32f4xx_rcc.o(i.RCC_AHB3PeriphClockLPModeCmd), (32 bytes).
    Removing stm32f4xx_rcc.o(i.RCC_AHB3PeriphResetCmd), (32 bytes).
    Removing stm32f4xx_rcc.o(i.RCC_APB1PeriphClockLPModeCmd), (32 bytes).
    Removing stm32f4xx_rcc.o(i.RCC_APB1PeriphResetCmd), (32 bytes).
    Removing stm32f4xx_rcc.o(i.RCC_APB2PeriphClockLPModeCmd), (32 bytes).
    Removing stm32f4xx_rcc.o(i.RCC_APB2PeriphResetCmd), (32 bytes).
    Removing stm32f4xx_rcc.o(i.RCC_AdjustHSICalibrationValue), (24 bytes).
    Removing stm32f4xx_rcc.o(i.RCC_BackupResetCmd), (12 bytes).
    Removing stm32f4xx_rcc.o(i.RCC_ClearFlag), (20 bytes).
    Removing stm32f4xx_rcc.o(i.RCC_ClearITPendingBit), (12 bytes).
    Removing stm32f4xx_rcc.o(i.RCC_ClockSecuritySystemCmd), (12 bytes).
    Removing stm32f4xx_rcc.o(i.RCC_DeInit), (72 bytes).
    Removing stm32f4xx_rcc.o(i.RCC_GetFlagStatus), (64 bytes).
    Removing stm32f4xx_rcc.o(i.RCC_GetITStatus), (24 bytes).
    Removing stm32f4xx_rcc.o(i.RCC_GetSYSCLKSource), (16 bytes).
    Removing stm32f4xx_rcc.o(i.RCC_HCLKConfig), (24 bytes).
    Removing stm32f4xx_rcc.o(i.RCC_HSEConfig), (16 bytes).
    Removing stm32f4xx_rcc.o(i.RCC_HSICmd), (12 bytes).
    Removing stm32f4xx_rcc.o(i.RCC_I2SCLKConfig), (12 bytes).
    Removing stm32f4xx_rcc.o(i.RCC_ITConfig), (32 bytes).
    Removing stm32f4xx_rcc.o(i.RCC_LSEConfig), (44 bytes).
    Removing stm32f4xx_rcc.o(i.RCC_LSICmd), (12 bytes).
    Removing stm32f4xx_rcc.o(i.RCC_MCO2Config), (28 bytes).
    Removing stm32f4xx_rcc.o(i.RCC_PCLK1Config), (24 bytes).
    Removing stm32f4xx_rcc.o(i.RCC_PCLK2Config), (24 bytes).
    Removing stm32f4xx_rcc.o(i.RCC_PLLCmd), (12 bytes).
    Removing stm32f4xx_rcc.o(i.RCC_PLLConfig), (36 bytes).
    Removing stm32f4xx_rcc.o(i.RCC_PLLI2SCmd), (12 bytes).
    Removing stm32f4xx_rcc.o(i.RCC_PLLI2SConfig), (16 bytes).
    Removing stm32f4xx_rcc.o(i.RCC_RTCCLKCmd), (12 bytes).
    Removing stm32f4xx_rcc.o(i.RCC_RTCCLKConfig), (60 bytes).
    Removing stm32f4xx_rcc.o(i.RCC_SYSCLKConfig), (24 bytes).
    Removing stm32f4xx_rcc.o(i.RCC_WaitForHSEStartUp), (56 bytes).
    Removing stm32f4xx_spi.o(.emb_text), (8 bytes).
    Removing stm32f4xx_spi.o(i.I2S_Cmd), (24 bytes).
    Removing stm32f4xx_spi.o(i.I2S_FullDuplexConfig), (80 bytes).
    Removing stm32f4xx_spi.o(i.I2S_Init), (360 bytes).
    Removing stm32f4xx_spi.o(i.I2S_StructInit), (20 bytes).
    Removing stm32f4xx_spi.o(i.SPI_BiDirectionalLineConfig), (28 bytes).
    Removing stm32f4xx_spi.o(i.SPI_CalculateCRC), (24 bytes).
    Removing stm32f4xx_spi.o(i.SPI_Cmd), (24 bytes).
    Removing stm32f4xx_spi.o(i.SPI_DataSizeConfig), (18 bytes).
    Removing stm32f4xx_spi.o(i.SPI_GetCRC), (16 bytes).
    Removing stm32f4xx_spi.o(i.SPI_GetCRCPolynomial), (6 bytes).
    Removing stm32f4xx_spi.o(i.SPI_I2S_ClearFlag), (6 bytes).
    Removing stm32f4xx_spi.o(i.SPI_I2S_ClearITPendingBit), (20 bytes).
    Removing stm32f4xx_spi.o(i.SPI_I2S_DMACmd), (18 bytes).
    Removing stm32f4xx_spi.o(i.SPI_I2S_DeInit), (88 bytes).
    Removing stm32f4xx_spi.o(i.SPI_I2S_GetFlagStatus), (18 bytes).
    Removing stm32f4xx_spi.o(i.SPI_I2S_GetITStatus), (52 bytes).
    Removing stm32f4xx_spi.o(i.SPI_I2S_ITConfig), (32 bytes).
    Removing stm32f4xx_spi.o(i.SPI_I2S_ReceiveData), (6 bytes).
    Removing stm32f4xx_spi.o(i.SPI_I2S_SendData), (4 bytes).
    Removing stm32f4xx_spi.o(i.SPI_Init), (60 bytes).
    Removing stm32f4xx_spi.o(i.SPI_NSSInternalSoftwareConfig), (30 bytes).
    Removing stm32f4xx_spi.o(i.SPI_SSOutputCmd), (24 bytes).
    Removing stm32f4xx_spi.o(i.SPI_StructInit), (24 bytes).
    Removing stm32f4xx_spi.o(i.SPI_TIModeCmd), (24 bytes).
    Removing stm32f4xx_spi.o(i.SPI_TransmitCRC), (10 bytes).
    Removing stm32f4xx_tim.o(.emb_text), (8 bytes).
    Removing stm32f4xx_tim.o(i.TI1_Config), (58 bytes).
    Removing stm32f4xx_tim.o(i.TI2_Config), (80 bytes).
    Removing stm32f4xx_tim.o(i.TI3_Config), (72 bytes).
    Removing stm32f4xx_tim.o(i.TI4_Config), (80 bytes).
    Removing stm32f4xx_tim.o(i.TIM_ARRPreloadConfig), (24 bytes).
    Removing stm32f4xx_tim.o(i.TIM_BDTRConfig), (32 bytes).
    Removing stm32f4xx_tim.o(i.TIM_BDTRStructInit), (18 bytes).
    Removing stm32f4xx_tim.o(i.TIM_CCPreloadControl), (24 bytes).
    Removing stm32f4xx_tim.o(i.TIM_CCxCmd), (30 bytes).
    Removing stm32f4xx_tim.o(i.TIM_CCxNCmd), (30 bytes).
    Removing stm32f4xx_tim.o(i.TIM_ClearFlag), (6 bytes).
    Removing stm32f4xx_tim.o(i.TIM_ClearOC1Ref), (18 bytes).
    Removing stm32f4xx_tim.o(i.TIM_ClearOC2Ref), (24 bytes).
    Removing stm32f4xx_tim.o(i.TIM_ClearOC3Ref), (18 bytes).
    Removing stm32f4xx_tim.o(i.TIM_ClearOC4Ref), (24 bytes).
    Removing stm32f4xx_tim.o(i.TIM_CounterModeConfig), (18 bytes).
    Removing stm32f4xx_tim.o(i.TIM_CtrlPWMOutputs), (30 bytes).
    Removing stm32f4xx_tim.o(i.TIM_DMACmd), (18 bytes).
    Removing stm32f4xx_tim.o(i.TIM_DMAConfig), (10 bytes).
    Removing stm32f4xx_tim.o(i.TIM_DeInit), (400 bytes).
    Removing stm32f4xx_tim.o(i.TIM_ETRClockMode1Config), (54 bytes).
    Removing stm32f4xx_tim.o(i.TIM_ETRClockMode2Config), (32 bytes).
    Removing stm32f4xx_tim.o(i.TIM_ETRConfig), (28 bytes).
    Removing stm32f4xx_tim.o(i.TIM_EncoderInterfaceConfig), (66 bytes).
    Removing stm32f4xx_tim.o(i.TIM_ForcedOC1Config), (18 bytes).
    Removing stm32f4xx_tim.o(i.TIM_ForcedOC2Config), (26 bytes).
    Removing stm32f4xx_tim.o(i.TIM_ForcedOC3Config), (18 bytes).
    Removing stm32f4xx_tim.o(i.TIM_ForcedOC4Config), (26 bytes).
    Removing stm32f4xx_tim.o(i.TIM_GenerateEvent), (4 bytes).
    Removing stm32f4xx_tim.o(i.TIM_GetCapture1), (6 bytes).
    Removing stm32f4xx_tim.o(i.TIM_GetCapture2), (6 bytes).
    Removing stm32f4xx_tim.o(i.TIM_GetCapture3), (6 bytes).
    Removing stm32f4xx_tim.o(i.TIM_GetCapture4), (6 bytes).
    Removing stm32f4xx_tim.o(i.TIM_GetCounter), (6 bytes).
    Removing stm32f4xx_tim.o(i.TIM_GetFlagStatus), (18 bytes).
    Removing stm32f4xx_tim.o(i.TIM_GetPrescaler), (6 bytes).
    Removing stm32f4xx_tim.o(i.TIM_ICInit), (110 bytes).
    Removing stm32f4xx_tim.o(i.TIM_ICStructInit), (18 bytes).
    Removing stm32f4xx_tim.o(i.TIM_ITRxExternalClockConfig), (24 bytes).
    Removing stm32f4xx_tim.o(i.TIM_InternalClockConfig), (12 bytes).
    Removing stm32f4xx_tim.o(i.TIM_OC1FastConfig), (18 bytes).
    Removing stm32f4xx_tim.o(i.TIM_OC1Init), (124 bytes).
    Removing stm32f4xx_tim.o(i.TIM_OC1NPolarityConfig), (18 bytes).
    Removing stm32f4xx_tim.o(i.TIM_OC1PolarityConfig), (18 bytes).
    Removing stm32f4xx_tim.o(i.TIM_OC1PreloadConfig), (18 bytes).
    Removing stm32f4xx_tim.o(i.TIM_OC2FastConfig), (26 bytes).
    Removing stm32f4xx_tim.o(i.TIM_OC2Init), (164 bytes).
    Removing stm32f4xx_tim.o(i.TIM_OC2NPolarityConfig), (26 bytes).
    Removing stm32f4xx_tim.o(i.TIM_OC2PolarityConfig), (26 bytes).
    Removing stm32f4xx_tim.o(i.TIM_OC2PreloadConfig), (26 bytes).
    Removing stm32f4xx_tim.o(i.TIM_OC3FastConfig), (18 bytes).
    Removing stm32f4xx_tim.o(i.TIM_OC3Init), (160 bytes).
    Removing stm32f4xx_tim.o(i.TIM_OC3NPolarityConfig), (26 bytes).
    Removing stm32f4xx_tim.o(i.TIM_OC3PolarityConfig), (26 bytes).
    Removing stm32f4xx_tim.o(i.TIM_OC3PreloadConfig), (18 bytes).
    Removing stm32f4xx_tim.o(i.TIM_OC4FastConfig), (26 bytes).
    Removing stm32f4xx_tim.o(i.TIM_OC4Init), (120 bytes).
    Removing stm32f4xx_tim.o(i.TIM_OC4PolarityConfig), (26 bytes).
    Removing stm32f4xx_tim.o(i.TIM_OC4PreloadConfig), (26 bytes).
    Removing stm32f4xx_tim.o(i.TIM_OCStructInit), (20 bytes).
    Removing stm32f4xx_tim.o(i.TIM_PWMIConfig), (124 bytes).
    Removing stm32f4xx_tim.o(i.TIM_PrescalerConfig), (6 bytes).
    Removing stm32f4xx_tim.o(i.TIM_RemapConfig), (6 bytes).
    Removing stm32f4xx_tim.o(i.TIM_SelectCCDMA), (24 bytes).
    Removing stm32f4xx_tim.o(i.TIM_SelectCOM), (24 bytes).
    Removing stm32f4xx_tim.o(i.TIM_SelectHallSensor), (24 bytes).
    Removing stm32f4xx_tim.o(i.TIM_SelectInputTrigger), (18 bytes).
    Removing stm32f4xx_tim.o(i.TIM_SelectMasterSlaveMode), (18 bytes).
    Removing stm32f4xx_tim.o(i.TIM_SelectOCxM), (86 bytes).
    Removing stm32f4xx_tim.o(i.TIM_SelectOnePulseMode), (18 bytes).
    Removing stm32f4xx_tim.o(i.TIM_SelectOutputTrigger), (18 bytes).
    Removing stm32f4xx_tim.o(i.TIM_SelectSlaveMode), (18 bytes).
    Removing stm32f4xx_tim.o(i.TIM_SetAutoreload), (4 bytes).
    Removing stm32f4xx_tim.o(i.TIM_SetClockDivision), (18 bytes).
    Removing stm32f4xx_tim.o(i.TIM_SetCompare1), (4 bytes).
    Removing stm32f4xx_tim.o(i.TIM_SetCompare2), (4 bytes).
    Removing stm32f4xx_tim.o(i.TIM_SetCompare3), (4 bytes).
    Removing stm32f4xx_tim.o(i.TIM_SetCompare4), (4 bytes).
    Removing stm32f4xx_tim.o(i.TIM_SetCounter), (4 bytes).
    Removing stm32f4xx_tim.o(i.TIM_SetIC1Prescaler), (18 bytes).
    Removing stm32f4xx_tim.o(i.TIM_SetIC2Prescaler), (26 bytes).
    Removing stm32f4xx_tim.o(i.TIM_SetIC3Prescaler), (18 bytes).
    Removing stm32f4xx_tim.o(i.TIM_SetIC4Prescaler), (26 bytes).
    Removing stm32f4xx_tim.o(i.TIM_TIxExternalClockConfig), (62 bytes).
    Removing stm32f4xx_tim.o(i.TIM_TimeBaseStructInit), (18 bytes).
    Removing stm32f4xx_tim.o(i.TIM_UpdateDisableConfig), (24 bytes).
    Removing stm32f4xx_tim.o(i.TIM_UpdateRequestConfig), (24 bytes).
    Removing stm32f4xx_dma.o(.emb_text), (8 bytes).
    Removing stm32f4xx_dma.o(i.DMA_ClearFlag), (52 bytes).
    Removing stm32f4xx_dma.o(i.DMA_ClearITPendingBit), (52 bytes).
    Removing stm32f4xx_dma.o(i.DMA_DoubleBufferModeCmd), (22 bytes).
    Removing stm32f4xx_dma.o(i.DMA_DoubleBufferModeConfig), (24 bytes).
    Removing stm32f4xx_dma.o(i.DMA_FlowControllerConfig), (22 bytes).
    Removing stm32f4xx_dma.o(i.DMA_GetCurrentMemoryTarget), (20 bytes).
    Removing stm32f4xx_dma.o(i.DMA_GetFIFOStatus), (12 bytes).
    Removing stm32f4xx_dma.o(i.DMA_GetFlagStatus), (68 bytes).
    Removing stm32f4xx_dma.o(i.DMA_GetITStatus), (100 bytes).
    Removing stm32f4xx_dma.o(i.DMA_ITConfig), (58 bytes).
    Removing stm32f4xx_dma.o(i.DMA_MemoryTargetConfig), (10 bytes).
    Removing stm32f4xx_dma.o(i.DMA_PeriphIncOffsetSizeConfig), (22 bytes).
    Removing stm32f4xx_dma.o(i.DMA_StructInit), (34 bytes).
    Removing stm32f4xx_dcmi.o(.emb_text), (8 bytes).
    Removing stm32f4xx_dcmi.o(i.DCMI_ClearFlag), (12 bytes).
    Removing stm32f4xx_dcmi.o(i.DCMI_DeInit), (28 bytes).
    Removing stm32f4xx_dcmi.o(i.DCMI_GetFlagStatus), (52 bytes).
    Removing stm32f4xx_dcmi.o(i.DCMI_JPEGCmd), (36 bytes).
    Removing stm32f4xx_dcmi.o(i.DCMI_ReadData), (12 bytes).
    Removing stm32f4xx_dcmi.o(i.DCMI_SetEmbeddedSynchroCodes), (32 bytes).
    Removing stm32f4xx_dcmi.o(i.DCMI_StructInit), (18 bytes).
    Removing stm32f4xx_syscfg.o(.emb_text), (8 bytes).
    Removing stm32f4xx_syscfg.o(i.SYSCFG_CompensationCellCmd), (12 bytes).
    Removing stm32f4xx_syscfg.o(i.SYSCFG_DeInit), (22 bytes).
    Removing stm32f4xx_syscfg.o(i.SYSCFG_ETH_MediaInterfaceConfig), (12 bytes).
    Removing stm32f4xx_syscfg.o(i.SYSCFG_EXTILineConfig), (64 bytes).
    Removing stm32f4xx_syscfg.o(i.SYSCFG_GetCompensationCellStatus), (24 bytes).
    Removing stm32f4xx_syscfg.o(i.SYSCFG_MemoryRemapConfig), (12 bytes).
    Removing system_stm32f4xx.o(.emb_text), (8 bytes).
    Removing system_stm32f4xx.o(i.SystemCoreClockUpdate), (192 bytes).
    Removing startup_stm32f4xx.o(HEAP), (512 bytes).
    Removing dadd.o(.text), (334 bytes).
    Removing dmul.o(.text), (228 bytes).
    Removing dflti.o(.text), (34 bytes).
    Removing f2d.o(.text), (38 bytes).
    Removing cdcmple.o(.text), (48 bytes).
    Removing cdrcmple.o(.text), (48 bytes).
    Removing d2f.o(.text), (56 bytes).
    Removing fepilogue.o(.text), (110 bytes).
    Removing depilogue.o(.text), (186 bytes).

297 unused section(s) (total 14896 bytes) removed from the image.

==============================================================================

Image Symbol Table

    Local Symbols

    Symbol Name                              Value     Ov Type        Size  Object(Section)

    ../clib/microlib/init/entry.s            0x00000000   Number         0  entry7b.o ABSOLUTE
    ../clib/microlib/init/entry.s            0x00000000   Number         0  entry11a.o ABSOLUTE
    ../clib/microlib/init/entry.s            0x00000000   Number         0  entry8a.o ABSOLUTE
    ../clib/microlib/init/entry.s            0x00000000   Number         0  entry.o ABSOLUTE
    ../clib/microlib/init/entry.s            0x00000000   Number         0  entry2.o ABSOLUTE
    ../clib/microlib/init/entry.s            0x00000000   Number         0  entry5.o ABSOLUTE
    ../clib/microlib/init/entry.s            0x00000000   Number         0  entry7a.o ABSOLUTE
    ../clib/microlib/init/entry.s            0x00000000   Number         0  entry8b.o ABSOLUTE
    ../clib/microlib/init/entry.s            0x00000000   Number         0  entry9a.o ABSOLUTE
    ../clib/microlib/init/entry.s            0x00000000   Number         0  entry9b.o ABSOLUTE
    ../clib/microlib/init/entry.s            0x00000000   Number         0  entry10b.o ABSOLUTE
    ../clib/microlib/init/entry.s            0x00000000   Number         0  entry10a.o ABSOLUTE
    ../clib/microlib/init/entry.s            0x00000000   Number         0  entry11b.o ABSOLUTE
    ../clib/microlib/longlong.c              0x00000000   Number         0  llushr.o ABSOLUTE
    ../clib/microlib/longlong.c              0x00000000   Number         0  llsshr.o ABSOLUTE
    ../clib/microlib/longlong.c              0x00000000   Number         0  llshl.o ABSOLUTE
    ../clib/microlib/stubs.s                 0x00000000   Number         0  iusefp.o ABSOLUTE
    ../fplib/microlib/d2f.c                  0x00000000   Number         0  d2f.o ABSOLUTE
    ../fplib/microlib/f2d.c                  0x00000000   Number         0  f2d.o ABSOLUTE
    ../fplib/microlib/fpadd.c                0x00000000   Number         0  dadd.o ABSOLUTE
    ../fplib/microlib/fpepilogue.c           0x00000000   Number         0  depilogue.o ABSOLUTE
    ../fplib/microlib/fpepilogue.c           0x00000000   Number         0  fepilogue.o ABSOLUTE
    ../fplib/microlib/fpflt.c                0x00000000   Number         0  dflti.o ABSOLUTE
    ../fplib/microlib/fpmul.c                0x00000000   Number         0  dmul.o ABSOLUTE
    ..\Hardware\delay\delay.c                0x00000000   Number         0  delay.o ABSOLUTE
    ..\Hardware\led\led.c                    0x00000000   Number         0  led.o ABSOLUTE
    ..\Hardware\ov7670\ov7670.c              0x00000000   Number         0  ov7670.o ABSOLUTE
    ..\Hardware\timer.c                      0x00000000   Number         0  timer.o ABSOLUTE
    ..\Hardware\usart\usart.c                0x00000000   Number         0  usart.o ABSOLUTE
    ..\Libraries\CMSIS\src\system_stm32f4xx.c 0x00000000   Number         0  system_stm32f4xx.o ABSOLUTE
    ..\Libraries\FWlib\src\misc.c            0x00000000   Number         0  misc.o ABSOLUTE
    ..\Libraries\FWlib\src\stm32f4xx_dcmi.c  0x00000000   Number         0  stm32f4xx_dcmi.o ABSOLUTE
    ..\Libraries\FWlib\src\stm32f4xx_dma.c   0x00000000   Number         0  stm32f4xx_dma.o ABSOLUTE
    ..\Libraries\FWlib\src\stm32f4xx_exti.c  0x00000000   Number         0  stm32f4xx_exti.o ABSOLUTE
    ..\Libraries\FWlib\src\stm32f4xx_fsmc.c  0x00000000   Number         0  stm32f4xx_fsmc.o ABSOLUTE
    ..\Libraries\FWlib\src\stm32f4xx_gpio.c  0x00000000   Number         0  stm32f4xx_gpio.o ABSOLUTE
    ..\Libraries\FWlib\src\stm32f4xx_rcc.c   0x00000000   Number         0  stm32f4xx_rcc.o ABSOLUTE
    ..\Libraries\FWlib\src\stm32f4xx_spi.c   0x00000000   Number         0  stm32f4xx_spi.o ABSOLUTE
    ..\Libraries\FWlib\src\stm32f4xx_syscfg.c 0x00000000   Number         0  stm32f4xx_syscfg.o ABSOLUTE
    ..\Libraries\FWlib\src\stm32f4xx_tim.c   0x00000000   Number         0  stm32f4xx_tim.o ABSOLUTE
    ..\Libraries\FWlib\src\stm32f4xx_usart.c 0x00000000   Number         0  stm32f4xx_usart.o ABSOLUTE
    ..\Startup\startup_stm32f4xx.s           0x00000000   Number         0  startup_stm32f4xx.o ABSOLUTE
    ..\User\ctrl.c                           0x00000000   Number         0  ctrl.o ABSOLUTE
    ..\User\data_transfer.c                  0x00000000   Number         0  data_transfer.o ABSOLUTE
    ..\User\dgp.c                            0x00000000   Number         0  dgp.o ABSOLUTE
    ..\User\init.c                           0x00000000   Number         0  init.o ABSOLUTE
    ..\User\main.c                           0x00000000   Number         0  main.o ABSOLUTE
    ..\User\mymath.c                         0x00000000   Number         0  mymath.o ABSOLUTE
    ..\User\stm32f4xx_it.c                   0x00000000   Number         0  stm32f4xx_it.o ABSOLUTE
    ..\\Hardware\\delay\\delay.c             0x00000000   Number         0  delay.o ABSOLUTE
    ..\\Hardware\\led\\led.c                 0x00000000   Number         0  led.o ABSOLUTE
    ..\\Hardware\\ov7670\\ov7670.c           0x00000000   Number         0  ov7670.o ABSOLUTE
    ..\\Hardware\\timer.c                    0x00000000   Number         0  timer.o ABSOLUTE
    ..\\Hardware\\usart\\usart.c             0x00000000   Number         0  usart.o ABSOLUTE
    ..\\Libraries\\CMSIS\\src\\system_stm32f4xx.c 0x00000000   Number         0  system_stm32f4xx.o ABSOLUTE
    ..\\Libraries\\FWlib\\src\\misc.c        0x00000000   Number         0  misc.o ABSOLUTE
    ..\\Libraries\\FWlib\\src\\stm32f4xx_dcmi.c 0x00000000   Number         0  stm32f4xx_dcmi.o ABSOLUTE
    ..\\Libraries\\FWlib\\src\\stm32f4xx_dma.c 0x00000000   Number         0  stm32f4xx_dma.o ABSOLUTE
    ..\\Libraries\\FWlib\\src\\stm32f4xx_exti.c 0x00000000   Number         0  stm32f4xx_exti.o ABSOLUTE
    ..\\Libraries\\FWlib\\src\\stm32f4xx_fsmc.c 0x00000000   Number         0  stm32f4xx_fsmc.o ABSOLUTE
    ..\\Libraries\\FWlib\\src\\stm32f4xx_gpio.c 0x00000000   Number         0  stm32f4xx_gpio.o ABSOLUTE
    ..\\Libraries\\FWlib\\src\\stm32f4xx_rcc.c 0x00000000   Number         0  stm32f4xx_rcc.o ABSOLUTE
    ..\\Libraries\\FWlib\\src\\stm32f4xx_spi.c 0x00000000   Number         0  stm32f4xx_spi.o ABSOLUTE
    ..\\Libraries\\FWlib\\src\\stm32f4xx_syscfg.c 0x00000000   Number         0  stm32f4xx_syscfg.o ABSOLUTE
    ..\\Libraries\\FWlib\\src\\stm32f4xx_tim.c 0x00000000   Number         0  stm32f4xx_tim.o ABSOLUTE
    ..\\Libraries\\FWlib\\src\\stm32f4xx_usart.c 0x00000000   Number         0  stm32f4xx_usart.o ABSOLUTE
    ..\\User\\ctrl.c                         0x00000000   Number         0  ctrl.o ABSOLUTE
    ..\\User\\data_transfer.c                0x00000000   Number         0  data_transfer.o ABSOLUTE
    ..\\User\\dgp.c                          0x00000000   Number         0  dgp.o ABSOLUTE
    ..\\User\\init.c                         0x00000000   Number         0  init.o ABSOLUTE
    ..\\User\\main.c                         0x00000000   Number         0  main.o ABSOLUTE
    ..\\User\\mymath.c                       0x00000000   Number         0  mymath.o ABSOLUTE
    ..\\User\\stm32f4xx_it.c                 0x00000000   Number         0  stm32f4xx_it.o ABSOLUTE
    cdcmple.s                                0x00000000   Number         0  cdcmple.o ABSOLUTE
    cdrcmple.s                               0x00000000   Number         0  cdrcmple.o ABSOLUTE
    dc.s                                     0x00000000   Number         0  dc.o ABSOLUTE
    handlers.s                               0x00000000   Number         0  handlers.o ABSOLUTE
    init.s                                   0x00000000   Number         0  init.o ABSOLUTE
    RESET                                    0x08000000   Section      392  startup_stm32f4xx.o(RESET)
    .ARM.Collect$$$$00000000                 0x08000188   Section        0  entry.o(.ARM.Collect$$$$00000000)
    .ARM.Collect$$$$00000001                 0x08000188   Section        4  entry2.o(.ARM.Collect$$$$00000001)
    .ARM.Collect$$$$00000004                 0x0800018c   Section        4  entry5.o(.ARM.Collect$$$$00000004)
    .ARM.Collect$$$$00000008                 0x08000190   Section        0  entry7b.o(.ARM.Collect$$$$00000008)
    .ARM.Collect$$$$0000000A                 0x08000190   Section        0  entry8b.o(.ARM.Collect$$$$0000000A)
    .ARM.Collect$$$$0000000B                 0x08000190   Section        8  entry9a.o(.ARM.Collect$$$$0000000B)
    .ARM.Collect$$$$0000000D                 0x08000198   Section        0  entry10a.o(.ARM.Collect$$$$0000000D)
    .ARM.Collect$$$$0000000F                 0x08000198   Section        0  entry11a.o(.ARM.Collect$$$$0000000F)
    .ARM.Collect$$$$00002712                 0x08000198   Section        4  entry2.o(.ARM.Collect$$$$00002712)
    __lit__00000000                          0x08000198   Data           4  entry2.o(.ARM.Collect$$$$00002712)
    .text                                    0x0800019c   Section       36  startup_stm32f4xx.o(.text)
    $v0                                      0x0800019c   Number         0  startup_stm32f4xx.o(.text)
    .text                                    0x080001c0   Section       36  init.o(.text)
    i.All_Init                               0x080001e4   Section        0  init.o(i.All_Init)
    i.BusFault_Handler                       0x08000268   Section        0  stm32f4xx_it.o(i.BusFault_Handler)
    i.Cam_Init                               0x0800026c   Section        0  ov7670.o(i.Cam_Init)
    i.DCMI_CROPCmd                           0x080004a0   Section        0  stm32f4xx_dcmi.o(i.DCMI_CROPCmd)
    i.DCMI_CROPConfig                        0x080004c4   Section        0  stm32f4xx_dcmi.o(i.DCMI_CROPConfig)
    i.DCMI_CaptureCmd                        0x080004e4   Section        0  stm32f4xx_dcmi.o(i.DCMI_CaptureCmd)
    i.DCMI_ClearITPendingBit                 0x08000508   Section        0  stm32f4xx_dcmi.o(i.DCMI_ClearITPendingBit)
    i.DCMI_Cmd                               0x08000514   Section        0  stm32f4xx_dcmi.o(i.DCMI_Cmd)
    i.DCMI_DMA_Init                          0x08000538   Section        0  ov7670.o(i.DCMI_DMA_Init)
    i.DCMI_GetITStatus                       0x080005a8   Section        0  stm32f4xx_dcmi.o(i.DCMI_GetITStatus)
    i.DCMI_IRQHandler                        0x080005c4   Section        0  dgp.o(i.DCMI_IRQHandler)
    i.DCMI_ITConfig                          0x080005ec   Section        0  stm32f4xx_dcmi.o(i.DCMI_ITConfig)
    i.DCMI_Init                              0x08000610   Section        0  stm32f4xx_dcmi.o(i.DCMI_Init)
    i.DCMI_Start                             0x08000650   Section        0  ov7670.o(i.DCMI_Start)
    i.DMA_Cmd                                0x0800066c   Section        0  stm32f4xx_dma.o(i.DMA_Cmd)
    i.DMA_DeInit                             0x08000684   Section        0  stm32f4xx_dma.o(i.DMA_DeInit)
    i.DMA_GetCmdStatus                       0x080007dc   Section        0  stm32f4xx_dma.o(i.DMA_GetCmdStatus)
    i.DMA_GetCurrDataCounter                 0x080007f0   Section        0  stm32f4xx_dma.o(i.DMA_GetCurrDataCounter)
    i.DMA_Init                               0x080007f8   Section        0  stm32f4xx_dma.o(i.DMA_Init)
    i.DMA_SetCurrDataCounter                 0x08000850   Section        0  stm32f4xx_dma.o(i.DMA_SetCurrDataCounter)
    i.Data_Receive_Prepare_1                 0x08000854   Section        0  data_transfer.o(i.Data_Receive_Prepare_1)
    i.Data_Receive_Prepare_2                 0x0800093c   Section        0  data_transfer.o(i.Data_Receive_Prepare_2)
    i.Data_Receive_deal                      0x08000a24   Section        0  data_transfer.o(i.Data_Receive_deal)
    i.DebugMon_Handler                       0x08000aec   Section        0  stm32f4xx_it.o(i.DebugMon_Handler)
    i.GPIO_Init                              0x08000aee   Section        0  stm32f4xx_gpio.o(i.GPIO_Init)
    i.GPIO_PinAFConfig                       0x08000b7e   Section        0  stm32f4xx_gpio.o(i.GPIO_PinAFConfig)
    i.GPIO_ResetBits                         0x08000bc4   Section        0  stm32f4xx_gpio.o(i.GPIO_ResetBits)
    i.GPIO_SetBits                           0x08000bc8   Section        0  stm32f4xx_gpio.o(i.GPIO_SetBits)
    i.HardFault_Handler                      0x08000bcc   Section        0  stm32f4xx_it.o(i.HardFault_Handler)
    i.LED_GPIO_Conf                          0x08000bd0   Section        0  led.o(i.LED_GPIO_Conf)
    i.MemManage_Handler                      0x08000c10   Section        0  stm32f4xx_it.o(i.MemManage_Handler)
    i.NMI_Handler                            0x08000c14   Section        0  stm32f4xx_it.o(i.NMI_Handler)
    i.NVIC_Init                              0x08000c18   Section        0  misc.o(i.NVIC_Init)
    i.NVIC_PriorityGroupConfig               0x08000c90   Section        0  misc.o(i.NVIC_PriorityGroupConfig)
    i.OV7670_Init                            0x08000ca4   Section        0  ov7670.o(i.OV7670_Init)
    i.OV7670_config_window                   0x08000cf4   Section        0  ov7670.o(i.OV7670_config_window)
    i.OV_ReadID                              0x08000dbc   Section        0  ov7670.o(i.OV_ReadID)
    i.OV_ReadReg                             0x08000dcc   Section        0  ov7670.o(i.OV_ReadReg)
    i.OV_Reset                               0x08000e32   Section        0  ov7670.o(i.OV_Reset)
    i.OV_WriteReg                            0x08000e3e   Section        0  ov7670.o(i.OV_WriteReg)
    i.PID_Position                           0x08000e8c   Section        0  ctrl.o(i.PID_Position)
    i.PendSV_Handler                         0x08000f24   Section        0  stm32f4xx_it.o(i.PendSV_Handler)
    i.RCC_AHB1PeriphClockCmd                 0x08000f28   Section        0  stm32f4xx_rcc.o(i.RCC_AHB1PeriphClockCmd)
    i.RCC_AHB2PeriphClockCmd                 0x08000f48   Section        0  stm32f4xx_rcc.o(i.RCC_AHB2PeriphClockCmd)
    i.RCC_APB1PeriphClockCmd                 0x08000f68   Section        0  stm32f4xx_rcc.o(i.RCC_APB1PeriphClockCmd)
    i.RCC_APB2PeriphClockCmd                 0x08000f88   Section        0  stm32f4xx_rcc.o(i.RCC_APB2PeriphClockCmd)
    i.RCC_GetClocksFreq                      0x08000fa8   Section        0  stm32f4xx_rcc.o(i.RCC_GetClocksFreq)
    i.RCC_MCO1Config                         0x08001090   Section        0  stm32f4xx_rcc.o(i.RCC_MCO1Config)
    i.SCCB_Init                              0x080010ac   Section        0  ov7670.o(i.SCCB_Init)
    i.SCCB_Read                              0x080010e4   Section        0  ov7670.o(i.SCCB_Read)
    i.SCCB_SID_IN                            0x0800113c   Section        0  ov7670.o(i.SCCB_SID_IN)
    i.SCCB_SID_OUT                           0x08001164   Section        0  ov7670.o(i.SCCB_SID_OUT)
    i.SCCB_Start                             0x08001194   Section        0  ov7670.o(i.SCCB_Start)
    i.SCCB_Stop                              0x080011d8   Section        0  ov7670.o(i.SCCB_Stop)
    i.SCCB_Write                             0x08001210   Section        0  ov7670.o(i.SCCB_Write)
    i.SVC_Handler                            0x080012b0   Section        0  stm32f4xx_it.o(i.SVC_Handler)
    i.Send_Back_Target                       0x080012b4   Section        0  data_transfer.o(i.Send_Back_Target)
    i.Send_Data                              0x08001324   Section        0  data_transfer.o(i.Send_Data)
    i.Send_Front_Rc                          0x08001338   Section        0  data_transfer.o(i.Send_Front_Rc)
    i.Send_Front_Target                      0x080013f8   Section        0  data_transfer.o(i.Send_Front_Target)
    i.Send_ready                             0x08001468   Section        0  data_transfer.o(i.Send_ready)
    i.SetSysClock                            0x080014dc   Section        0  system_stm32f4xx.o(i.SetSysClock)
    SetSysClock                              0x080014dd   Thumb Code   220  system_stm32f4xx.o(i.SetSysClock)
    i.SysTick_Handler                        0x080015c8   Section        0  stm32f4xx_it.o(i.SysTick_Handler)
    i.SysTick_Init                           0x080015d0   Section        0  delay.o(i.SysTick_Init)
    i.SystemInit                             0x0800163c   Section        0  system_stm32f4xx.o(i.SystemInit)
    i.TIM3_IRQHandler                        0x080016a4   Section        0  timer.o(i.TIM3_IRQHandler)
    i.TIM3_Int_Init                          0x080016ec   Section        0  timer.o(i.TIM3_Int_Init)
    i.TIM_ClearITPendingBit                  0x08001748   Section        0  stm32f4xx_tim.o(i.TIM_ClearITPendingBit)
    i.TIM_Cmd                                0x0800174e   Section        0  stm32f4xx_tim.o(i.TIM_Cmd)
    i.TIM_GetITStatus                        0x08001766   Section        0  stm32f4xx_tim.o(i.TIM_GetITStatus)
    i.TIM_ITConfig                           0x08001788   Section        0  stm32f4xx_tim.o(i.TIM_ITConfig)
    i.TIM_TimeBaseInit                       0x0800179c   Section        0  stm32f4xx_tim.o(i.TIM_TimeBaseInit)
    i.TimeTick_Decrement                     0x08001820   Section        0  delay.o(i.TimeTick_Decrement)
    i.USART1_IRQHandler                      0x08001838   Section        0  stm32f4xx_it.o(i.USART1_IRQHandler)
    i.USART2_IRQHandler                      0x08001840   Section        0  stm32f4xx_it.o(i.USART2_IRQHandler)
    i.USART_ClearITPendingBit                0x08001848   Section        0  stm32f4xx_usart.o(i.USART_ClearITPendingBit)
    i.USART_ClockInit                        0x08001866   Section        0  stm32f4xx_usart.o(i.USART_ClockInit)
    i.USART_Cmd                              0x08001886   Section        0  stm32f4xx_usart.o(i.USART_Cmd)
    i.USART_GetITStatus                      0x0800189e   Section        0  stm32f4xx_usart.o(i.USART_GetITStatus)
    i.USART_ITConfig                         0x080018f2   Section        0  stm32f4xx_usart.o(i.USART_ITConfig)
    i.USART_Init                             0x0800193c   Section        0  stm32f4xx_usart.o(i.USART_Init)
    i.USART_SendData                         0x08001a10   Section        0  stm32f4xx_usart.o(i.USART_SendData)
    i.UsageFault_Handler                     0x08001a18   Section        0  stm32f4xx_it.o(i.UsageFault_Handler)
    i.Usart1_IRQ                             0x08001a1c   Section        0  usart.o(i.Usart1_IRQ)
    i.Usart1_Init                            0x08001a9c   Section        0  usart.o(i.Usart1_Init)
    i.Usart1_Send                            0x08001b70   Section        0  usart.o(i.Usart1_Send)
    i.Usart2_IRQ                             0x08001bb8   Section        0  usart.o(i.Usart2_IRQ)
    i.Usart2_Init                            0x08001c40   Section        0  usart.o(i.Usart2_Init)
    i.__scatterload_copy                     0x08001d30   Section       14  handlers.o(i.__scatterload_copy)
    i.__scatterload_null                     0x08001d3e   Section        2  handlers.o(i.__scatterload_null)
    i.__scatterload_zeroinit                 0x08001d40   Section       14  handlers.o(i.__scatterload_zeroinit)
    i.back_duty                              0x08001d50   Section        0  ctrl.o(i.back_duty)
    i.control_back_output                    0x08001d88   Section        0  ctrl.o(i.control_back_output)
    i.control_go_output                      0x08001df4   Section        0  ctrl.o(i.control_go_output)
    i.control_go_roll                        0x08001e60   Section        0  ctrl.o(i.control_go_roll)
    i.delay_1ms                              0x08001ec8   Section        0  delay.o(i.delay_1ms)
    i.delay_ms                               0x08001ee0   Section        0  delay.o(i.delay_ms)
    i.delay_us                               0x08001ef4   Section        0  delay.o(i.delay_us)
    i.front_duty                             0x08001f08   Section        0  ctrl.o(i.front_duty)
    i.get_target2                            0x08001f38   Section        0  dgp.o(i.get_target2)
    i.jpeg_data_process                      0x08001fe0   Section        0  dgp.o(i.jpeg_data_process)
    i.main                                   0x08002048   Section        0  main.o(i.main)
    i.noAck                                  0x080020e0   Section        0  ov7670.o(i.noAck)
    i.pid_set                                0x08002124   Section        0  ctrl.o(i.pid_set)
    .constdata                               0x0800216c   Section      354  ov7670.o(.constdata)
    ov7670_init_reg_tbl                      0x0800216c   Data         354  ov7670.o(.constdata)
    .data                                    0x20000000   Section       27  ctrl.o(.data)
    .data                                    0x2000001b   Section        7  data_transfer.o(.data)
    _data_len                                0x2000001c   Data           1  data_transfer.o(.data)
    _data_cnt                                0x2000001d   Data           1  data_transfer.o(.data)
    state                                    0x2000001e   Data           1  data_transfer.o(.data)
    _data_len                                0x2000001f   Data           1  data_transfer.o(.data)
    _data_cnt                                0x20000020   Data           1  data_transfer.o(.data)
    state                                    0x20000021   Data           1  data_transfer.o(.data)
    .data                                    0x20000022   Section        2  init.o(.data)
    .data                                    0x20000024   Section       25  dgp.o(.data)
    .data                                    0x20000040   Section        4  delay.o(.data)
    TimingDelay                              0x20000040   Data           4  delay.o(.data)
    .data                                    0x20000044   Section        4  usart.o(.data)
    .data                                    0x20000048   Section       16  stm32f4xx_rcc.o(.data)
    APBAHBPrescTable                         0x20000048   Data          16  stm32f4xx_rcc.o(.data)
    .data                                    0x20000058   Section       20  system_stm32f4xx.o(.data)
    .bss                                     0x2000006c   Section       80  ctrl.o(.bss)
    .bss                                     0x200000bc   Section       90  data_transfer.o(.bss)
    RxBuffer                                 0x200000d0   Data          50  data_transfer.o(.bss)
    RxBuffer                                 0x20000102   Data          20  data_transfer.o(.bss)
    .bss                                     0x20000116   Section      512  usart.o(.bss)
    .bss                                     0x20000318   Section    57600  ov7670.o(.bss)
    STACK                                    0x2000e418   Section     1024  startup_stm32f4xx.o(STACK)

    Global Symbols

    Symbol Name                              Value     Ov Type        Size  Object(Section)

    BuildAttributes$$THM_ISAv4$E$P$D$K$B$S$7EM$VFPi3$EXTD16$VFPS$VFMA$PE$A:L22UL41UL21$X:L11$S22US41US21$IEEE1$IW$USESV6$~STKCKD$USESV7$~SHL$OTIME$ROPI$EBA8$MICROLIB$REQ8$PRES8$EABIv2 0x00000000   Number         0  anon$$obj.o ABSOLUTE
    __ARM_use_no_argv                        0x00000000   Number         0  main.o ABSOLUTE
    __cpp_initialize__aeabi_                  - Undefined Weak Reference
    __cxa_finalize                            - Undefined Weak Reference
    __decompress                              - Undefined Weak Reference
    _clock_init                               - Undefined Weak Reference
    _microlib_exit                            - Undefined Weak Reference
    __Vectors_Size                           0x00000188   Number         0  startup_stm32f4xx.o ABSOLUTE
    __Vectors                                0x08000000   Data           4  startup_stm32f4xx.o(RESET)
    __Vectors_End                            0x08000188   Data           0  startup_stm32f4xx.o(RESET)
    __main                                   0x08000189   Thumb Code     0  entry.o(.ARM.Collect$$$$00000000)
    _main_stk                                0x08000189   Thumb Code     0  entry2.o(.ARM.Collect$$$$00000001)
    _main_scatterload                        0x0800018d   Thumb Code     0  entry5.o(.ARM.Collect$$$$00000004)
    __main_after_scatterload                 0x08000191   Thumb Code     0  entry5.o(.ARM.Collect$$$$00000004)
    _main_clock                              0x08000191   Thumb Code     0  entry7b.o(.ARM.Collect$$$$00000008)
    _main_cpp_init                           0x08000191   Thumb Code     0  entry8b.o(.ARM.Collect$$$$0000000A)
    _main_init                               0x08000191   Thumb Code     0  entry9a.o(.ARM.Collect$$$$0000000B)
    __rt_final_cpp                           0x08000199   Thumb Code     0  entry10a.o(.ARM.Collect$$$$0000000D)
    __rt_final_exit                          0x08000199   Thumb Code     0  entry11a.o(.ARM.Collect$$$$0000000F)
    Reset_Handler                            0x0800019d   Thumb Code     8  startup_stm32f4xx.o(.text)
    ADC_IRQHandler                           0x080001b7   Thumb Code     0  startup_stm32f4xx.o(.text)
    CAN1_RX0_IRQHandler                      0x080001b7   Thumb Code     0  startup_stm32f4xx.o(.text)
    CAN1_RX1_IRQHandler                      0x080001b7   Thumb Code     0  startup_stm32f4xx.o(.text)
    CAN1_SCE_IRQHandler                      0x080001b7   Thumb Code     0  startup_stm32f4xx.o(.text)
    CAN1_TX_IRQHandler                       0x080001b7   Thumb Code     0  startup_stm32f4xx.o(.text)
    CAN2_RX0_IRQHandler                      0x080001b7   Thumb Code     0  startup_stm32f4xx.o(.text)
    CAN2_RX1_IRQHandler                      0x080001b7   Thumb Code     0  startup_stm32f4xx.o(.text)
    CAN2_SCE_IRQHandler                      0x080001b7   Thumb Code     0  startup_stm32f4xx.o(.text)
    CAN2_TX_IRQHandler                       0x080001b7   Thumb Code     0  startup_stm32f4xx.o(.text)
    CRYP_IRQHandler                          0x080001b7   Thumb Code     0  startup_stm32f4xx.o(.text)
    DMA1_Stream0_IRQHandler                  0x080001b7   Thumb Code     0  startup_stm32f4xx.o(.text)
    DMA1_Stream1_IRQHandler                  0x080001b7   Thumb Code     0  startup_stm32f4xx.o(.text)
    DMA1_Stream2_IRQHandler                  0x080001b7   Thumb Code     0  startup_stm32f4xx.o(.text)
    DMA1_Stream3_IRQHandler                  0x080001b7   Thumb Code     0  startup_stm32f4xx.o(.text)
    DMA1_Stream4_IRQHandler                  0x080001b7   Thumb Code     0  startup_stm32f4xx.o(.text)
    DMA1_Stream5_IRQHandler                  0x080001b7   Thumb Code     0  startup_stm32f4xx.o(.text)
    DMA1_Stream6_IRQHandler                  0x080001b7   Thumb Code     0  startup_stm32f4xx.o(.text)
    DMA1_Stream7_IRQHandler                  0x080001b7   Thumb Code     0  startup_stm32f4xx.o(.text)
    DMA2_Stream0_IRQHandler                  0x080001b7   Thumb Code     0  startup_stm32f4xx.o(.text)
    DMA2_Stream1_IRQHandler                  0x080001b7   Thumb Code     0  startup_stm32f4xx.o(.text)
    DMA2_Stream2_IRQHandler                  0x080001b7   Thumb Code     0  startup_stm32f4xx.o(.text)
    DMA2_Stream3_IRQHandler                  0x080001b7   Thumb Code     0  startup_stm32f4xx.o(.text)
    DMA2_Stream4_IRQHandler                  0x080001b7   Thumb Code     0  startup_stm32f4xx.o(.text)
    DMA2_Stream5_IRQHandler                  0x080001b7   Thumb Code     0  startup_stm32f4xx.o(.text)
    DMA2_Stream6_IRQHandler                  0x080001b7   Thumb Code     0  startup_stm32f4xx.o(.text)
    DMA2_Stream7_IRQHandler                  0x080001b7   Thumb Code     0  startup_stm32f4xx.o(.text)
    ETH_IRQHandler                           0x080001b7   Thumb Code     0  startup_stm32f4xx.o(.text)
    ETH_WKUP_IRQHandler                      0x080001b7   Thumb Code     0  startup_stm32f4xx.o(.text)
    EXTI0_IRQHandler                         0x080001b7   Thumb Code     0  startup_stm32f4xx.o(.text)
    EXTI15_10_IRQHandler                     0x080001b7   Thumb Code     0  startup_stm32f4xx.o(.text)
    EXTI1_IRQHandler                         0x080001b7   Thumb Code     0  startup_stm32f4xx.o(.text)
    EXTI2_IRQHandler                         0x080001b7   Thumb Code     0  startup_stm32f4xx.o(.text)
    EXTI3_IRQHandler                         0x080001b7   Thumb Code     0  startup_stm32f4xx.o(.text)
    EXTI4_IRQHandler                         0x080001b7   Thumb Code     0  startup_stm32f4xx.o(.text)
    EXTI9_5_IRQHandler                       0x080001b7   Thumb Code     0  startup_stm32f4xx.o(.text)
    FLASH_IRQHandler                         0x080001b7   Thumb Code     0  startup_stm32f4xx.o(.text)
    FPU_IRQHandler                           0x080001b7   Thumb Code     0  startup_stm32f4xx.o(.text)
    FSMC_IRQHandler                          0x080001b7   Thumb Code     0  startup_stm32f4xx.o(.text)
    HASH_RNG_IRQHandler                      0x080001b7   Thumb Code     0  startup_stm32f4xx.o(.text)
    I2C1_ER_IRQHandler                       0x080001b7   Thumb Code     0  startup_stm32f4xx.o(.text)
    I2C1_EV_IRQHandler                       0x080001b7   Thumb Code     0  startup_stm32f4xx.o(.text)
    I2C2_ER_IRQHandler                       0x080001b7   Thumb Code     0  startup_stm32f4xx.o(.text)
    I2C2_EV_IRQHandler                       0x080001b7   Thumb Code     0  startup_stm32f4xx.o(.text)
    I2C3_ER_IRQHandler                       0x080001b7   Thumb Code     0  startup_stm32f4xx.o(.text)
    I2C3_EV_IRQHandler                       0x080001b7   Thumb Code     0  startup_stm32f4xx.o(.text)
    OTG_FS_IRQHandler                        0x080001b7   Thumb Code     0  startup_stm32f4xx.o(.text)
    OTG_FS_WKUP_IRQHandler                   0x080001b7   Thumb Code     0  startup_stm32f4xx.o(.text)
    OTG_HS_EP1_IN_IRQHandler                 0x080001b7   Thumb Code     0  startup_stm32f4xx.o(.text)
    OTG_HS_EP1_OUT_IRQHandler                0x080001b7   Thumb Code     0  startup_stm32f4xx.o(.text)
    OTG_HS_IRQHandler                        0x080001b7   Thumb Code     0  startup_stm32f4xx.o(.text)
    OTG_HS_WKUP_IRQHandler                   0x080001b7   Thumb Code     0  startup_stm32f4xx.o(.text)
    PVD_IRQHandler                           0x080001b7   Thumb Code     0  startup_stm32f4xx.o(.text)
    RCC_IRQHandler                           0x080001b7   Thumb Code     0  startup_stm32f4xx.o(.text)
    RTC_Alarm_IRQHandler                     0x080001b7   Thumb Code     0  startup_stm32f4xx.o(.text)
    RTC_WKUP_IRQHandler                      0x080001b7   Thumb Code     0  startup_stm32f4xx.o(.text)
    SDIO_IRQHandler                          0x080001b7   Thumb Code     0  startup_stm32f4xx.o(.text)
    SPI1_IRQHandler                          0x080001b7   Thumb Code     0  startup_stm32f4xx.o(.text)
    SPI2_IRQHandler                          0x080001b7   Thumb Code     0  startup_stm32f4xx.o(.text)
    SPI3_IRQHandler                          0x080001b7   Thumb Code     0  startup_stm32f4xx.o(.text)
    TAMP_STAMP_IRQHandler                    0x080001b7   Thumb Code     0  startup_stm32f4xx.o(.text)
    TIM1_BRK_TIM9_IRQHandler                 0x080001b7   Thumb Code     0  startup_stm32f4xx.o(.text)
    TIM1_CC_IRQHandler                       0x080001b7   Thumb Code     0  startup_stm32f4xx.o(.text)
    TIM1_TRG_COM_TIM11_IRQHandler            0x080001b7   Thumb Code     0  startup_stm32f4xx.o(.text)
    TIM1_UP_TIM10_IRQHandler                 0x080001b7   Thumb Code     0  startup_stm32f4xx.o(.text)
    TIM2_IRQHandler                          0x080001b7   Thumb Code     0  startup_stm32f4xx.o(.text)
    TIM4_IRQHandler                          0x080001b7   Thumb Code     0  startup_stm32f4xx.o(.text)
    TIM5_IRQHandler                          0x080001b7   Thumb Code     0  startup_stm32f4xx.o(.text)
    TIM6_DAC_IRQHandler                      0x080001b7   Thumb Code     0  startup_stm32f4xx.o(.text)
    TIM7_IRQHandler                          0x080001b7   Thumb Code     0  startup_stm32f4xx.o(.text)
    TIM8_BRK_TIM12_IRQHandler                0x080001b7   Thumb Code     0  startup_stm32f4xx.o(.text)
    TIM8_CC_IRQHandler                       0x080001b7   Thumb Code     0  startup_stm32f4xx.o(.text)
    TIM8_TRG_COM_TIM14_IRQHandler            0x080001b7   Thumb Code     0  startup_stm32f4xx.o(.text)
    TIM8_UP_TIM13_IRQHandler                 0x080001b7   Thumb Code     0  startup_stm32f4xx.o(.text)
    UART4_IRQHandler                         0x080001b7   Thumb Code     0  startup_stm32f4xx.o(.text)
    UART5_IRQHandler                         0x080001b7   Thumb Code     0  startup_stm32f4xx.o(.text)
    USART3_IRQHandler                        0x080001b7   Thumb Code     0  startup_stm32f4xx.o(.text)
    USART6_IRQHandler                        0x080001b7   Thumb Code     0  startup_stm32f4xx.o(.text)
    WWDG_IRQHandler                          0x080001b7   Thumb Code     0  startup_stm32f4xx.o(.text)
    __scatterload                            0x080001c1   Thumb Code    28  init.o(.text)
    __scatterload_rt2                        0x080001c1   Thumb Code     0  init.o(.text)
    All_Init                                 0x080001e5   Thumb Code   124  init.o(i.All_Init)
    BusFault_Handler                         0x08000269   Thumb Code     4  stm32f4xx_it.o(i.BusFault_Handler)
    Cam_Init                                 0x0800026d   Thumb Code   538  ov7670.o(i.Cam_Init)
    DCMI_CROPCmd                             0x080004a1   Thumb Code    30  stm32f4xx_dcmi.o(i.DCMI_CROPCmd)
    DCMI_CROPConfig                          0x080004c5   Thumb Code    26  stm32f4xx_dcmi.o(i.DCMI_CROPConfig)
    DCMI_CaptureCmd                          0x080004e5   Thumb Code    30  stm32f4xx_dcmi.o(i.DCMI_CaptureCmd)
    DCMI_ClearITPendingBit                   0x08000509   Thumb Code     6  stm32f4xx_dcmi.o(i.DCMI_ClearITPendingBit)
    DCMI_Cmd                                 0x08000515   Thumb Code    30  stm32f4xx_dcmi.o(i.DCMI_Cmd)
    DCMI_DMA_Init                            0x08000539   Thumb Code   102  ov7670.o(i.DCMI_DMA_Init)
    DCMI_GetITStatus                         0x080005a9   Thumb Code    24  stm32f4xx_dcmi.o(i.DCMI_GetITStatus)
    DCMI_IRQHandler                          0x080005c5   Thumb Code    34  dgp.o(i.DCMI_IRQHandler)
    DCMI_ITConfig                            0x080005ed   Thumb Code    30  stm32f4xx_dcmi.o(i.DCMI_ITConfig)
    DCMI_Init                                0x08000611   Thumb Code    60  stm32f4xx_dcmi.o(i.DCMI_Init)
    DCMI_Start                               0x08000651   Thumb Code    24  ov7670.o(i.DCMI_Start)
    DMA_Cmd                                  0x0800066d   Thumb Code    22  stm32f4xx_dma.o(i.DMA_Cmd)
    DMA_DeInit                               0x08000685   Thumb Code   324  stm32f4xx_dma.o(i.DMA_DeInit)
    DMA_GetCmdStatus                         0x080007dd   Thumb Code    20  stm32f4xx_dma.o(i.DMA_GetCmdStatus)
    DMA_GetCurrDataCounter                   0x080007f1   Thumb Code     8  stm32f4xx_dma.o(i.DMA_GetCurrDataCounter)
    DMA_Init                                 0x080007f9   Thumb Code    82  stm32f4xx_dma.o(i.DMA_Init)
    DMA_SetCurrDataCounter                   0x08000851   Thumb Code     4  stm32f4xx_dma.o(i.DMA_SetCurrDataCounter)
    Data_Receive_Prepare_1                   0x08000855   Thumb Code   216  data_transfer.o(i.Data_Receive_Prepare_1)
    Data_Receive_Prepare_2                   0x0800093d   Thumb Code   216  data_transfer.o(i.Data_Receive_Prepare_2)
    Data_Receive_deal                        0x08000a25   Thumb Code   176  data_transfer.o(i.Data_Receive_deal)
    DebugMon_Handler                         0x08000aed   Thumb Code     2  stm32f4xx_it.o(i.DebugMon_Handler)
    GPIO_Init                                0x08000aef   Thumb Code   144  stm32f4xx_gpio.o(i.GPIO_Init)
    GPIO_PinAFConfig                         0x08000b7f   Thumb Code    70  stm32f4xx_gpio.o(i.GPIO_PinAFConfig)
    GPIO_ResetBits                           0x08000bc5   Thumb Code     4  stm32f4xx_gpio.o(i.GPIO_ResetBits)
    GPIO_SetBits                             0x08000bc9   Thumb Code     4  stm32f4xx_gpio.o(i.GPIO_SetBits)
    HardFault_Handler                        0x08000bcd   Thumb Code     4  stm32f4xx_it.o(i.HardFault_Handler)
    LED_GPIO_Conf                            0x08000bd1   Thumb Code    60  led.o(i.LED_GPIO_Conf)
    MemManage_Handler                        0x08000c11   Thumb Code     4  stm32f4xx_it.o(i.MemManage_Handler)
    NMI_Handler                              0x08000c15   Thumb Code     2  stm32f4xx_it.o(i.NMI_Handler)
    NVIC_Init                                0x08000c19   Thumb Code   106  misc.o(i.NVIC_Init)
    NVIC_PriorityGroupConfig                 0x08000c91   Thumb Code    10  misc.o(i.NVIC_PriorityGroupConfig)
    OV7670_Init                              0x08000ca5   Thumb Code    74  ov7670.o(i.OV7670_Init)
    OV7670_config_window                     0x08000cf5   Thumb Code   200  ov7670.o(i.OV7670_config_window)
    OV_ReadID                                0x08000dbd   Thumb Code    16  ov7670.o(i.OV_ReadID)
    OV_ReadReg                               0x08000dcd   Thumb Code   102  ov7670.o(i.OV_ReadReg)
    OV_Reset                                 0x08000e33   Thumb Code    12  ov7670.o(i.OV_Reset)
    OV_WriteReg                              0x08000e3f   Thumb Code    78  ov7670.o(i.OV_WriteReg)
    PID_Position                             0x08000e8d   Thumb Code   152  ctrl.o(i.PID_Position)
    PendSV_Handler                           0x08000f25   Thumb Code     2  stm32f4xx_it.o(i.PendSV_Handler)
    RCC_AHB1PeriphClockCmd                   0x08000f29   Thumb Code    26  stm32f4xx_rcc.o(i.RCC_AHB1PeriphClockCmd)
    RCC_AHB2PeriphClockCmd                   0x08000f49   Thumb Code    26  stm32f4xx_rcc.o(i.RCC_AHB2PeriphClockCmd)
    RCC_APB1PeriphClockCmd                   0x08000f69   Thumb Code    26  stm32f4xx_rcc.o(i.RCC_APB1PeriphClockCmd)
    RCC_APB2PeriphClockCmd                   0x08000f89   Thumb Code    26  stm32f4xx_rcc.o(i.RCC_APB2PeriphClockCmd)
    RCC_GetClocksFreq                        0x08000fa9   Thumb Code   214  stm32f4xx_rcc.o(i.RCC_GetClocksFreq)
    RCC_MCO1Config                           0x08001091   Thumb Code    24  stm32f4xx_rcc.o(i.RCC_MCO1Config)
    SCCB_Init                                0x080010ad   Thumb Code    50  ov7670.o(i.SCCB_Init)
    SCCB_Read                                0x080010e5   Thumb Code    84  ov7670.o(i.SCCB_Read)
    SCCB_SID_IN                              0x0800113d   Thumb Code    36  ov7670.o(i.SCCB_SID_IN)
    SCCB_SID_OUT                             0x08001165   Thumb Code    42  ov7670.o(i.SCCB_SID_OUT)
    SCCB_Start                               0x08001195   Thumb Code    64  ov7670.o(i.SCCB_Start)
    SCCB_Stop                                0x080011d9   Thumb Code    50  ov7670.o(i.SCCB_Stop)
    SCCB_Write                               0x08001211   Thumb Code   154  ov7670.o(i.SCCB_Write)
    SVC_Handler                              0x080012b1   Thumb Code     2  stm32f4xx_it.o(i.SVC_Handler)
    Send_Back_Target                         0x080012b5   Thumb Code   108  data_transfer.o(i.Send_Back_Target)
    Send_Data                                0x08001325   Thumb Code    16  data_transfer.o(i.Send_Data)
    Send_Front_Rc                            0x08001339   Thumb Code   186  data_transfer.o(i.Send_Front_Rc)
    Send_Front_Target                        0x080013f9   Thumb Code   108  data_transfer.o(i.Send_Front_Target)
    Send_ready                               0x08001469   Thumb Code   112  data_transfer.o(i.Send_ready)
    SysTick_Handler                          0x080015c9   Thumb Code     8  stm32f4xx_it.o(i.SysTick_Handler)
    SysTick_Init                             0x080015d1   Thumb Code    90  delay.o(i.SysTick_Init)
    SystemInit                               0x0800163d   Thumb Code    88  system_stm32f4xx.o(i.SystemInit)
    TIM3_IRQHandler                          0x080016a5   Thumb Code    54  timer.o(i.TIM3_IRQHandler)
    TIM3_Int_Init                            0x080016ed   Thumb Code    88  timer.o(i.TIM3_Int_Init)
    TIM_ClearITPendingBit                    0x08001749   Thumb Code     6  stm32f4xx_tim.o(i.TIM_ClearITPendingBit)
    TIM_Cmd                                  0x0800174f   Thumb Code    24  stm32f4xx_tim.o(i.TIM_Cmd)
    TIM_GetITStatus                          0x08001767   Thumb Code    34  stm32f4xx_tim.o(i.TIM_GetITStatus)
    TIM_ITConfig                             0x08001789   Thumb Code    18  stm32f4xx_tim.o(i.TIM_ITConfig)
    TIM_TimeBaseInit                         0x0800179d   Thumb Code   104  stm32f4xx_tim.o(i.TIM_TimeBaseInit)
    TimeTick_Decrement                       0x08001821   Thumb Code    18  delay.o(i.TimeTick_Decrement)
    USART1_IRQHandler                        0x08001839   Thumb Code     8  stm32f4xx_it.o(i.USART1_IRQHandler)
    USART2_IRQHandler                        0x08001841   Thumb Code     8  stm32f4xx_it.o(i.USART2_IRQHandler)
    USART_ClearITPendingBit                  0x08001849   Thumb Code    30  stm32f4xx_usart.o(i.USART_ClearITPendingBit)
    USART_ClockInit                          0x08001867   Thumb Code    32  stm32f4xx_usart.o(i.USART_ClockInit)
    USART_Cmd                                0x08001887   Thumb Code    24  stm32f4xx_usart.o(i.USART_Cmd)
    USART_GetITStatus                        0x0800189f   Thumb Code    84  stm32f4xx_usart.o(i.USART_GetITStatus)
    USART_ITConfig                           0x080018f3   Thumb Code    74  stm32f4xx_usart.o(i.USART_ITConfig)
    USART_Init                               0x0800193d   Thumb Code   204  stm32f4xx_usart.o(i.USART_Init)
    USART_SendData                           0x08001a11   Thumb Code     8  stm32f4xx_usart.o(i.USART_SendData)
    UsageFault_Handler                       0x08001a19   Thumb Code     4  stm32f4xx_it.o(i.UsageFault_Handler)
    Usart1_IRQ                               0x08001a1d   Thumb Code   110  usart.o(i.Usart1_IRQ)
    Usart1_Init                              0x08001a9d   Thumb Code   202  usart.o(i.Usart1_Init)
    Usart1_Send                              0x08001b71   Thumb Code    60  usart.o(i.Usart1_Send)
    Usart2_IRQ                               0x08001bb9   Thumb Code   120  usart.o(i.Usart2_IRQ)
    Usart2_Init                              0x08001c41   Thumb Code   230  usart.o(i.Usart2_Init)
    __scatterload_copy                       0x08001d31   Thumb Code    14  handlers.o(i.__scatterload_copy)
    __scatterload_null                       0x08001d3f   Thumb Code     2  handlers.o(i.__scatterload_null)
    __scatterload_zeroinit                   0x08001d41   Thumb Code    14  handlers.o(i.__scatterload_zeroinit)
    back_duty                                0x08001d51   Thumb Code    44  ctrl.o(i.back_duty)
    control_back_output                      0x08001d89   Thumb Code    90  ctrl.o(i.control_back_output)
    control_go_output                        0x08001df5   Thumb Code    90  ctrl.o(i.control_go_output)
    control_go_roll                          0x08001e61   Thumb Code    94  ctrl.o(i.control_go_roll)
    delay_1ms                                0x08001ec9   Thumb Code    20  delay.o(i.delay_1ms)
    delay_ms                                 0x08001ee1   Thumb Code    20  delay.o(i.delay_ms)
    delay_us                                 0x08001ef5   Thumb Code    16  delay.o(i.delay_us)
    front_duty                               0x08001f09   Thumb Code    34  ctrl.o(i.front_duty)
    get_target2                              0x08001f39   Thumb Code   168  dgp.o(i.get_target2)
    jpeg_data_process                        0x08001fe1   Thumb Code    90  dgp.o(i.jpeg_data_process)
    main                                     0x08002049   Thumb Code   120  main.o(i.main)
    noAck                                    0x080020e1   Thumb Code    64  ov7670.o(i.noAck)
    pid_set                                  0x08002125   Thumb Code    54  ctrl.o(i.pid_set)
    Region$$Table$$Base                      0x080022d0   Number         0  anon$$obj.o(Region$$Table)
    Region$$Table$$Limit                     0x080022f0   Number         0  anon$$obj.o(Region$$Table)
    Rc_front                                 0x20000000   Data           8  ctrl.o(.data)
    Rc_back                                  0x20000008   Data           8  ctrl.o(.data)
    Rc_send                                  0x20000010   Data           8  ctrl.o(.data)
    front_info_y_last                        0x20000018   Data           1  ctrl.o(.data)
    back_info_y_last                         0x20000019   Data           1  ctrl.o(.data)
    back_ctrl_finish                         0x2000001a   Data           1  ctrl.o(.data)
    front_data_ok                            0x2000001b   Data           1  data_transfer.o(.data)
    ready_1                                  0x20000022   Data           1  init.o(.data)
    ready_2                                  0x20000023   Data           1  init.o(.data)
    ov_frame                                 0x20000024   Data           1  dgp.o(.data)
    front_measure_info                       0x20000028   Data           8  dgp.o(.data)
    back_measure_info                        0x20000030   Data           8  dgp.o(.data)
    jpeg_data_len                            0x20000038   Data           4  dgp.o(.data)
    jpeg_data_ok                             0x2000003c   Data           1  dgp.o(.data)
    Tx1Counter                               0x20000044   Data           1  usart.o(.data)
    count_1                                  0x20000045   Data           1  usart.o(.data)
    Tx2Counter                               0x20000046   Data           1  usart.o(.data)
    count_2                                  0x20000047   Data           1  usart.o(.data)
    SystemCoreClock                          0x20000058   Data           4  system_stm32f4xx.o(.data)
    AHBPrescTable                            0x2000005c   Data          16  system_stm32f4xx.o(.data)
    roll_pid                                 0x2000006c   Data          40  ctrl.o(.bss)
    yaw_pid                                  0x20000094   Data          40  ctrl.o(.bss)
    data_to_send                             0x200000bc   Data          20  data_transfer.o(.bss)
    Tx1Buffer                                0x20000116   Data         256  usart.o(.bss)
    Tx2Buffer                                0x20000216   Data         256  usart.o(.bss)
    jpeg_buf                                 0x20000318   Data       38400  ov7670.o(.bss)
    im                                       0x20009918   Data       19200  ov7670.o(.bss)
    __initial_sp                             0x2000e818   Data           0  startup_stm32f4xx.o(STACK)



==============================================================================

Memory Map of the image

  Image Entry point : 0x08000189

  Load Region LR_IROM1 (Base: 0x08000000, Size: 0x0000235c, Max: 0x00080000, ABSOLUTE)

    Execution Region ER_IROM1 (Base: 0x08000000, Size: 0x000022f0, Max: 0x00080000, ABSOLUTE)

    Base Addr    Size         Type   Attr      Idx    E Section Name        Object

    0x08000000   0x00000188   Data   RO         2580    RESET               startup_stm32f4xx.o
    0x08000188   0x00000000   Code   RO         2585  * .ARM.Collect$$$$00000000  mc_w.l(entry.o)
    0x08000188   0x00000004   Code   RO         2602    .ARM.Collect$$$$00000001  mc_w.l(entry2.o)
    0x0800018c   0x00000004   Code   RO         2605    .ARM.Collect$$$$00000004  mc_w.l(entry5.o)
    0x08000190   0x00000000   Code   RO         2607    .ARM.Collect$$$$00000008  mc_w.l(entry7b.o)
    0x08000190   0x00000000   Code   RO         2609    .ARM.Collect$$$$0000000A  mc_w.l(entry8b.o)
    0x08000190   0x00000008   Code   RO         2610    .ARM.Collect$$$$0000000B  mc_w.l(entry9a.o)
    0x08000198   0x00000000   Code   RO         2612    .ARM.Collect$$$$0000000D  mc_w.l(entry10a.o)
    0x08000198   0x00000000   Code   RO         2614    .ARM.Collect$$$$0000000F  mc_w.l(entry11a.o)
    0x08000198   0x00000004   Code   RO         2603    .ARM.Collect$$$$00002712  mc_w.l(entry2.o)
    0x0800019c   0x00000024   Code   RO         2581    .text               startup_stm32f4xx.o
    0x080001c0   0x00000024   Code   RO         2625    .text               mc_w.l(init.o)
    0x080001e4   0x00000084   Code   RO          330    i.All_Init          init.o
    0x08000268   0x00000004   Code   RO          109    i.BusFault_Handler  stm32f4xx_it.o
    0x0800026c   0x00000234   Code   RO          622    i.Cam_Init          ov7670.o
    0x080004a0   0x00000024   Code   RO         2400    i.DCMI_CROPCmd      stm32f4xx_dcmi.o
    0x080004c4   0x00000020   Code   RO         2401    i.DCMI_CROPConfig   stm32f4xx_dcmi.o
    0x080004e4   0x00000024   Code   RO         2402    i.DCMI_CaptureCmd   stm32f4xx_dcmi.o
    0x08000508   0x0000000c   Code   RO         2404    i.DCMI_ClearITPendingBit  stm32f4xx_dcmi.o
    0x08000514   0x00000024   Code   RO         2405    i.DCMI_Cmd          stm32f4xx_dcmi.o
    0x08000538   0x00000070   Code   RO          623    i.DCMI_DMA_Init     ov7670.o
    0x080005a8   0x0000001c   Code   RO         2408    i.DCMI_GetITStatus  stm32f4xx_dcmi.o
    0x080005c4   0x00000028   Code   RO          352    i.DCMI_IRQHandler   dgp.o
    0x080005ec   0x00000024   Code   RO         2409    i.DCMI_ITConfig     stm32f4xx_dcmi.o
    0x08000610   0x00000040   Code   RO         2410    i.DCMI_Init         stm32f4xx_dcmi.o
    0x08000650   0x0000001c   Code   RO          624    i.DCMI_Start        ov7670.o
    0x0800066c   0x00000016   Code   RO         2278    i.DMA_Cmd           stm32f4xx_dma.o
    0x08000682   0x00000002   PAD
    0x08000684   0x00000158   Code   RO         2279    i.DMA_DeInit        stm32f4xx_dma.o
    0x080007dc   0x00000014   Code   RO         2283    i.DMA_GetCmdStatus  stm32f4xx_dma.o
    0x080007f0   0x00000008   Code   RO         2284    i.DMA_GetCurrDataCounter  stm32f4xx_dma.o
    0x080007f8   0x00000058   Code   RO         2290    i.DMA_Init          stm32f4xx_dma.o
    0x08000850   0x00000004   Code   RO         2293    i.DMA_SetCurrDataCounter  stm32f4xx_dma.o
    0x08000854   0x000000e8   Code   RO          259    i.Data_Receive_Prepare_1  data_transfer.o
    0x0800093c   0x000000e8   Code   RO          260    i.Data_Receive_Prepare_2  data_transfer.o
    0x08000a24   0x000000c8   Code   RO          261    i.Data_Receive_deal  data_transfer.o
    0x08000aec   0x00000002   Code   RO          110    i.DebugMon_Handler  stm32f4xx_it.o
    0x08000aee   0x00000090   Code   RO         1002    i.GPIO_Init         stm32f4xx_gpio.o
    0x08000b7e   0x00000046   Code   RO         1003    i.GPIO_PinAFConfig  stm32f4xx_gpio.o
    0x08000bc4   0x00000004   Code   RO         1009    i.GPIO_ResetBits    stm32f4xx_gpio.o
    0x08000bc8   0x00000004   Code   RO         1010    i.GPIO_SetBits      stm32f4xx_gpio.o
    0x08000bcc   0x00000004   Code   RO          111    i.HardFault_Handler  stm32f4xx_it.o
    0x08000bd0   0x00000040   Code   RO          544    i.LED_GPIO_Conf     led.o
    0x08000c10   0x00000004   Code   RO          112    i.MemManage_Handler  stm32f4xx_it.o
    0x08000c14   0x00000002   Code   RO          113    i.NMI_Handler       stm32f4xx_it.o
    0x08000c16   0x00000002   PAD
    0x08000c18   0x00000078   Code   RO          776    i.NVIC_Init         misc.o
    0x08000c90   0x00000014   Code   RO          777    i.NVIC_PriorityGroupConfig  misc.o
    0x08000ca4   0x00000050   Code   RO          626    i.OV7670_Init       ov7670.o
    0x08000cf4   0x000000c8   Code   RO          627    i.OV7670_config_window  ov7670.o
    0x08000dbc   0x00000010   Code   RO          628    i.OV_ReadID         ov7670.o
    0x08000dcc   0x00000066   Code   RO          629    i.OV_ReadReg        ov7670.o
    0x08000e32   0x0000000c   Code   RO          630    i.OV_Reset          ov7670.o
    0x08000e3e   0x0000004e   Code   RO          631    i.OV_WriteReg       ov7670.o
    0x08000e8c   0x00000098   Code   RO          188    i.PID_Position      ctrl.o
    0x08000f24   0x00000002   Code   RO          114    i.PendSV_Handler    stm32f4xx_it.o
    0x08000f26   0x00000002   PAD
    0x08000f28   0x00000020   Code   RO         1279    i.RCC_AHB1PeriphClockCmd  stm32f4xx_rcc.o
    0x08000f48   0x00000020   Code   RO         1282    i.RCC_AHB2PeriphClockCmd  stm32f4xx_rcc.o
    0x08000f68   0x00000020   Code   RO         1288    i.RCC_APB1PeriphClockCmd  stm32f4xx_rcc.o
    0x08000f88   0x00000020   Code   RO         1291    i.RCC_APB2PeriphClockCmd  stm32f4xx_rcc.o
    0x08000fa8   0x000000e8   Code   RO         1300    i.RCC_GetClocksFreq  stm32f4xx_rcc.o
    0x08001090   0x0000001c   Code   RO         1311    i.RCC_MCO1Config    stm32f4xx_rcc.o
    0x080010ac   0x00000038   Code   RO          632    i.SCCB_Init         ov7670.o
    0x080010e4   0x00000058   Code   RO          633    i.SCCB_Read         ov7670.o
    0x0800113c   0x00000028   Code   RO          634    i.SCCB_SID_IN       ov7670.o
    0x08001164   0x00000030   Code   RO          635    i.SCCB_SID_OUT      ov7670.o
    0x08001194   0x00000044   Code   RO          636    i.SCCB_Start        ov7670.o
    0x080011d8   0x00000038   Code   RO          637    i.SCCB_Stop         ov7670.o
    0x08001210   0x000000a0   Code   RO          638    i.SCCB_Write        ov7670.o
    0x080012b0   0x00000002   Code   RO          115    i.SVC_Handler       stm32f4xx_it.o
    0x080012b2   0x00000002   PAD
    0x080012b4   0x00000070   Code   RO          263    i.Send_Back_Target  data_transfer.o
    0x08001324   0x00000014   Code   RO          264    i.Send_Data         data_transfer.o
    0x08001338   0x000000c0   Code   RO          265    i.Send_Front_Rc     data_transfer.o
    0x080013f8   0x00000070   Code   RO          266    i.Send_Front_Target  data_transfer.o
    0x08001468   0x00000074   Code   RO          267    i.Send_ready        data_transfer.o
    0x080014dc   0x000000ec   Code   RO         2546    i.SetSysClock       system_stm32f4xx.o
    0x080015c8   0x00000008   Code   RO          116    i.SysTick_Handler   stm32f4xx_it.o
    0x080015d0   0x0000006c   Code   RO          498    i.SysTick_Init      delay.o
    0x0800163c   0x00000068   Code   RO         2548    i.SystemInit        system_stm32f4xx.o
    0x080016a4   0x00000048   Code   RO          753    i.TIM3_IRQHandler   timer.o
    0x080016ec   0x0000005c   Code   RO          754    i.TIM3_Int_Init     timer.o
    0x08001748   0x00000006   Code   RO         1729    i.TIM_ClearITPendingBit  stm32f4xx_tim.o
    0x0800174e   0x00000018   Code   RO         1734    i.TIM_Cmd           stm32f4xx_tim.o
    0x08001766   0x00000022   Code   RO         1755    i.TIM_GetITStatus   stm32f4xx_tim.o
    0x08001788   0x00000012   Code   RO         1759    i.TIM_ITConfig      stm32f4xx_tim.o
    0x0800179a   0x00000002   PAD
    0x0800179c   0x00000084   Code   RO         1806    i.TIM_TimeBaseInit  stm32f4xx_tim.o
    0x08001820   0x00000018   Code   RO          499    i.TimeTick_Decrement  delay.o
    0x08001838   0x00000008   Code   RO          117    i.USART1_IRQHandler  stm32f4xx_it.o
    0x08001840   0x00000008   Code   RO          118    i.USART2_IRQHandler  stm32f4xx_it.o
    0x08001848   0x0000001e   Code   RO         1096    i.USART_ClearITPendingBit  stm32f4xx_usart.o
    0x08001866   0x00000020   Code   RO         1097    i.USART_ClockInit   stm32f4xx_usart.o
    0x08001886   0x00000018   Code   RO         1099    i.USART_Cmd         stm32f4xx_usart.o
    0x0800189e   0x00000054   Code   RO         1103    i.USART_GetITStatus  stm32f4xx_usart.o
    0x080018f2   0x0000004a   Code   RO         1105    i.USART_ITConfig    stm32f4xx_usart.o
    0x0800193c   0x000000d4   Code   RO         1106    i.USART_Init        stm32f4xx_usart.o
    0x08001a10   0x00000008   Code   RO         1116    i.USART_SendData    stm32f4xx_usart.o
    0x08001a18   0x00000004   Code   RO          119    i.UsageFault_Handler  stm32f4xx_it.o
    0x08001a1c   0x00000080   Code   RO          567    i.Usart1_IRQ        usart.o
    0x08001a9c   0x000000d4   Code   RO          568    i.Usart1_Init       usart.o
    0x08001b70   0x00000048   Code   RO          569    i.Usart1_Send       usart.o
    0x08001bb8   0x00000088   Code   RO          570    i.Usart2_IRQ        usart.o
    0x08001c40   0x000000f0   Code   RO          571    i.Usart2_Init       usart.o
    0x08001d30   0x0000000e   Code   RO         2631    i.__scatterload_copy  mc_w.l(handlers.o)
    0x08001d3e   0x00000002   Code   RO         2632    i.__scatterload_null  mc_w.l(handlers.o)
    0x08001d40   0x0000000e   Code   RO         2633    i.__scatterload_zeroinit  mc_w.l(handlers.o)
    0x08001d4e   0x00000002   PAD
    0x08001d50   0x00000038   Code   RO          189    i.back_duty         ctrl.o
    0x08001d88   0x0000006c   Code   RO          190    i.control_back_output  ctrl.o
    0x08001df4   0x0000006c   Code   RO          192    i.control_go_output  ctrl.o
    0x08001e60   0x00000068   Code   RO          193    i.control_go_roll   ctrl.o
    0x08001ec8   0x00000018   Code   RO          500    i.delay_1ms         delay.o
    0x08001ee0   0x00000014   Code   RO          501    i.delay_ms          delay.o
    0x08001ef4   0x00000014   Code   RO          502    i.delay_us          delay.o
    0x08001f08   0x00000030   Code   RO          195    i.front_duty        ctrl.o
    0x08001f38   0x000000a8   Code   RO          355    i.get_target2       dgp.o
    0x08001fe0   0x00000068   Code   RO          356    i.jpeg_data_process  dgp.o
    0x08002048   0x00000098   Code   RO            2    i.main              main.o
    0x080020e0   0x00000044   Code   RO          639    i.noAck             ov7670.o
    0x08002124   0x00000048   Code   RO          196    i.pid_set           ctrl.o
    0x0800216c   0x00000162   Data   RO          641    .constdata          ov7670.o
    0x080022ce   0x00000002   PAD
    0x080022d0   0x00000020   Data   RO         2629    Region$$Table       anon$$obj.o


    Execution Region RW_IRAM1 (Base: 0x20000000, Size: 0x0000e818, Max: 0x00020000, ABSOLUTE)

    Base Addr    Size         Type   Attr      Idx    E Section Name        Object

    0x20000000   0x0000001b   Data   RW          198    .data               ctrl.o
    0x2000001b   0x00000007   Data   RW          269    .data               data_transfer.o
    0x20000022   0x00000002   Data   RW          331    .data               init.o
    0x20000024   0x00000019   Data   RW          359    .data               dgp.o
    0x2000003d   0x00000003   PAD
    0x20000040   0x00000004   Data   RW          503    .data               delay.o
    0x20000044   0x00000004   Data   RW          574    .data               usart.o
    0x20000048   0x00000010   Data   RW         1323    .data               stm32f4xx_rcc.o
    0x20000058   0x00000014   Data   RW         2549    .data               system_stm32f4xx.o
    0x2000006c   0x00000050   Zero   RW          197    .bss                ctrl.o
    0x200000bc   0x0000005a   Zero   RW          268    .bss                data_transfer.o
    0x20000116   0x00000200   Zero   RW          573    .bss                usart.o
    0x20000316   0x00000002   PAD
    0x20000318   0x0000e100   Zero   RW          640    .bss                ov7670.o
    0x2000e418   0x00000400   Zero   RW         2578    STACK               startup_stm32f4xx.o


==============================================================================

Image component sizes


      Code (inc. data)   RO Data    RW Data    ZI Data      Debug   Object Name

       648         90          0         27         80       5262   ctrl.o
      1216         78          0          7         90       6459   data_transfer.o
       196         32          0          4          0      21489   delay.o
       312         20          0         25          0       3063   dgp.o
       132          8          0          2          0        833   init.o
        64          4          0          0          0        552   led.o
       152         32          0          0          0     277505   main.o
       140         24          0          0          0       1635   misc.o
      1776         86        354          0      57600      11872   ov7670.o
        36          8        392          0       1024        840   startup_stm32f4xx.o
       280         44          0          0          0       4994   stm32f4xx_dcmi.o
       486         26          0          0          0       5015   stm32f4xx_dma.o
       222          0          0          0          0       3019   stm32f4xx_gpio.o
        48          0          0          0          0       5342   stm32f4xx_it.o
       388         46          0         16          0       5777   stm32f4xx_rcc.o
       214         28          0          0          0       3842   stm32f4xx_tim.o
       464          8          0          0          0       5747   stm32f4xx_usart.o
       340         32          0         20          0       1957   system_stm32f4xx.o
       164         22          0          0          0       1198   timer.o
       788         66          0          4        512       4312   usart.o

    ----------------------------------------------------------------------
      8076        654        780        108      59308     370713   Object Totals
         0          0         32          0          0          0   (incl. Generated)
        10          0          2          3          2          0   (incl. Padding)

    ----------------------------------------------------------------------

      Code (inc. data)   RO Data    RW Data    ZI Data      Debug   Library Member Name

         0          0          0          0          0          0   entry.o
         0          0          0          0          0          0   entry10a.o
         0          0          0          0          0          0   entry11a.o
         8          4          0          0          0          0   entry2.o
         4          0          0          0          0          0   entry5.o
         0          0          0          0          0          0   entry7b.o
         0          0          0          0          0          0   entry8b.o
         8          4          0          0          0          0   entry9a.o
        30          0          0          0          0          0   handlers.o
        36          8          0          0          0         68   init.o

    ----------------------------------------------------------------------
        88         16          0          0          0         68   Library Totals
         2          0          0          0          0          0   (incl. Padding)

    ----------------------------------------------------------------------

      Code (inc. data)   RO Data    RW Data    ZI Data      Debug   Library Name

        86         16          0          0          0         68   mc_w.l

    ----------------------------------------------------------------------
        88         16          0          0          0         68   Library Totals

    ----------------------------------------------------------------------

==============================================================================


      Code (inc. data)   RO Data    RW Data    ZI Data      Debug   

      8164        670        780        108      59308     361685   Grand Totals
      8164        670        780        108      59308     361685   ELF Image Totals
      8164        670        780        108          0          0   ROM Totals

==============================================================================

    Total RO  Size (Code + RO Data)                 8944 (   8.73kB)
    Total RW  Size (RW Data + ZI Data)             59416 (  58.02kB)
    Total ROM Size (Code + RO Data + RW Data)       9052 (   8.84kB)

==============================================================================

